Archive member included to satisfy reference by file (symbol)

./../../../APP/SECRETKEY\libSecretKey.a(SecretKey.o)
                              output/obj/remote_control.o (SecretKey_Generate)
d:/environment/risc-v/riscv32-unknown-elf-gcc-8.3.0_rv32imafc_ilp32f_newlib/bin/../lib/gcc/riscv32-unknown-elf/8.3.0\libgcc.a(muldf3.o)
                              output/obj/ir_send.o (__muldf3)
d:/environment/risc-v/riscv32-unknown-elf-gcc-8.3.0_rv32imafc_ilp32f_newlib/bin/../lib/gcc/riscv32-unknown-elf/8.3.0\libgcc.a(fixunsdfsi.o)
                              output/obj/ir_send.o (__fixunsdfsi)
d:/environment/risc-v/riscv32-unknown-elf-gcc-8.3.0_rv32imafc_ilp32f_newlib/bin/../lib/gcc/riscv32-unknown-elf/8.3.0\libgcc.a(floatsidf.o)
                              output/obj/ir_send.o (__floatsidf)
d:/environment/risc-v/riscv32-unknown-elf-gcc-8.3.0_rv32imafc_ilp32f_newlib/bin/../lib/gcc/riscv32-unknown-elf/8.3.0\libgcc.a(save-restore.o)
                              output/obj/att.o (__riscv_save_12)
d:/environment/risc-v/riscv32-unknown-elf-gcc-8.3.0_rv32imafc_ilp32f_newlib/bin/../lib/gcc/riscv32-unknown-elf/8.3.0\libgcc.a(_clzsi2.o)
                              d:/environment/risc-v/riscv32-unknown-elf-gcc-8.3.0_rv32imafc_ilp32f_newlib/bin/../lib/gcc/riscv32-unknown-elf/8.3.0\libgcc.a(muldf3.o) (__clzsi2)
d:/environment/risc-v/riscv32-unknown-elf-gcc-8.3.0_rv32imafc_ilp32f_newlib/bin/../lib/gcc/riscv32-unknown-elf/8.3.0\libgcc.a(_clz.o)
                              d:/environment/risc-v/riscv32-unknown-elf-gcc-8.3.0_rv32imafc_ilp32f_newlib/bin/../lib/gcc/riscv32-unknown-elf/8.3.0\libgcc.a(_clzsi2.o) (__clz_tab)
d:/environment/risc-v/riscv32-unknown-elf-gcc-8.3.0_rv32imafc_ilp32f_newlib/bin/../lib/gcc/riscv32-unknown-elf/8.3.0/../../../../riscv32-unknown-elf/lib\libc.a(lib_a-memcmp.o)
                              output/obj/att.o (memcmp)
d:/environment/risc-v/riscv32-unknown-elf-gcc-8.3.0_rv32imafc_ilp32f_newlib/bin/../lib/gcc/riscv32-unknown-elf/8.3.0/../../../../riscv32-unknown-elf/lib\libc.a(lib_a-memcpy.o)
                              output/obj/yc11xx_ipc.o (memcpy)
d:/environment/risc-v/riscv32-unknown-elf-gcc-8.3.0_rv32imafc_ilp32f_newlib/bin/../lib/gcc/riscv32-unknown-elf/8.3.0/../../../../riscv32-unknown-elf/lib\libc.a(lib_a-memset.o)
                              output/obj/yc_debug.o (memset)

Allocating common symbols
Common symbol       size              file

gHaltLogFlag        0x2               output/obj/yc_debug.o
gFacStoreinfo       0xa               output/obj/yc_dev_bt.o
encrypt_state       0x1               output/obj/remote_control.o
prepareLen          0x1               output/obj/att.o
voice_status        0x4               output/obj/audio.o
EncMaxShiftCounter  0x2               output/obj/sbc_encoder.o
gHaltLogValue       0x2               output/obj/yc_debug.o
gOsEnterCriticalCnt
                    0x2               output/obj/yc11xx.o
prepareHandle       0x1               output/obj/att.o
txptr               0x4               output/obj/yc_debug.o
gHciDataDebug       0x18              output/obj/yc11xx_dev_bt_data_trans.o
gRecinfo            0x3d              output/obj/yc_dev_bt.o

Discarded input sections

 .text          0x0000000000000000        0x0 output/obj/main.o
 .data          0x0000000000000000        0x0 output/obj/main.o
 .bss           0x0000000000000000        0x0 output/obj/main.o
 .text.bt_task_run
                0x0000000000000000       0x18 output/obj/main.o
 .text          0x0000000000000000        0x0 output/obj/yc_debug.o
 .data          0x0000000000000000        0x0 output/obj/yc_debug.o
 .bss           0x0000000000000000        0x0 output/obj/yc_debug.o
 .text.write_long_value
                0x0000000000000000       0x1c output/obj/yc_debug.o
 .text.print_round_buffer
                0x0000000000000000       0x74 output/obj/yc_debug.o
 .text.print_log_buffer_is_empty
                0x0000000000000000       0x44 output/obj/yc_debug.o
 .text.print_log
                0x0000000000000000       0x64 output/obj/yc_debug.o
 .text.print_log_get_lock
                0x0000000000000000       0x32 output/obj/yc_debug.o
 .text.print_log_free_lock
                0x0000000000000000        0xe output/obj/yc_debug.o
 .text.print_protocol_to_uart
                0x0000000000000000       0x7e output/obj/yc_debug.o
 .text.print_hci_h4_to_uart_raw
                0x0000000000000000       0x7a output/obj/yc_debug.o
 .text.print_hci_h4_to_uart
                0x0000000000000000       0x24 output/obj/yc_debug.o
 .text.print_string_empty_fuction
                0x0000000000000000       0x14 output/obj/yc_debug.o
 .text.print_format_string_buffer
                0x0000000000000000       0x18 output/obj/yc_debug.o
 .text.print_format_string
                0x0000000000000000      0x270 output/obj/yc_debug.o
 .rodata.g_pcHex2.3231
                0x0000000000000000        0x4 output/obj/yc_debug.o
 .rodata.g_pcHex1.3230
[...]
Memory Configuration

Name             Origin             Length             Attributes
*default*        0x0000000000000000 0xffffffffffffffff

Linker script and memory map

LOAD output/obj/main.o
LOAD output/obj/yc_debug.o
LOAD output/obj/yc_nvic.o
LOAD output/obj/yc11xx.o
LOAD output/obj/malloc.o
LOAD output/obj/software_timer.o
LOAD output/obj/yc11xx_bt_interface.o
LOAD output/obj/yc11xx_ipc.o
LOAD output/obj/yc11xx_audio_adc.o
LOAD output/obj/yc11xx_gpio.o
LOAD output/obj/yc11xx_iwdg.o
LOAD output/obj/yc11xx_qspi.o
LOAD output/obj/yc11xx_qspi0.o
LOAD output/obj/yc11xx_spi.o
LOAD output/obj/yc11xx_systick.o
LOAD output/obj/yc11xx_timer.o
LOAD output/obj/yc11xx_uart.o
LOAD output/obj/yc11xx_lpm.o
LOAD output/obj/yc11xx_pwm.o
LOAD output/obj/yc11xx_iic.o
LOAD output/obj/yc11xx_dev_bt_aap.o
LOAD output/obj/yc11xx_dev_bt_data_trans.o
LOAD output/obj/yc11xx_dev_qspi.o
LOAD output/obj/yc_dev_bt.o
LOAD output/obj/yc_ota.o
LOAD output/obj/hci_dtm_test.o
LOAD output/obj/att.o
LOAD output/obj/flash.o
LOAD output/obj/app_queue.o
LOAD output/obj/app_sleep.o
LOAD output/obj/vbat.o
LOAD output/obj/keyscan.o
LOAD output/obj/led.o
LOAD output/obj/ir_send.o
LOAD output/obj/ir_load.o
LOAD output/obj/ir_lib.o
LOAD output/obj/audio.o
LOAD output/obj/sbc_encoder.o
LOAD output/obj/hd_sbc.o
LOAD output/obj/sbc_dct_coeffs.o
LOAD output/obj/sbc_enc_bit_alloc_mono.o
LOAD output/obj/sbc_enc_coeffs.o
LOAD output/obj/sbc_analysis.o
LOAD output/obj/sbc_enc_bit_alloc_ste.o
LOAD output/obj/sbc_dct.o
LOAD output/obj/sbc_packing.o
LOAD output/obj/remote_control.o
LOAD output/obj/att_list.o
LOAD output/obj/startup_rv32.o
LOAD ./../../../APP/SECRETKEY\libSecretKey.a
LOAD d:/environment/risc-v/riscv32-unknown-elf-gcc-8.3.0_rv32imafc_ilp32f_newlib/bin/../lib/gcc/riscv32-unknown-elf/8.3.0\libgcc.a
START GROUP
LOAD d:/environment/risc-v/riscv32-unknown-elf-gcc-8.3.0_rv32imafc_ilp32f_newlib/bin/../lib/gcc/riscv32-unknown-elf/8.3.0/../../../../riscv32-unknown-elf/lib\libc.a
LOAD d:/environment/risc-v/riscv32-unknown-elf-gcc-8.3.0_rv32imafc_ilp32f_newlib/bin/../lib/gcc/riscv32-unknown-elf/8.3.0/../../../../riscv32-unknown-elf/lib\libgloss.a
END GROUP
LOAD d:/environment/risc-v/riscv32-unknown-elf-gcc-8.3.0_rv32imafc_ilp32f_newlib/bin/../lib/gcc/riscv32-unknown-elf/8.3.0\libgcc.a
                0x0000000001000000                . = 0x1000000

.text           0x0000000001000000      0x688
 *startup_rv32.o()
 .text          0x0000000001000000        0x0 output/obj/startup_rv32.o
 .data          0x0000000001000000        0x0 output/obj/startup_rv32.o
 .bss           0x0000000001000000        0x0 output/obj/startup_rv32.o
 .text.startup  0x0000000001000000      0x14c output/obj/startup_rv32.o
                0x0000000001000096                disable_mie
                0x000000000100009e                enable_mie
                0x00000000010000a8                Default_IRQHandler
 *fill*         0x000000000100014c       0x34 
 .text.trap     0x0000000001000180      0x160 output/obj/startup_rv32.o
                0x0000000001000180                trap
                0x00000000010001d8                lpo_delay
                0x00000000010001de                trap_c
                0x0000000001000200                NMI_Handler
                0x0000000001000200                UART_IRQHandler
                0x0000000001000200                SBC_ERR1_IRQHandl
                0x0000000001000200                SBC_ERR0_IRQHandl
                0x0000000001000200                UARTB_IRQHandler
                0x0000000001000200                PWM3_IRQHandler
                0x0000000001000200                IIS_IRQHandler
                0x0000000001000200                BT_IRQHandler
                0x0000000001000200                PWM1_IRQHandler
                0x0000000001000200                SPI_IRQHandler
                0x0000000001000200                PWM5_IRQHandler
                0x0000000001000200                PWM2_IRQHandler
                0x0000000001000200                Default_Handler
                0x0000000001000200                QSPI1_IRQHandler
                0x0000000001000200                ADC_IRQHandler
                0x0000000001000200                PWM4_IRQHandler
                0x0000000001000200                USB_IRQHandler
                0x0000000001000200                IIC_IRQHandler
                0x0000000001000200                IICD1_IRQHandler
                0x0000000001000200                PWM7_IRQHandler
                0x0000000001000200                SDMA_IRQHandler
                0x0000000001000200                WDT_IRQHandler
                0x0000000001000200                DEB_IRQHandler
                0x0000000001000200                QSPI2_IRQHandler
                0x0000000001000200                PWM0_IRQHandler
                0x0000000001000200                HOST_IRQHandler
                0x0000000001000200                DMA_IRQHandler
                0x0000000001000200                SD_IRQHandler
                0x0000000001000200                WDT2_IRQHandler
                0x0000000001000200                QSPI_IRQHandler
                0x0000000001000200                PWM6_IRQHandler
                0x0000000001000200                FFT_IRQHandler
                0x0000000001000200                GPIO_IRQHandler
 .debug_line    0x00000000010002e0      0x2a7 output/obj/startup_rv32.o
 .debug_info    0x0000000001000587       0x22 output/obj/startup_rv32.o
 .debug_abbrev  0x00000000010005a9       0x12 output/obj/startup_rv32.o
 *fill*         0x00000000010005bb        0x5 
 .debug_aranges
                0x00000000010005c0       0x28 output/obj/startup_rv32.o
 .debug_str     0x00000000010005e8       0x79 output/obj/startup_rv32.o
 *fill*         0x0000000001000661        0x7 
 .debug_ranges  0x0000000001000668       0x20 output/obj/startup_rv32.o
                0x0000000001001000                . = 0x1001000

.text1          0x0000000001001000     0xc884
 *(.text*)
 .text.bt_init  0x0000000001001000       0x52 output/obj/main.o
 .text.chip_task_run
                0x0000000001001052       0x1a output/obj/main.o
 .text.chip_init
                0x000000000100106c       0x36 output/obj/main.o
 .text.startup.main
                0x00000000010010a2       0x18 output/obj/main.o
                0x00000000010010a2                main
 .text.uart_txBuffer
                0x00000000010010ba       0x1c output/obj/yc_debug.o
                0x00000000010010ba                uart_txBuffer
 .text.uart_txChar
                0x00000000010010d6       0x7c output/obj/yc_debug.o
                0x00000000010010d6                uart_txChar
 .text.init_debugUart
                0x0000000001001152       0xc6 output/obj/yc_debug.o
                0x0000000001001152                init_debugUart
 .text.debugUart_pollTx
                0x0000000001001218        0xa output/obj/yc_debug.o
                0x0000000001001218                debugUart_pollTx
 .text.yichip_debug_uart_protocol
                0x0000000001001222       0x32 output/obj/yc_debug.o
                0x0000000001001222                yichip_debug_uart_protocol
 .text.init_print_log
                0x0000000001001254      0x142 output/obj/yc_debug.o
                0x0000000001001254                init_print_log
 .text.print_log_to_uart
                0x0000000001001396       0xfa output/obj/yc_debug.o
                0x0000000001001396                print_log_to_uart
 .text.print_string_to_uart
                0x0000000001001490       0x48 output/obj/yc_debug.o
                0x0000000001001490                print_string_to_uart
 .text.print_string
                0x00000000010014d8       0x34 output/obj/yc_debug.o
                0x00000000010014d8                print_string
 .text.print_string_log_raw
                0x000000000100150c      0x24c output/obj/yc_debug.o
                0x000000000100150c                print_string_log_raw
 .text.print_string_log
                0x0000000001001758       0x30 output/obj/yc_debug.o
                0x0000000001001758                print_string_log
 .text.RV_EnableIRQ
                0x0000000001001788       0x2c output/obj/yc_nvic.o
                0x0000000001001788                RV_EnableIRQ
 .text.RV_DisableIRQ
                0x00000000010017b4       0x2c output/obj/yc_nvic.o
                0x00000000010017b4                RV_DisableIRQ
 .text.RV_SetPriority
                0x00000000010017e0       0x34 output/obj/yc_nvic.o
                0x00000000010017e0                RV_SetPriority
 .text.NVIC_Configuration
                0x0000000001001814       0x22 output/obj/yc_nvic.o
                0x0000000001001814                NVIC_Configuration
 .text.xmemcpy  0x0000000001001836       0x2c output/obj/yc11xx.o
                0x0000000001001836                xmemcpy
 .text._assert_handler
                0x0000000001001862        0x2 output/obj/yc11xx.o
                0x0000000001001862                _assert_handler
 .text.xramcmp  0x0000000001001864       0x32 output/obj/yc11xx.o
                0x0000000001001864                xramcmp
 .text.CoreReg_ClkControl
                0x0000000001001896       0x82 output/obj/yc11xx.o
                0x0000000001001896                CoreReg_ClkControl
 .text.SetLockLpmWriteReg
                0x0000000001001918       0x30 output/obj/yc11xx.o
                0x0000000001001918                SetLockLpmWriteReg
 .text.SetReleaseLpmWriteReg
                0x0000000001001948        0xa output/obj/yc11xx.o
                0x0000000001001948                SetReleaseLpmWriteReg
 .text.CoreReg_LpmWriteCommon
                0x0000000001001952       0x84 output/obj/yc11xx.o
                0x0000000001001952                CoreReg_LpmWriteCommon
 .text.CoreReg_LpmWrite2
                0x00000000010019d6       0x10 output/obj/yc11xx.o
                0x00000000010019d6                CoreReg_LpmWrite2
 .text.CoreReg_LpmWrite2LdoControl
                0x00000000010019e6        0xc output/obj/yc11xx.o
                0x00000000010019e6                CoreReg_LpmWrite2LdoControl
 .text.Audio_AdcDSMDIV_12MConfig
                0x00000000010019f2       0x44 output/obj/yc11xx.o
                0x00000000010019f2                Audio_AdcDSMDIV_12MConfig
 .text.Audio_AdcDSMDIV_12MEnable
                0x0000000001001a36       0x2e output/obj/yc11xx.o
                0x0000000001001a36                Audio_AdcDSMDIV_12MEnable
 .text.Audio_AdcDSMDIV_11MConfig
                0x0000000001001a64       0x44 output/obj/yc11xx.o
                0x0000000001001a64                Audio_AdcDSMDIV_11MConfig
 .text.Audio_AdcDSMDIV_11MEnable
                0x0000000001001aa8       0x2e output/obj/yc11xx.o
                0x0000000001001aa8                Audio_AdcDSMDIV_11MEnable
 .text.Audio_ClkInit
                0x0000000001001ad6       0x30 output/obj/yc11xx.o
                0x0000000001001ad6                Audio_ClkInit
 .text.wait_lpodelay
                0x0000000001001b06       0x22 output/obj/yc11xx.o
                0x0000000001001b06                wait_lpodelay
 .text.SYS_RESET
                0x0000000001001b28        0xc output/obj/yc11xx.o
                0x0000000001001b28                SYS_RESET
 .text.prvInsertBlockIntoFreeList
                0x0000000001001b34       0x4c output/obj/malloc.o
 .text.Memory_Malloc
                0x0000000001001b80       0xc8 output/obj/malloc.o
                0x0000000001001b80                Memory_Malloc
 .text.Memory_Free
                0x0000000001001c48       0x46 output/obj/malloc.o
                0x0000000001001c48                Memory_Free
 .text.Memory_InitHeap
                0x0000000001001c8e       0x3c output/obj/malloc.o
                0x0000000001001c8e                Memory_InitHeap
 .text.swtimer_task
                0x0000000001001cca       0x98 output/obj/software_timer.o
 .text.swtimer_restart
                0x0000000001001d62       0x46 output/obj/software_timer.o
                0x0000000001001d62                swtimer_restart
 .text.swtimer_stop
                0x0000000001001da8       0x40 output/obj/software_timer.o
                0x0000000001001da8                swtimer_stop
 .text.swtimer_start
                0x0000000001001de8       0x74 output/obj/software_timer.o
                0x0000000001001de8                swtimer_start
 .text.swtimer_add
                0x0000000001001e5c       0x60 output/obj/software_timer.o
                0x0000000001001e5c                swtimer_add
 .text.software_timer_stop
                0x0000000001001ebc       0x14 output/obj/software_timer.o
                0x0000000001001ebc                software_timer_stop
 .text.software_timer_start
                0x0000000001001ed0       0x1c output/obj/software_timer.o
                0x0000000001001ed0                software_timer_start
 .text.Bt_SndCmdPwroff
                0x0000000001001eec        0xe output/obj/yc11xx_bt_interface.o
                0x0000000001001eec                Bt_SndCmdPwroff
 .text.MedianFilter
                0x0000000001001efa       0x5a output/obj/yc11xx_bt_interface.o
                0x0000000001001efa                MedianFilter
 .text.ipcRx    0x0000000001001f54      0x162 output/obj/yc11xx_ipc.o
 .text.ipcTx    0x00000000010020b6      0x162 output/obj/yc11xx_ipc.o
 .text.IPC_IsTxBuffEmpty
                0x0000000001002218      0x160 output/obj/yc11xx_ipc.o
                0x0000000001002218                IPC_IsTxBuffEmpty
 .text.IPC_IsRxBuffEmpty
                0x0000000001002378      0x160 output/obj/yc11xx_ipc.o
                0x0000000001002378                IPC_IsRxBuffEmpty
 .text.IPC_TxBufferIsEnough
                0x00000000010024d8      0x1ee output/obj/yc11xx_ipc.o
                0x00000000010024d8                IPC_TxBufferIsEnough
 .text.IPC_TxCommon
                0x00000000010026c6       0x96 output/obj/yc11xx_ipc.o
                0x00000000010026c6                IPC_TxCommon
 .text.IPC_TxControlCmd
                0x000000000100275c       0x6a output/obj/yc11xx_ipc.o
                0x000000000100275c                IPC_TxControlCmd
 .text.IPC_TxAclCmd
                0x00000000010027c6       0x6a output/obj/yc11xx_ipc.o
                0x00000000010027c6                IPC_TxAclCmd
 .text.IPC_HandleRxPacket
                0x0000000001002830       0x88 output/obj/yc11xx_ipc.o
                0x0000000001002830                IPC_HandleRxPacket
 .text.IpcDefaultCallBack
                0x00000000010028b8       0x12 output/obj/yc11xx_ipc.o
                0x00000000010028b8                IpcDefaultCallBack
 .text.IPC_Init
                0x00000000010028ca        0xa output/obj/yc11xx_ipc.o
                0x00000000010028ca                IPC_Init
 .text.AUDIO_AdcInit
                0x00000000010028d4      0x32a output/obj/yc11xx_audio_adc.o
                0x00000000010028d4                AUDIO_AdcInit
 .text.AUDIO_AdcFilterInit
                0x0000000001002bfe      0x138 output/obj/yc11xx_audio_adc.o
                0x0000000001002bfe                AUDIO_AdcFilterInit
 .text.AUDIO_AdcDmaSet
                0x0000000001002d36       0x1a output/obj/yc11xx_audio_adc.o
                0x0000000001002d36                AUDIO_AdcDmaSet
 .text.AUDIO_AdcStop
                0x0000000001002d50       0x14 output/obj/yc11xx_audio_adc.o
                0x0000000001002d50                AUDIO_AdcStop
 .text.AUDIO_AdcHPFInit
                0x0000000001002d64       0x36 output/obj/yc11xx_audio_adc.o
                0x0000000001002d64                AUDIO_AdcHPFInit
 .text.AUDIO_AdcHPFEnable
                0x0000000001002d9a       0x16 output/obj/yc11xx_audio_adc.o
                0x0000000001002d9a                AUDIO_AdcHPFEnable
 .text.AUDIO_AdcHPFClr
                0x0000000001002db0       0x2a output/obj/yc11xx_audio_adc.o
                0x0000000001002db0                AUDIO_AdcHPFClr
 .text.AUDIO_AdcVolConfig
                0x0000000001002dda       0x50 output/obj/yc11xx_audio_adc.o
                0x0000000001002dda                AUDIO_AdcVolConfig
 .text.AUDIO_AdcAnaDiffConfig
                0x0000000001002e2a      0x236 output/obj/yc11xx_audio_adc.o
                0x0000000001002e2a                AUDIO_AdcAnaDiffConfig
 .text.AUDIO_AdcAnaSENoCapacitor
                0x0000000001003060      0x24e output/obj/yc11xx_audio_adc.o
                0x0000000001003060                AUDIO_AdcAnaSENoCapacitor
 .text.AUDIO_AdcAnaSEWithCapacitor
                0x00000000010032ae      0x234 output/obj/yc11xx_audio_adc.o
                0x00000000010032ae                AUDIO_AdcAnaSEWithCapacitor
 .text.AUDIO_AdcAnaVcomConfig
                0x00000000010034e2      0x1d8 output/obj/yc11xx_audio_adc.o
                0x00000000010034e2                AUDIO_AdcAnaVcomConfig
 .text.AUDIO_AdcAnaStop
                0x00000000010036ba       0x32 output/obj/yc11xx_audio_adc.o
                0x00000000010036ba                AUDIO_AdcAnaStop
 .text.GPIO_Init
                0x00000000010036ec       0x50 output/obj/yc11xx_gpio.o
                0x00000000010036ec                GPIO_Init
 .text.GPIO_ReadDataBit
                0x000000000100373c       0xb8 output/obj/yc11xx_gpio.o
                0x000000000100373c                GPIO_ReadDataBit
 .text.GPIO_WakeUp
                0x00000000010037f4      0x290 output/obj/yc11xx_gpio.o
                0x00000000010037f4                GPIO_WakeUp
 .text.IWDG_SetReload
                0x0000000001003a84       0x28 output/obj/yc11xx_iwdg.o
                0x0000000001003a84                IWDG_SetReload
 .text.IWDG_ReloadCounter
                0x0000000001003aac        0xa output/obj/yc11xx_iwdg.o
                0x0000000001003aac                IWDG_ReloadCounter
 .text.prefetch
                0x0000000001003ab6       0x14 output/obj/yc11xx_qspi0.o
                0x0000000001003ab6                prefetch
 .text.qspi0_dma_start
                0x0000000001003aca       0x54 output/obj/yc11xx_qspi0.o
 .text.qspi0_dma_wait
                0x0000000001003b1e       0x1e output/obj/yc11xx_qspi0.o
 .text.qspi0_write
                0x0000000001003b3c       0x3c output/obj/yc11xx_qspi0.o
 .text.qspi0_read_write
                0x0000000001003b78       0x38 output/obj/yc11xx_qspi0.o
 .text.qspi0_flash_cmd
                0x0000000001003bb0       0x16 output/obj/yc11xx_qspi0.o
 .text.qspi0_flash_readstatus1
                0x0000000001003bc6       0x1c output/obj/yc11xx_qspi0.o
 .text.qspi0_flash_readstatus2
                0x0000000001003be2       0x1e output/obj/yc11xx_qspi0.o
 .text.qspi0_flash_waitfinish
                0x0000000001003c00       0x34 output/obj/yc11xx_qspi0.o
 .text.qspi0_flash_writestatus
                0x0000000001003c34       0x32 output/obj/yc11xx_qspi0.o
 .text.qspi0_flash_writeenable
                0x0000000001003c66        0xc output/obj/yc11xx_qspi0.o
 .text._qspi0_flash_write
                0x0000000001003c72       0xa2 output/obj/yc11xx_qspi0.o
 .text._qspi0_flash_erase
                0x0000000001003d14       0x46 output/obj/yc11xx_qspi0.o
 .text._qspi0_flash_read
                0x0000000001003d5a       0xde output/obj/yc11xx_qspi0.o
 .text.qspi0_flash_sectorerase
                0x0000000001003e38       0x24 output/obj/yc11xx_qspi0.o
                0x0000000001003e38                qspi0_flash_sectorerase
 .text.qspi0_flash_write
                0x0000000001003e5c       0x2c output/obj/yc11xx_qspi0.o
                0x0000000001003e5c                qspi0_flash_write
 .text.qspi0_flash_read
                0x0000000001003e88       0x30 output/obj/yc11xx_qspi0.o
                0x0000000001003e88                qspi0_flash_read
 .text.qspi0_flash_arealock
                0x0000000001003eb8       0x5c output/obj/yc11xx_qspi0.o
                0x0000000001003eb8                qspi0_flash_arealock
 .text.qspi0_flashwrite_lock
                0x0000000001003f14       0x26 output/obj/yc11xx_qspi0.o
                0x0000000001003f14                qspi0_flashwrite_lock
 .text.SysTick_Config
                0x0000000001003f3a       0x2c output/obj/yc11xx_systick.o
                0x0000000001003f3a                SysTick_Config
 .text.SysTick_TimerGet1usTicks
                0x0000000001003f66       0x28 output/obj/yc11xx_systick.o
                0x0000000001003f66                SysTick_TimerGet1usTicks
 .text.SysTick_IrqInit
                0x0000000001003f8e       0x48 output/obj/yc11xx_systick.o
                0x0000000001003f8e                SysTick_IrqInit
 .text.System_LdoCoreVsel
                0x0000000001003fd6       0x58 output/obj/yc11xx_systick.o
                0x0000000001003fd6                System_LdoCoreVsel
 .text.System_ChangeDPLL
                0x000000000100402e       0x40 output/obj/yc11xx_systick.o
                0x000000000100402e                System_ChangeDPLL
 .text.System_ChangeXtal24M
                0x000000000100406e       0x2c output/obj/yc11xx_systick.o
                0x000000000100406e                System_ChangeXtal24M
 .text.System_WorkClockGet
                0x000000000100409a       0x5e output/obj/yc11xx_systick.o
                0x000000000100409a                System_WorkClockGet
 .text.SysTick_DelayMs
                0x00000000010040f8       0x12 output/obj/yc11xx_systick.o
                0x00000000010040f8                SysTick_DelayMs
 .text.SysTick_DelayUs
                0x000000000100410a       0x44 output/obj/yc11xx_systick.o
                0x000000000100410a                SysTick_DelayUs
 .text.RV_TM_IRQHandler
                0x000000000100414e       0x18 output/obj/yc11xx_systick.o
                0x000000000100414e                RV_TM_IRQHandler
 .text.TIM_Init
                0x0000000001004166      0x15a output/obj/yc11xx_timer.o
                0x0000000001004166                TIM_Init
 .text.TIM_Cmd  0x00000000010042c0       0x4c output/obj/yc11xx_timer.o
                0x00000000010042c0                TIM_Cmd
 .text.Lpm_SleepWork
                0x000000000100430c       0x18 output/obj/yc11xx_lpm.o
                0x000000000100430c                Lpm_SleepWork
 .text.Lpm_GetWakeFlag
                0x0000000001004324        0xa output/obj/yc11xx_lpm.o
                0x0000000001004324                Lpm_GetWakeFlag
 .text.Lpm_CheckLpmFlag
                0x000000000100432e       0x24 output/obj/yc11xx_lpm.o
                0x000000000100432e                Lpm_CheckLpmFlag
 .text.Lpm_PollingWork
                0x0000000001004352       0x96 output/obj/yc11xx_lpm.o
                0x0000000001004352                Lpm_PollingWork
 .text.Lpm_unLockLpm
                0x00000000010043e8       0x2e output/obj/yc11xx_lpm.o
                0x00000000010043e8                Lpm_unLockLpm
 .text.Lpm_LockLpm
                0x0000000001004416       0x2a output/obj/yc11xx_lpm.o
                0x0000000001004416                Lpm_LockLpm
 .text.Lpm_EnableSet
                0x0000000001004440        0xa output/obj/yc11xx_lpm.o
                0x0000000001004440                Lpm_EnableSet
 .text.PWM_Config
                0x000000000100444a       0x4c output/obj/yc11xx_pwm.o
                0x000000000100444a                PWM_Config
 .text.PWM_DisConfig
                0x0000000001004496       0x18 output/obj/yc11xx_pwm.o
                0x0000000001004496                PWM_DisConfig
 .text.App_AAPSwichModeRsp
                0x00000000010044ae       0x3e output/obj/yc11xx_dev_bt_aap.o
                0x00000000010044ae                App_AAPSwichModeRsp
 .text.App_EvtAAPCallBack
                0x00000000010044ec      0x116 output/obj/yc11xx_dev_bt_aap.o
                0x00000000010044ec                App_EvtAAPCallBack
 .text.Bt_HciFifo_Init
                0x0000000001004602       0x42 output/obj/yc11xx_dev_bt_data_trans.o
                0x0000000001004602                Bt_HciFifo_Init
 .text.Bt_HciFifoIn
                0x0000000001004644       0x46 output/obj/yc11xx_dev_bt_data_trans.o
                0x0000000001004644                Bt_HciFifoIn
 .text.Bt_HciFifoOut
                0x000000000100468a       0x44 output/obj/yc11xx_dev_bt_data_trans.o
                0x000000000100468a                Bt_HciFifoOut
 .text.Bt_HciGetUsedBufferNum
                0x00000000010046ce        0xe output/obj/yc11xx_dev_bt_data_trans.o
                0x00000000010046ce                Bt_HciGetUsedBufferNum
 .text.Bt_HciCheckBufferFull
                0x00000000010046dc       0x34 output/obj/yc11xx_dev_bt_data_trans.o
                0x00000000010046dc                Bt_HciCheckBufferFull
 .text.Bt_HciWaitBufferElement
                0x0000000001004710        0xe output/obj/yc11xx_dev_bt_data_trans.o
                0x0000000001004710                Bt_HciWaitBufferElement
 .text.Bt_SndToBtData
                0x000000000100471e      0x126 output/obj/yc11xx_dev_bt_data_trans.o
                0x000000000100471e                Bt_SndToBtData
 .text.Bt_SndDataToRespin
                0x0000000001004844       0x56 output/obj/yc11xx_dev_bt_data_trans.o
                0x0000000001004844                Bt_SndDataToRespin
 .text.Bt_BleSendData
                0x000000000100489a       0x2c output/obj/yc11xx_dev_bt_data_trans.o
                0x000000000100489a                Bt_BleSendData
 .text.Bt_ParseRcvBLEPacket
                0x00000000010048c6       0x56 output/obj/yc11xx_dev_bt_data_trans.o
                0x00000000010048c6                Bt_ParseRcvBLEPacket
 .text.Bt_ParseBLEL2capPacket
                0x000000000100491c       0x18 output/obj/yc11xx_dev_bt_data_trans.o
                0x000000000100491c                Bt_ParseBLEL2capPacket
 .text.Bt_ParseRcvSPPPacket
                0x0000000001004934       0x7a output/obj/yc11xx_dev_bt_data_trans.o
                0x0000000001004934                Bt_ParseRcvSPPPacket
 .text.Bt_DataBufferCallBack
                0x00000000010049ae      0x158 output/obj/yc11xx_dev_bt_data_trans.o
                0x00000000010049ae                Bt_DataBufferCallBack
 .text.SetLockQSPI
                0x0000000001004b06       0x30 output/obj/yc11xx_dev_qspi.o
                0x0000000001004b06                SetLockQSPI
 .text.SetReleaseQSPI
                0x0000000001004b36        0xa output/obj/yc11xx_dev_qspi.o
                0x0000000001004b36                SetReleaseQSPI
 .text.QSPI_ReadFlashData
                0x0000000001004b40       0x54 output/obj/yc11xx_dev_qspi.o
                0x0000000001004b40                QSPI_ReadFlashData
 .text.QSPI_WriteFlashData
                0x0000000001004b94       0x5c output/obj/yc11xx_dev_qspi.o
                0x0000000001004b94                QSPI_WriteFlashData
 .text.QSPI_SectorEraseFlash
                0x0000000001004bf0       0x50 output/obj/yc11xx_dev_qspi.o
                0x0000000001004bf0                QSPI_SectorEraseFlash
 .text.QSPI_WritePageFlashData
                0x0000000001004c40       0xc6 output/obj/yc11xx_dev_qspi.o
                0x0000000001004c40                QSPI_WritePageFlashData
 .text.QSPI_FlashWriteLock
                0x0000000001004d06       0x48 output/obj/yc11xx_dev_qspi.o
                0x0000000001004d06                QSPI_FlashWriteLock
 .text.Dev_WakeUp
                0x0000000001004d4e        0xc output/obj/yc_dev_bt.o
                0x0000000001004d4e                Dev_WakeUp
 .text.PAIR_FAIL
                0x0000000001004d5a        0x2 output/obj/yc_dev_bt.o
                0x0000000001004d5a                PAIR_FAIL
 .text.bt_check_save_connect_info
                0x0000000001004d5c       0x72 output/obj/yc_dev_bt.o
                0x0000000001004d5c                bt_check_save_connect_info
 .text.bt_state_init
                0x0000000001004dce       0x88 output/obj/yc_dev_bt.o
                0x0000000001004dce                bt_state_init
 .text.bt_set_local_dle
                0x0000000001004e56       0x3e output/obj/yc_dev_bt.o
                0x0000000001004e56                bt_set_local_dle
 .text.bt_set_ce_length_num
                0x0000000001004e94        0xa output/obj/yc_dev_bt.o
                0x0000000001004e94                bt_set_ce_length_num
 .text.bt_set_auth_for_security_req
                0x0000000001004e9e        0xa output/obj/yc_dev_bt.o
                0x0000000001004e9e                bt_set_auth_for_security_req
 .text.bt_update_dle
                0x0000000001004ea8       0x12 output/obj/yc_dev_bt.o
                0x0000000001004ea8                bt_update_dle
 .text.bt_renew_scan_rsp
                0x0000000001004eba       0x36 output/obj/yc_dev_bt.o
                0x0000000001004eba                bt_renew_scan_rsp
 .text.bt_start_le_adv
                0x0000000001004ef0      0x106 output/obj/yc_dev_bt.o
                0x0000000001004ef0                bt_start_le_adv
 .text.bt_le_conn_updata_param_req
                0x0000000001004ff6       0x68 output/obj/yc_dev_bt.o
                0x0000000001004ff6                bt_le_conn_updata_param_req
 .text.bt_set_le_mtu_size
                0x000000000100505e       0x14 output/obj/yc_dev_bt.o
                0x000000000100505e                bt_set_le_mtu_size
 .text.bt_disable_le_tx_md
                0x0000000001005072       0x10 output/obj/yc_dev_bt.o
                0x0000000001005072                bt_disable_le_tx_md
 .text.bt_enable_le_tx_md
                0x0000000001005082       0x10 output/obj/yc_dev_bt.o
                0x0000000001005082                bt_enable_le_tx_md
 .text.bt_get_le_state
                0x0000000001005092        0xa output/obj/yc_dev_bt.o
                0x0000000001005092                bt_get_le_state
 .text.bt_set_le_state
                0x000000000100509c        0xa output/obj/yc_dev_bt.o
                0x000000000100509c                bt_set_le_state
 .text.bt_check_le_connected
                0x00000000010050a6       0x10 output/obj/yc_dev_bt.o
                0x00000000010050a6                bt_check_le_connected
 .text.bt_send_le_disconnect
                0x00000000010050b6       0x16 output/obj/yc_dev_bt.o
                0x00000000010050b6                bt_send_le_disconnect
 .text.bt_enable_le_latecy
                0x00000000010050cc       0x10 output/obj/yc_dev_bt.o
                0x00000000010050cc                bt_enable_le_latecy
 .text.bt_set_adv_random
                0x00000000010050dc       0x1a output/obj/yc_dev_bt.o
                0x00000000010050dc                bt_set_adv_random
 .text.bt_set_tx_power
                0x00000000010050f6        0xa output/obj/yc_dev_bt.o
                0x00000000010050f6                bt_set_tx_power
 .text.bt_set_lpm_overhead_wake_time
                0x0000000001005100        0xe output/obj/yc_dev_bt.o
                0x0000000001005100                bt_set_lpm_overhead_wake_time
 .text.bt_set_connect_lpm_period
                0x000000000100510e       0x20 output/obj/yc_dev_bt.o
                0x000000000100510e                bt_set_connect_lpm_period
 .text.bt_dynamic_switch_power
                0x000000000100512e       0x7a output/obj/yc_dev_bt.o
                0x000000000100512e                bt_dynamic_switch_power
 .text.Bt_SaveBleDeviceInfoToFlash
                0x00000000010051a8      0x180 output/obj/yc_dev_bt.o
                0x00000000010051a8                Bt_SaveBleDeviceInfoToFlash
 .text.Flash_CheckFlashRecordCRC
                0x0000000001005328       0x50 output/obj/yc_dev_bt.o
                0x0000000001005328                Flash_CheckFlashRecordCRC
 .text.Flash_CalFlashRecordCRC
                0x0000000001005378       0x2a output/obj/yc_dev_bt.o
                0x0000000001005378                Flash_CalFlashRecordCRC
 .text.Flash_LoadFlashRecord
                0x00000000010053a2       0x54 output/obj/yc_dev_bt.o
                0x00000000010053a2                Flash_LoadFlashRecord
 .text.Flash_UpdateFlashRecordInfo
                0x00000000010053f6       0x5c output/obj/yc_dev_bt.o
                0x00000000010053f6                Flash_UpdateFlashRecordInfo
 .text.Bt_ReadAddrFromFlash
                0x0000000001005452       0xbc output/obj/yc_dev_bt.o
                0x0000000001005452                Bt_ReadAddrFromFlash
 .text.Bt_EvtCallBack
                0x000000000100550e      0x16a output/obj/yc_dev_bt.o
                0x000000000100550e                Bt_EvtCallBack
 .text.Bt_BleCallBack
                0x0000000001005678        0x2 output/obj/yc_dev_bt.o
                0x0000000001005678                Bt_BleCallBack
 .text.Bt_CheckIsPaired
                0x000000000100567a       0x16 output/obj/yc_dev_bt.o
                0x000000000100567a                Bt_CheckIsPaired
 .text.Bt_ClearFastPaired
                0x0000000001005690       0x24 output/obj/yc_dev_bt.o
                0x0000000001005690                Bt_ClearFastPaired
 .text.Bt_ClearAddrToFlash
                0x00000000010056b4       0x1c output/obj/yc_dev_bt.o
                0x00000000010056b4                Bt_ClearAddrToFlash
 .text.Bt_ClearLinkkey
                0x00000000010056d0       0x26 output/obj/yc_dev_bt.o
                0x00000000010056d0                Bt_ClearLinkkey
 .text.Bt_ClearRemoteDevInfo
                0x00000000010056f6       0x3a output/obj/yc_dev_bt.o
                0x00000000010056f6                Bt_ClearRemoteDevInfo
 .text.Bt_UpdateDeviceNvdataInfo
                0x0000000001005730      0x1ce output/obj/yc_dev_bt.o
                0x0000000001005730                Bt_UpdateDeviceNvdataInfo
 .text.Bt_ClearDeviceNvdataInfo
                0x00000000010058fe       0x40 output/obj/yc_dev_bt.o
                0x00000000010058fe                Bt_ClearDeviceNvdataInfo
 .text.Bt_ClearNvdataItem
                0x000000000100593e       0x2c output/obj/yc_dev_bt.o
                0x000000000100593e                Bt_ClearNvdataItem
 .text.SYS_CodeChange
                0x000000000100596a       0x4c output/obj/yc_ota.o
 .text.OTA_FlashAddr_Init
                0x00000000010059b6       0x84 output/obj/yc_ota.o
 .text.OTA_RESET
                0x0000000001005a3a       0x1e output/obj/yc_ota.o
                0x0000000001005a3a                OTA_RESET
 .text.OTA_EVT_HANDLE
                0x0000000001005a58      0x312 output/obj/yc_ota.o
                0x0000000001005a58                OTA_EVT_HANDLE
 .text.ATT_SendErrorRsp
                0x0000000001005d6a       0x26 output/obj/att.o
 .text.ATT_WriteCmd
                0x0000000001005d90       0x20 output/obj/att.o
 .text.ATT_ExecuteWriteReq
                0x0000000001005db0       0x46 output/obj/att.o
 .text.ATT_PrepareWriteReq
                0x0000000001005df6       0x9c output/obj/att.o
 .text.ATT_WriteReq
                0x0000000001005e92       0x48 output/obj/att.o
 .text.ATT_ReadReq_ByGroupType
                0x0000000001005eda      0x180 output/obj/att.o
 .text.ATT_ReadBlobReq
                0x000000000100605a       0x56 output/obj/att.o
 .text.ATT_ReadReq
                0x00000000010060b0       0x38 output/obj/att.o
 .text.ATT_ReadReq_ByType
                0x00000000010060e8      0x24e output/obj/att.o
 .text.ATT_Find_ByType_Value
                0x0000000001006336       0xb4 output/obj/att.o
 .text.ATT_FindInformationReq
                0x00000000010063ea       0xf2 output/obj/att.o
 .text.ATT_UpdateMtu
                0x00000000010064dc       0x4e output/obj/att.o
 .text.ATT_ExchangeMtuReq
                0x000000000100652a       0x5e output/obj/att.o
 .text.ATT_Send
                0x0000000001006588       0x20 output/obj/att.o
                0x0000000001006588                ATT_Send
 .text.ATT_sendNotify
                0x00000000010065a8       0x52 output/obj/att.o
                0x00000000010065a8                ATT_sendNotify
 .text.ATT_Parse
                0x00000000010065fa      0x132 output/obj/att.o
                0x00000000010065fa                ATT_Parse
 .text.app_queue_insert
                0x000000000100672c       0x86 output/obj/app_queue.o
                0x000000000100672c                app_queue_insert
 .text.app_queue_task
                0x00000000010067b2       0x6e output/obj/app_queue.o
                0x00000000010067b2                app_queue_task
 .text.app_queue_reset
                0x0000000001006820       0x2a output/obj/app_queue.o
                0x0000000001006820                app_queue_reset
 .text.app_lock_check
                0x000000000100684a       0x4a output/obj/app_sleep.o
 .text.app_sleep_task
                0x0000000001006894       0xc0 output/obj/app_sleep.o
 .text.prepare_before_sleep
                0x0000000001006954       0x46 output/obj/app_sleep.o
                0x0000000001006954                prepare_before_sleep
 .text.enter_deep_sleep
                0x000000000100699a       0x3e output/obj/app_sleep.o
                0x000000000100699a                enter_deep_sleep
 .text.enter_low_sleep
                0x00000000010069d8       0x10 output/obj/app_sleep.o
                0x00000000010069d8                enter_low_sleep
 .text.app_sleep_check
                0x00000000010069e8        0xe output/obj/app_sleep.o
                0x00000000010069e8                app_sleep_check
 .text.app_sleep_lock_set
                0x00000000010069f6      0x122 output/obj/app_sleep.o
                0x00000000010069f6                app_sleep_lock_set
 .text.app_sleep_timer_set
                0x0000000001006b18       0x72 output/obj/app_sleep.o
                0x0000000001006b18                app_sleep_timer_set
 .text.app_sleep_init
                0x0000000001006b8a       0x2e output/obj/app_sleep.o
                0x0000000001006b8a                app_sleep_init
 .text.batvalue_calculate
                0x0000000001006bb8       0x9c output/obj/vbat.o
 .text.vbat_task
                0x0000000001006c54       0x96 output/obj/vbat.o
 .text.vbat_reinit
                0x0000000001006cea       0x22 output/obj/vbat.o
                0x0000000001006cea                vbat_reinit
 .text.vbat_deinit
                0x0000000001006d0c       0x20 output/obj/vbat.o
                0x0000000001006d0c                vbat_deinit
 .text.vbat_init
                0x0000000001006d2c       0x48 output/obj/vbat.o
                0x0000000001006d2c                vbat_init
 .text.row_scan
                0x0000000001006d74       0x78 output/obj/keyscan.o
 .text.keyscan_once
                0x0000000001006dec       0xe8 output/obj/keyscan.o
 .text.key_task
                0x0000000001006ed4       0xb2 output/obj/keyscan.o
 .text.keyscan_row_cfg
                0x0000000001006f86       0x3c output/obj/keyscan.o
 .text.keyscan_col_cfg
                0x0000000001006fc2       0x3a output/obj/keyscan.o
 .text.key_wakeup_get
                0x0000000001006ffc       0x44 output/obj/keyscan.o
                0x0000000001006ffc                key_wakeup_get
 .text.key_wakeup_set
                0x0000000001007040       0x62 output/obj/keyscan.o
                0x0000000001007040                key_wakeup_set
 .text.keyscan_stop
                0x00000000010070a2       0x18 output/obj/keyscan.o
                0x00000000010070a2                keyscan_stop
 .text.keyscan_start
                0x00000000010070ba       0x3c output/obj/keyscan.o
                0x00000000010070ba                keyscan_start
 .text.keyscan_init
                0x00000000010070f6       0x84 output/obj/keyscan.o
                0x00000000010070f6                keyscan_init
 .text.action_after_led_blk
                0x000000000100717a        0x2 output/obj/led.o
                0x000000000100717a                action_after_led_blk
 .text.led_task
                0x000000000100717c      0x162 output/obj/led.o
 .text.led_off  0x00000000010072de       0x96 output/obj/led.o
                0x00000000010072de                led_off
 .text.led_on   0x0000000001007374       0xcc output/obj/led.o
                0x0000000001007374                led_on
 .text.led_reinit
                0x0000000001007440       0x18 output/obj/led.o
                0x0000000001007440                led_reinit
 .text.led_deinit
                0x0000000001007458       0x1c output/obj/led.o
                0x0000000001007458                led_deinit
 .text.led_init
                0x0000000001007474       0x38 output/obj/led.o
                0x0000000001007474                led_init
 .text.get_key_press_state
                0x00000000010074ac        0xa output/obj/ir_send.o
                0x00000000010074ac                get_key_press_state
 .text.set_key_press_state
                0x00000000010074b6        0xa output/obj/ir_send.o
                0x00000000010074b6                set_key_press_state
 .text.set_pwm_freq_div
                0x00000000010074c0       0x20 output/obj/ir_send.o
                0x00000000010074c0                set_pwm_freq_div
 .text.ir_set_freq
                0x00000000010074e0       0x58 output/obj/ir_send.o
                0x00000000010074e0                ir_set_freq
 .text.ir_gpio_send
                0x0000000001007538       0x22 output/obj/ir_send.o
                0x0000000001007538                ir_gpio_send
 .text.ir_pwm_send
                0x000000000100755a       0x4a output/obj/ir_send.o
                0x000000000100755a                ir_pwm_send
 .text.ir_without_freq
                0x00000000010075a4       0xb8 output/obj/ir_load.o
 .text.ir_send  0x000000000100765c      0x102 output/obj/ir_load.o
                0x000000000100765c                ir_send
 .text.upt_pwm_time_pulse
                0x000000000100775e       0x3c output/obj/ir_load.o
 .text.philips_upt_pwm_time_pulse
                0x000000000100779a       0x64 output/obj/ir_load.o
 .text.FB739A_upt_pwm_time_pulse
                0x00000000010077fe       0xd4 output/obj/ir_load.o
 .text.rpt_bit_pwm
                0x00000000010078d2       0x2a output/obj/ir_load.o
 .text.IRTI1250C5D7_bit_time
                0x00000000010078fc       0xb4 output/obj/ir_load.o
 .text.repeat_bit_time
                0x00000000010079b0       0x96 output/obj/ir_load.o
 .text.philips_bit_time
                0x0000000001007a46       0x7e output/obj/ir_load.o
 .text.high_bit_time
                0x0000000001007ac4       0x7c output/obj/ir_load.o
 .text.bit_time
                0x0000000001007b40       0x66 output/obj/ir_load.o
 .text.Zenith_D5_ready
                0x0000000001007ba6       0xd2 output/obj/ir_load.o
 .text.IRTI1250C5D7_ready
                0x0000000001007c78       0xf8 output/obj/ir_load.o
 .text.ir_fb739a_ready
                0x0000000001007d70       0x88 output/obj/ir_load.o
 .text.repeat_bit_data_ready
                0x0000000001007df8      0x128 output/obj/ir_load.o
 .text.philips_rcmm_bit_data_ready
                0x0000000001007f20       0xa2 output/obj/ir_load.o
 .text.ir_gemini_ready
                0x0000000001007fc2      0x144 output/obj/ir_load.o
 .text.high_ir_data_ready
                0x0000000001008106      0x226 output/obj/ir_load.o
 .text.ir_data_ready
                0x000000000100832c      0x2fc output/obj/ir_load.o
 .text.ir_comm_send
                0x0000000001008628       0x58 output/obj/ir_load.o
                0x0000000001008628                ir_comm_send
 .text.ir_single_send
                0x0000000001008680       0x44 output/obj/ir_load.o
                0x0000000001008680                ir_single_send
 .text.ir_type_init
                0x00000000010086c4      0x1b2 output/obj/ir_load.o
                0x00000000010086c4                ir_type_init
 .text.ir_init  0x0000000001008876       0x26 output/obj/ir_load.o
                0x0000000001008876                ir_init
 .text.get_ir_rpt
                0x000000000100889c       0x20 output/obj/ir_lib.o
                0x000000000100889c                get_ir_rpt
 .text.get_ir_customer
                0x00000000010088bc       0x22 output/obj/ir_lib.o
                0x00000000010088bc                get_ir_customer
 .text.get_ir_brand
                0x00000000010088de       0x22 output/obj/ir_lib.o
                0x00000000010088de                get_ir_brand
 .text.update_voice_packet
                0x0000000001008900        0x2 output/obj/audio.o
                0x0000000001008900                update_voice_packet
 .text.action_after_mic_close
                0x0000000001008902        0x2 output/obj/audio.o
                0x0000000001008902                action_after_mic_close
 .text.Get_MicReocrd_Len
                0x0000000001008904       0x32 output/obj/audio.o
 .text.Audio_AdcConfig
                0x0000000001008936       0x4e output/obj/audio.o
 .text.Voice_Send
                0x0000000001008984       0xdc output/obj/audio.o
 .text.Voice_Encode
                0x0000000001008a60       0x9a output/obj/audio.o
 .text.audio_task
                0x0000000001008afa       0x30 output/obj/audio.o
 .text.timeout_timer_cb
                0x0000000001008b2a       0x24 output/obj/audio.o
 .text.start_ntf_timer_cb
                0x0000000001008b4e       0x2a output/obj/audio.o
 .text.voice_timer_init
                0x0000000001008b78       0x62 output/obj/audio.o
 .text.mic_close
                0x0000000001008bda       0x64 output/obj/audio.o
                0x0000000001008bda                mic_close
 .text.mic_open
                0x0000000001008c3e       0xcc output/obj/audio.o
                0x0000000001008c3e                mic_open
 .text.voice_report_reinit
                0x0000000001008d0a       0x1a output/obj/audio.o
                0x0000000001008d0a                voice_report_reinit
 .text.voice_report_init
                0x0000000001008d24       0x16 output/obj/audio.o
                0x0000000001008d24                voice_report_init
 .text.SBC_Encoder
                0x0000000001008d3a       0xa4 output/obj/sbc_encoder.o
                0x0000000001008d3a                SBC_Encoder
 .text.SBC_Encoder_Init
                0x0000000001008dde       0x16 output/obj/sbc_encoder.o
                0x0000000001008dde                SBC_Encoder_Init
 .text.msbc_encode_process
                0x0000000001008df4       0x26 output/obj/hd_sbc.o
                0x0000000001008df4                msbc_encode_process
 .text.msbc_encoder_init
                0x0000000001008e1a       0x36 output/obj/hd_sbc.o
                0x0000000001008e1a                msbc_encoder_init
 .text.sbc_enc_bit_alloc_mono
                0x0000000001008e50      0x15a output/obj/sbc_enc_bit_alloc_mono.o
                0x0000000001008e50                sbc_enc_bit_alloc_mono
 .text.SbcAnalysisFilter8
                0x0000000001008faa      0x480 output/obj/sbc_analysis.o
                0x0000000001008faa                SbcAnalysisFilter8
 .text.SbcAnalysisInit
                0x000000000100942a       0x22 output/obj/sbc_analysis.o
                0x000000000100942a                SbcAnalysisInit
 .text.SBC_FastIDCT8
                0x000000000100944c      0x23e output/obj/sbc_dct.o
                0x000000000100944c                SBC_FastIDCT8
 .text.EncPacking
                0x000000000100968a      0x1d8 output/obj/sbc_packing.o
                0x000000000100968a                EncPacking
 .text.SecretKey_Check
                0x0000000001009862       0xc6 output/obj/remote_control.o
 .text.low_power_handle
                0x0000000001009928       0x76 output/obj/remote_control.o
 .text.param_accepted_handle
                0x000000000100999e       0x3c output/obj/remote_control.o
 .text.key_pressed_handle
                0x00000000010099da      0x148 output/obj/remote_control.o
 .text.keyvalue_handle
                0x0000000001009b22      0x1ae output/obj/remote_control.o
 .text.power_handle
                0x0000000001009cd0       0x6c output/obj/remote_control.o
 .text.remote_control_reinit
                0x0000000001009d3c       0x20 output/obj/remote_control.o
 .text.update_conn_param
                0x0000000001009d5c       0x48 output/obj/remote_control.o
                0x0000000001009d5c                update_conn_param
 .text.CONN_PARAM_ACCEPTED
                0x0000000001009da4       0xac output/obj/remote_control.o
                0x0000000001009da4                CONN_PARAM_ACCEPTED
 .text.stop_adv
                0x0000000001009e50       0x32 output/obj/remote_control.o
                0x0000000001009e50                stop_adv
 .text.start_adv
                0x0000000001009e82       0x74 output/obj/remote_control.o
                0x0000000001009e82                start_adv
 .text.Read_Blob_Parse
                0x0000000001009ef6       0x7e output/obj/remote_control.o
                0x0000000001009ef6                Read_Blob_Parse
 .text.Read_Parse
                0x0000000001009f74       0x76 output/obj/remote_control.o
                0x0000000001009f74                Read_Parse
 .text.Write_DataParse
                0x0000000001009fea       0xf2 output/obj/remote_control.o
                0x0000000001009fea                Write_DataParse
 .text.ENCRYPT_DONE
                0x000000000100a0dc       0x3e output/obj/remote_control.o
                0x000000000100a0dc                ENCRYPT_DONE
 .text.PAIR_DONE
                0x000000000100a11a       0x2c output/obj/remote_control.o
                0x000000000100a11a                PAIR_DONE
 .text.LE_DISCONNECTED
                0x000000000100a146       0xca output/obj/remote_control.o
                0x000000000100a146                LE_DISCONNECTED
 .text.LE_LTK_LOST
                0x000000000100a210       0x3e output/obj/remote_control.o
                0x000000000100a210                LE_LTK_LOST
 .text.LE_CONNECTED
                0x000000000100a24e       0x2a output/obj/remote_control.o
                0x000000000100a24e                LE_CONNECTED
 .text.Dev_PowerOn
                0x000000000100a278       0x4e output/obj/remote_control.o
                0x000000000100a278                Dev_PowerOn
 .text.tx_power_switch_set
                0x000000000100a2c6        0xa output/obj/remote_control.o
                0x000000000100a2c6                tx_power_switch_set
 .text.app_task_run
                0x000000000100a2d0       0x1c output/obj/remote_control.o
                0x000000000100a2d0                app_task_run
 .text.app_init
                0x000000000100a2ec      0x124 output/obj/remote_control.o
                0x000000000100a2ec                app_init
 .text.Find_AttTable_ByHandle
                0x000000000100a410       0x2e output/obj/att_list.o
                0x000000000100a410                Find_AttTable_ByHandle
 .text.Find_AttTable_ByHandleRange_Type
                0x000000000100a43e       0x72 output/obj/att_list.o
                0x000000000100a43e                Find_AttTable_ByHandleRange_Type
 .text.Find_AttTable_ByHandleRange_Type_Data
                0x000000000100a4b0       0x92 output/obj/att_list.o
                0x000000000100a4b0                Find_AttTable_ByHandleRange_Type_Data
 .text.BitsReverse
                0x000000000100a542       0x26 ./../../../APP/SECRETKEY\libSecretKey.a(SecretKey.o)
 .text.GetCRC   0x000000000100a568       0x8a ./../../../APP/SECRETKEY\libSecretKey.a(SecretKey.o)
 .text.SecretKey_Generate
                0x000000000100a5f2       0x4a ./../../../APP/SECRETKEY\libSecretKey.a(SecretKey.o)
                0x000000000100a5f2                SecretKey_Generate
 .text          0x000000000100a63c      0x5b6 d:/environment/risc-v/riscv32-unknown-elf-gcc-8.3.0_rv32imafc_ilp32f_newlib/bin/../lib/gcc/riscv32-unknown-elf/8.3.0\libgcc.a(muldf3.o)
                0x000000000100a63c                __muldf3
 .text          0x000000000100abf2       0x9c d:/environment/risc-v/riscv32-unknown-elf-gcc-8.3.0_rv32imafc_ilp32f_newlib/bin/../lib/gcc/riscv32-unknown-elf/8.3.0\libgcc.a(fixunsdfsi.o)
                0x000000000100abf2                __fixunsdfsi
 .text          0x000000000100ac8e       0x6c d:/environment/risc-v/riscv32-unknown-elf-gcc-8.3.0_rv32imafc_ilp32f_newlib/bin/../lib/gcc/riscv32-unknown-elf/8.3.0\libgcc.a(floatsidf.o)
                0x000000000100ac8e                __floatsidf
 .text          0x000000000100acfa       0x60 d:/environment/risc-v/riscv32-unknown-elf-gcc-8.3.0_rv32imafc_ilp32f_newlib/bin/../lib/gcc/riscv32-unknown-elf/8.3.0\libgcc.a(save-restore.o)
                0x000000000100acfa                __riscv_save_12
                0x000000000100ad02                __riscv_save_9
                0x000000000100ad02                __riscv_save_11
                0x000000000100ad02                __riscv_save_10
                0x000000000100ad02                __riscv_save_8
                0x000000000100ad10                __riscv_save_4
                0x000000000100ad10                __riscv_save_6
                0x000000000100ad10                __riscv_save_5
                0x000000000100ad10                __riscv_save_7
                0x000000000100ad2a                __riscv_save_3
                0x000000000100ad2a                __riscv_save_2
                0x000000000100ad2a                __riscv_save_1
                0x000000000100ad2a                __riscv_save_0
                0x000000000100ad36                __riscv_restore_12
                0x000000000100ad3a                __riscv_restore_11
                0x000000000100ad3a                __riscv_restore_9
                0x000000000100ad3a                __riscv_restore_10
                0x000000000100ad3a                __riscv_restore_8
                0x000000000100ad44                __riscv_restore_5
                0x000000000100ad44                __riscv_restore_7
                0x000000000100ad44                __riscv_restore_6
                0x000000000100ad44                __riscv_restore_4
                0x000000000100ad4e                __riscv_restore_3
                0x000000000100ad4e                __riscv_restore_0
                0x000000000100ad4e                __riscv_restore_2
                0x000000000100ad4e                __riscv_restore_1
 .text          0x000000000100ad5a       0x3c d:/environment/risc-v/riscv32-unknown-elf-gcc-8.3.0_rv32imafc_ilp32f_newlib/bin/../lib/gcc/riscv32-unknown-elf/8.3.0\libgcc.a(_clzsi2.o)
                0x000000000100ad5a                __clzsi2
 .text          0x000000000100ad96       0x26 d:/environment/risc-v/riscv32-unknown-elf-gcc-8.3.0_rv32imafc_ilp32f_newlib/bin/../lib/gcc/riscv32-unknown-elf/8.3.0/../../../../riscv32-unknown-elf/lib\libc.a(lib_a-memcmp.o)
                0x000000000100ad96                memcmp
 .text          0x000000000100adbc       0xba d:/environment/risc-v/riscv32-unknown-elf-gcc-8.3.0_rv32imafc_ilp32f_newlib/bin/../lib/gcc/riscv32-unknown-elf/8.3.0/../../../../riscv32-unknown-elf/lib\libc.a(lib_a-memcpy.o)
                0x000000000100adbc                memcpy
 .text          0x000000000100ae76       0xa8 d:/environment/risc-v/riscv32-unknown-elf-gcc-8.3.0_rv32imafc_ilp32f_newlib/bin/../lib/gcc/riscv32-unknown-elf/8.3.0/../../../../riscv32-unknown-elf/lib\libc.a(lib_a-memset.o)
                0x000000000100ae76                memset
 *(.rdata*)
 *(.rodata*)
 *fill*         0x000000000100af1e        0x2 
 .rodata.print_string_log_raw.str1.4
                0x000000000100af20       0x32 output/obj/yc_debug.o
 *fill*         0x000000000100af52        0x2 
 .rodata.Memory_Malloc.str1.4
                0x000000000100af54       0x1f output/obj/malloc.o
 *fill*         0x000000000100af73        0x1 
 .rodata.__FUNCTION__.3163
                0x000000000100af74        0xe output/obj/malloc.o
 *fill*         0x000000000100af82        0x2 
 .rodata.IPC_TxPacket.str1.4
                0x000000000100af84       0x28 output/obj/yc11xx_ipc.o
 .rodata.IpcDefaultCallBack.str1.4
                0x000000000100afac       0x16 output/obj/yc11xx_ipc.o
 *fill*         0x000000000100afc2        0x2 
 .rodata.__FUNCTION__.3229
                0x000000000100afc4        0xd output/obj/yc11xx_ipc.o
 *fill*         0x000000000100afd1        0x3 
 .rodata.__FUNCTION__.3234
                0x000000000100afd4       0x11 output/obj/yc11xx_ipc.o
 *fill*         0x000000000100afe5        0x3 
 .rodata.__FUNCTION__.3239
                0x000000000100afe8        0xd output/obj/yc11xx_ipc.o
 *fill*         0x000000000100aff5        0x3 
 .rodata.__FUNCTION__.3244
                0x000000000100aff8       0x13 output/obj/yc11xx_ipc.o
 *fill*         0x000000000100b00b        0x5 
 .rodata.g_adc_cicfircoeffTtablel
                0x000000000100b010      0x1f8 output/obj/yc11xx_audio_adc.o
                0x000000000100b010                g_adc_cicfircoeffTtablel
 .rodata.g_adc_halfbandcoeftablel
                0x000000000100b208      0x1b8 output/obj/yc11xx_audio_adc.o
                0x000000000100b208                g_adc_halfbandcoeftablel
 .rodata.GPIO_Init.str1.4
                0x000000000100b3c0       0x26 output/obj/yc11xx_gpio.o
 *fill*         0x000000000100b3e6        0x2 
 .rodata.__FUNCTION__.2294
                0x000000000100b3e8        0xa output/obj/yc11xx_gpio.o
 *fill*         0x000000000100b3f2        0x2 
 .rodata.__FUNCTION__.2298
                0x000000000100b3f4       0x11 output/obj/yc11xx_gpio.o
 *fill*         0x000000000100b405        0x3 
 .rodata.CSWTCH.10
                0x000000000100b408        0x4 output/obj/yc11xx_systick.o
 .rodata.TIM_Init.str1.4
                0x000000000100b40c       0x27 output/obj/yc11xx_timer.o
 *fill*         0x000000000100b433        0x1 
 .rodata.__FUNCTION__.3483
                0x000000000100b434        0x9 output/obj/yc11xx_timer.o
 *fill*         0x000000000100b43d        0x3 
 .rodata.__FUNCTION__.3490
                0x000000000100b440        0x8 output/obj/yc11xx_timer.o
 .rodata.aap_rsp
                0x000000000100b448       0x12 output/obj/yc11xx_dev_bt_aap.o
 *fill*         0x000000000100b45a        0x2 
 .rodata.AAP_manufac1
                0x000000000100b45c       0x96 output/obj/yc11xx_dev_bt_aap.o
 *fill*         0x000000000100b4f2        0x2 
 .rodata.AAP_manufac2
                0x000000000100b4f4        0x8 output/obj/yc11xx_dev_bt_aap.o
 .rodata.AAP_manufac3
                0x000000000100b4fc       0x2f output/obj/yc11xx_dev_bt_aap.o
 *fill*         0x000000000100b52b        0x1 
 .rodata.AAP_manufac4
                0x000000000100b52c       0x16 output/obj/yc11xx_dev_bt_aap.o
 *fill*         0x000000000100b542        0x2 
 .rodata.AAP_AcpAnc1
                0x000000000100b544        0xc output/obj/yc11xx_dev_bt_aap.o
 .rodata.AAP_StartAnc2
                0x000000000100b550        0xd output/obj/yc11xx_dev_bt_aap.o
                0x000000000100b550                AAP_StartAnc2
 *fill*         0x000000000100b55d        0x3 
 .rodata.AAP_AncRst3
                0x000000000100b560       0xbc output/obj/yc11xx_dev_bt_aap.o
 .rodata.AAP_StopAnc4
                0x000000000100b61c        0xd output/obj/yc11xx_dev_bt_aap.o
 *fill*         0x000000000100b629        0x3 
 .rodata.Bt_HciCheckBufferFull.str1.4
                0x000000000100b62c       0x15 output/obj/yc11xx_dev_bt_data_trans.o
 *fill*         0x000000000100b641        0x3 
 .rodata.Bt_SndToBtData
                0x000000000100b644       0x18 output/obj/yc11xx_dev_bt_data_trans.o
 .rodata.Bt_BleSendData.str1.4
                0x000000000100b65c       0x18 output/obj/yc11xx_dev_bt_data_trans.o
 .rodata.Bt_DataBufferCallBack
                0x000000000100b674       0x18 output/obj/yc11xx_dev_bt_data_trans.o
 .rodata.bt_check_save_connect_info.str1.4
                0x000000000100b68c       0x5b output/obj/yc_dev_bt.o
 *fill*         0x000000000100b6e7        0x1 
 .rodata.bt_state_init.str1.4
                0x000000000100b6e8       0x17 output/obj/yc_dev_bt.o
 *fill*         0x000000000100b6ff        0x1 
 .rodata.bt_start_le_adv.str1.4
                0x000000000100b700       0x9b output/obj/yc_dev_bt.o
 *fill*         0x000000000100b79b        0x1 
 .rodata.Bt_SaveBleDeviceInfoToFlash
                0x000000000100b79c       0x14 output/obj/yc_dev_bt.o
 .rodata.Bt_EvtCallBack.str1.4
                0x000000000100b7b0       0x80 output/obj/yc_dev_bt.o
 .rodata.Bt_ClearRemoteDevInfo.str1.4
                0x000000000100b830       0x18 output/obj/yc_dev_bt.o
 .rodata.Bt_UpdateDeviceNvdataInfo.str1.4
                0x000000000100b848       0x1b output/obj/yc_dev_bt.o
 *fill*         0x000000000100b863        0x1 
 .rodata.OTA_EVT_HANDLE.str1.4
                0x000000000100b864       0x39 output/obj/yc_ota.o
 *fill*         0x000000000100b89d        0x3 
 .rodata.ATT_UpdateMtu.str1.4
                0x000000000100b8a0       0x3d output/obj/att.o
 *fill*         0x000000000100b8dd        0x3 
 .rodata.ATT_Parse.str1.4
                0x000000000100b8e0       0x1a output/obj/att.o
 *fill*         0x000000000100b8fa        0x2 
 .rodata.app_queue_insert.str1.4
                0x000000000100b8fc       0x15 output/obj/app_queue.o
 *fill*         0x000000000100b911        0x3 
 .rodata.prepare_before_sleep.str1.4
                0x000000000100b914       0x18 output/obj/app_sleep.o
 .rodata.enter_deep_sleep.str1.4
                0x000000000100b92c       0x14 output/obj/app_sleep.o
 .rodata.app_sleep_lock_set
                0x000000000100b940       0x20 output/obj/app_sleep.o
 .rodata.cst4   0x000000000100b960        0x8 output/obj/vbat.o
 .rodata.row_scan
                0x000000000100b968       0x28 output/obj/keyscan.o
 .rodata.cst8   0x000000000100b990       0x10 output/obj/ir_send.o
 .rodata.high_ir_data_ready
                0x000000000100b9a0       0x18 output/obj/ir_load.o
 .rodata.ir_data_ready
                0x000000000100b9b8       0x28 output/obj/ir_load.o
 .rodata.ir_type_init
                0x000000000100b9e0       0x58 output/obj/ir_load.o
 .rodata.rpt_TC9012LIAN_9700_BUF
                0x000000000100ba38        0xa output/obj/ir_lib.o
 *fill*         0x000000000100ba42        0x2 
 .rodata.rpt_lc7461_9000_4500_BUF
                0x000000000100ba44        0xa output/obj/ir_lib.o
 *fill*         0x000000000100ba4e        0x2 
 .rodata.rpt_udp6121_9000_BUF
                0x000000000100ba50        0xa output/obj/ir_lib.o
 *fill*         0x000000000100ba5a        0x2 
 .rodata.rpt_udp6121_8550_BUF
                0x000000000100ba5c        0xa output/obj/ir_lib.o
 *fill*         0x000000000100ba66        0x2 
 .rodata.rpt_GEMINI_8500_BUF
                0x000000000100ba68        0xa output/obj/ir_lib.o
 *fill*         0x000000000100ba72        0x2 
 .rodata.rpt_SINGH2150_8170_BUF
                0x000000000100ba74        0xa output/obj/ir_lib.o
 *fill*         0x000000000100ba7e        0x2 
 .rodata.rpt_DVB_40BIT_BUF
                0x000000000100ba80        0xa output/obj/ir_lib.o
 *fill*         0x000000000100ba8a        0x2 
 .rodata.CUSTOM_00_00_BUF
                0x000000000100ba8c        0x4 output/obj/ir_lib.o
 .rodata.CUSTOM_00_1F_BUF
                0x000000000100ba90        0x4 output/obj/ir_lib.o
 .rodata.CUSTOM_00_02_BUF
                0x000000000100ba94        0x4 output/obj/ir_lib.o
 .rodata.CUSTOM_00_2B_BUF
                0x000000000100ba98        0x4 output/obj/ir_lib.o
 .rodata.CUSTOM_00_30_BUF
                0x000000000100ba9c        0x4 output/obj/ir_lib.o
 .rodata.CUSTOM_00_57_BUF
                0x000000000100baa0        0x4 output/obj/ir_lib.o
 .rodata.CUSTOM_00_7F_BUF
                0x000000000100baa4        0x4 output/obj/ir_lib.o
 .rodata.CUSTOM_00_80_BUF
                0x000000000100baa8        0x4 output/obj/ir_lib.o
 .rodata.CUSTOM_00_99_BUF
                0x000000000100baac        0x4 output/obj/ir_lib.o
 .rodata.CUSTOM_00_AF_BUF
                0x000000000100bab0        0x4 output/obj/ir_lib.o
 .rodata.CUSTOM_00_BA_BUF
                0x000000000100bab4        0x4 output/obj/ir_lib.o
 .rodata.CUSTOM_00_BD_BUF
                0x000000000100bab8        0x4 output/obj/ir_lib.o
 .rodata.CUSTOM_00_BE_BUF
                0x000000000100babc        0x4 output/obj/ir_lib.o
 .rodata.CUSTOM_00_BF_BUF
                0x000000000100bac0        0x4 output/obj/ir_lib.o
 .rodata.CUSTOM_00_DF_BUF
                0x000000000100bac4        0x4 output/obj/ir_lib.o
 .rodata.CUSTOM_00_D9_BUF
                0x000000000100bac8        0x4 output/obj/ir_lib.o
 .rodata.CUSTOM_00_EF_BUF
                0x000000000100bacc        0x4 output/obj/ir_lib.o
 .rodata.CUSTOM_00_F7_BUF
                0x000000000100bad0        0x4 output/obj/ir_lib.o
 .rodata.CUSTOM_00_FB_BUF
                0x000000000100bad4        0x4 output/obj/ir_lib.o
 .rodata.CUSTOM_00_FD_BUF
                0x000000000100bad8        0x4 output/obj/ir_lib.o
 .rodata.CUSTOM_00_FF_BUF
                0x000000000100badc        0x4 output/obj/ir_lib.o
 .rodata.CUSTOM_01_00_BUF
                0x000000000100bae0        0x4 output/obj/ir_lib.o
 .rodata.CUSTOM_01_01_BUF
                0x000000000100bae4        0x4 output/obj/ir_lib.o
 .rodata.CUSTOM_01_FE_BUF
                0x000000000100bae8        0x4 output/obj/ir_lib.o
 .rodata.CUSTOM_02_00_BUF
                0x000000000100baec        0x4 output/obj/ir_lib.o
 .rodata.CUSTOM_02_BD_BUF
                0x000000000100baf0        0x4 output/obj/ir_lib.o
 .rodata.CUSTOM_02_FD_BUF
                0x000000000100baf4        0x4 output/obj/ir_lib.o
 .rodata.CUSTOM_02_F5_BUF
                0x000000000100baf8        0x4 output/obj/ir_lib.o
 .rodata.CUSTOM_03_00_BUF
                0x000000000100bafc        0x4 output/obj/ir_lib.o
 .rodata.CUSTOM_03_AC_BUF
                0x000000000100bb00        0x4 output/obj/ir_lib.o
 .rodata.CUSTOM_03_FC_BUF
                0x000000000100bb04        0x4 output/obj/ir_lib.o
 .rodata.CUSTOM_04_00_BUF
                0x000000000100bb08        0x4 output/obj/ir_lib.o
 .rodata.CUSTOM_04_10_BUF
                0x000000000100bb0c        0x4 output/obj/ir_lib.o
 .rodata.CUSTOM_04_B9_BUF
                0x000000000100bb10        0x4 output/obj/ir_lib.o
 .rodata.CUSTOM_04_FB_BUF
                0x000000000100bb14        0x4 output/obj/ir_lib.o
 .rodata.CUSTOM_05_00_BUF
                0x000000000100bb18        0x4 output/obj/ir_lib.o
 .rodata.CUSTOM_05_05_BUF
                0x000000000100bb1c        0x4 output/obj/ir_lib.o
 .rodata.CUSTOM_06_06_BUF
                0x000000000100bb20        0x4 output/obj/ir_lib.o
 .rodata.CUSTOM_06_FB_BUF
                0x000000000100bb24        0x4 output/obj/ir_lib.o
 .rodata.CUSTOM_06_FE_BUF
                0x000000000100bb28        0x4 output/obj/ir_lib.o
 .rodata.CUSTOM_07_07_BUF
                0x000000000100bb2c        0x4 output/obj/ir_lib.o
 .rodata.CUSTOM_08_00_BUF
                0x000000000100bb30        0x4 output/obj/ir_lib.o
 .rodata.CUSTOM_08_08_BUF
                0x000000000100bb34        0x4 output/obj/ir_lib.o
 .rodata.CUSTOM_08_0B_BUF
                0x000000000100bb38        0x4 output/obj/ir_lib.o
 .rodata.CUSTOM_08_13_BUF
                0x000000000100bb3c        0x4 output/obj/ir_lib.o
 .rodata.CUSTOM_08_F7_BUF
                0x000000000100bb40        0x4 output/obj/ir_lib.o
 .rodata.CUSTOM_0A_35_BUF
                0x000000000100bb44        0x4 output/obj/ir_lib.o
 .rodata.CUSTOM_0A_00_BUF
                0x000000000100bb48        0x4 output/obj/ir_lib.o
 .rodata.CUSTOM_0A_0A_BUF
                0x000000000100bb4c        0x4 output/obj/ir_lib.o
 .rodata.CUSTOM_0B_0B_BUF
                0x000000000100bb50        0x4 output/obj/ir_lib.o
 .rodata.CUSTOM_0D_0D_BUF
                0x000000000100bb54        0x4 output/obj/ir_lib.o
 .rodata.CUSTOM_0E_09_BUF
                0x000000000100bb58        0x4 output/obj/ir_lib.o
 .rodata.CUSTOM_0E_0E_BUF
                0x000000000100bb5c        0x4 output/obj/ir_lib.o
 .rodata.CUSTOM_0F_00_BUF
                0x000000000100bb60        0x4 output/obj/ir_lib.o
 .rodata.CUSTOM_10_ED_BUF
                0x000000000100bb64        0x4 output/obj/ir_lib.o
 .rodata.CUSTOM_10_EF_BUF
                0x000000000100bb68        0x4 output/obj/ir_lib.o
 .rodata.CUSTOM_10_2D_BUF
                0x000000000100bb6c        0x4 output/obj/ir_lib.o
 .rodata.CUSTOM_12_12_BUF
                0x000000000100bb70        0x4 output/obj/ir_lib.o
 .rodata.CUSTOM_12_ED_BUF
                0x000000000100bb74        0x4 output/obj/ir_lib.o
 .rodata.CUSTOM_13_14_BUF
                0x000000000100bb78        0x4 output/obj/ir_lib.o
 .rodata.CUSTOM_14_00_BUF
                0x000000000100bb7c        0x4 output/obj/ir_lib.o
 .rodata.CUSTOM_16_29_BUF
                0x000000000100bb80        0x4 output/obj/ir_lib.o
 .rodata.CUSTOM_16_E9_BUF
                0x000000000100bb84        0x4 output/obj/ir_lib.o
 .rodata.CUSTOM_18_18_BUF
                0x000000000100bb88        0x4 output/obj/ir_lib.o
 .rodata.CUSTOM_18_E7_BUF
                0x000000000100bb8c        0x4 output/obj/ir_lib.o
 .rodata.CUSTOM_18_E9_BUF
                0x000000000100bb90        0x4 output/obj/ir_lib.o
 .rodata.CUSTOM_1A_00_BUF
                0x000000000100bb94        0x4 output/obj/ir_lib.o
 .rodata.CUSTOM_1B_00_BUF
                0x000000000100bb98        0x4 output/obj/ir_lib.o
 .rodata.CUSTOM_1C_E3_BUF
                0x000000000100bb9c        0x4 output/obj/ir_lib.o
 .rodata.CUSTOM_1E_1E_BUF
                0x000000000100bba0        0x4 output/obj/ir_lib.o
 .rodata.CUSTOM_1E_E1_BUF
                0x000000000100bba4        0x4 output/obj/ir_lib.o
 .rodata.CUSTOM_1F_00_BUF
                0x000000000100bba8        0x4 output/obj/ir_lib.o
 .rodata.CUSTOM_20_40_BUF
                0x000000000100bbac        0x4 output/obj/ir_lib.o
 .rodata.CUSTOM_20_DF_BUF
                0x000000000100bbb0        0x4 output/obj/ir_lib.o
 .rodata.CUSTOM_20_FD_BUF
                0x000000000100bbb4        0x4 output/obj/ir_lib.o
 .rodata.CUSTOM_21_DE_BUF
                0x000000000100bbb8        0x4 output/obj/ir_lib.o
 .rodata.CUSTOM_22_11_BUF
                0x000000000100bbbc        0x4 output/obj/ir_lib.o
 .rodata.CUSTOM_24_DB_BUF
                0x000000000100bbc0        0x4 output/obj/ir_lib.o
 .rodata.CUSTOM_29_D6_BUF
                0x000000000100bbc4        0x4 output/obj/ir_lib.o
 .rodata.CUSTOM_2B_D4_BUF
                0x000000000100bbc8        0x4 output/obj/ir_lib.o
 .rodata.CUSTOM_33_00_BUF
                0x000000000100bbcc        0x4 output/obj/ir_lib.o
 .rodata.CUSTOM_33_CC_BUF
                0x000000000100bbd0        0x4 output/obj/ir_lib.o
 .rodata.CUSTOM_35_50_BUF
                0x000000000100bbd4        0x4 output/obj/ir_lib.o
 .rodata.CUSTOM_38_C7_BUF
                0x000000000100bbd8        0x4 output/obj/ir_lib.o
 .rodata.CUSTOM_3F_C0_BUF
                0x000000000100bbdc        0x4 output/obj/ir_lib.o
 .rodata.CUSTOM_40_02_BUF
                0x000000000100bbe0        0x4 output/obj/ir_lib.o
 .rodata.CUSTOM_40_20_BUF
                0x000000000100bbe4        0x4 output/obj/ir_lib.o
 .rodata.CUSTOM_40_40_BUF
                0x000000000100bbe8        0x4 output/obj/ir_lib.o
 .rodata.CUSTOM_40_BF_BUF
                0x000000000100bbec        0x4 output/obj/ir_lib.o
 .rodata.CUSTOM_42_BD_BUF
                0x000000000100bbf0        0x4 output/obj/ir_lib.o
 .rodata.CUSTOM_42_FD_BUF
                0x000000000100bbf4        0x4 output/obj/ir_lib.o
 .rodata.CUSTOM_43_00_BUF
                0x000000000100bbf8        0x4 output/obj/ir_lib.o
 .rodata.CUSTOM_45_16_BUF
                0x000000000100bbfc        0x4 output/obj/ir_lib.o
 .rodata.CUSTOM_45_BC_BUF
                0x000000000100bc00        0x4 output/obj/ir_lib.o
 .rodata.CUSTOM_46_00_BUF
                0x000000000100bc04        0x4 output/obj/ir_lib.o
 .rodata.CUSTOM_47_00_BUF
                0x000000000100bc08        0x4 output/obj/ir_lib.o
 .rodata.CUSTOM_4B_B4_BUF
                0x000000000100bc0c        0x4 output/obj/ir_lib.o
 .rodata.CUSTOM_4F_50_BUF
                0x000000000100bc10        0x4 output/obj/ir_lib.o
 .rodata.CUSTOM_50_AD_BUF
                0x000000000100bc14        0x4 output/obj/ir_lib.o
 .rodata.CUSTOM_50_AF_BUF
                0x000000000100bc18        0x4 output/obj/ir_lib.o
 .rodata.CUSTOM_54_00_BUF
                0x000000000100bc1c        0x4 output/obj/ir_lib.o
 .rodata.CUSTOM_5A_49_BUF
                0x000000000100bc20        0x4 output/obj/ir_lib.o
 .rodata.CUSTOM_60_9F_BUF
                0x000000000100bc24        0x4 output/obj/ir_lib.o
 .rodata.CUSTOM_61_63_BUF
                0x000000000100bc28        0x4 output/obj/ir_lib.o
 .rodata.CUSTOM_69_F1_BUF
                0x000000000100bc2c        0x4 output/obj/ir_lib.o
 .rodata.CUSTOM_71_8E_BUF
                0x000000000100bc30        0x4 output/obj/ir_lib.o
 .rodata.CUSTOM_73_00_BUF
                0x000000000100bc34        0x4 output/obj/ir_lib.o
 .rodata.CUSTOM_77_00_BUF
                0x000000000100bc38        0x4 output/obj/ir_lib.o
 .rodata.CUSTOM_77_88_BUF
                0x000000000100bc3c        0x4 output/obj/ir_lib.o
 .rodata.CUSTOM_7D_00_BUF
                0x000000000100bc40        0x4 output/obj/ir_lib.o
 .rodata.CUSTOM_7F_00_BUF
                0x000000000100bc44        0x4 output/obj/ir_lib.o
 .rodata.CUSTOM_80_23_BUF
                0x000000000100bc48        0x4 output/obj/ir_lib.o
 .rodata.CUSTOM_80_80_BUF
                0x000000000100bc4c        0x4 output/obj/ir_lib.o
 .rodata.CUSTOM_80_57_BUF
                0x000000000100bc50        0x4 output/obj/ir_lib.o
 .rodata.CUSTOM_80_63_BUF
                0x000000000100bc54        0x4 output/obj/ir_lib.o
 .rodata.CUSTOM_80_64_BUF
                0x000000000100bc58        0x4 output/obj/ir_lib.o
 .rodata.CUSTOM_80_6F_BUF
                0x000000000100bc5c        0x4 output/obj/ir_lib.o
 .rodata.CUSTOM_80_7F_BUF
                0x000000000100bc60        0x4 output/obj/ir_lib.o
 .rodata.CUSTOM_80_8F_BUF
                0x000000000100bc64        0x4 output/obj/ir_lib.o
 .rodata.CUSTOM_82_F3_BUF
                0x000000000100bc68        0x4 output/obj/ir_lib.o
 .rodata.CUSTOM_83_55_BUF
                0x000000000100bc6c        0x4 output/obj/ir_lib.o
 .rodata.CUSTOM_83_F1_BUF
                0x000000000100bc70        0x4 output/obj/ir_lib.o
 .rodata.CUSTOM_83_F7_BUF
                0x000000000100bc74        0x4 output/obj/ir_lib.o
 .rodata.CUSTOM_84_E0_BUF
                0x000000000100bc78        0x4 output/obj/ir_lib.o
 .rodata.CUSTOM_85_46_BUF
                0x000000000100bc7c        0x4 output/obj/ir_lib.o
 .rodata.CUSTOM_86_02_BUF
                0x000000000100bc80        0x4 output/obj/ir_lib.o
 .rodata.CUSTOM_86_05_BUF
                0x000000000100bc84        0x4 output/obj/ir_lib.o
 .rodata.CUSTOM_86_6B_BUF
                0x000000000100bc88        0x4 output/obj/ir_lib.o
 .rodata.CUSTOM_87_22_BUF
                0x000000000100bc8c        0x4 output/obj/ir_lib.o
 .rodata.CUSTOM_87_4E_BUF
                0x000000000100bc90        0x4 output/obj/ir_lib.o
 .rodata.CUSTOM_88_45_BUF
                0x000000000100bc94        0x4 output/obj/ir_lib.o
 .rodata.CUSTOM_95_6A_BUF
                0x000000000100bc98        0x4 output/obj/ir_lib.o
 .rodata.CUSTOM_96_69_BUF
                0x000000000100bc9c        0x4 output/obj/ir_lib.o
 .rodata.CUSTOM_97_00_BUF
                0x000000000100bca0        0x4 output/obj/ir_lib.o
 .rodata.CUSTOM_A0_5F_BUF
                0x000000000100bca4        0x4 output/obj/ir_lib.o
 .rodata.CUSTOM_A4_00_BUF
                0x000000000100bca8        0x4 output/obj/ir_lib.o
 .rodata.CUSTOM_AA_03_BUF
                0x000000000100bcac        0x4 output/obj/ir_lib.o
 .rodata.CUSTOM_AA_55_BUF
                0x000000000100bcb0        0x4 output/obj/ir_lib.o
 .rodata.CUSTOM_C4_00_BUF
                0x000000000100bcb4        0x4 output/obj/ir_lib.o
 .rodata.CUSTOM_E5_70_BUF
                0x000000000100bcb8        0x4 output/obj/ir_lib.o
 .rodata.CUSTOM_E6_00_BUF
                0x000000000100bcbc        0x4 output/obj/ir_lib.o
 .rodata.CUSTOM_E7_0A_BUF
                0x000000000100bcc0        0x4 output/obj/ir_lib.o
 .rodata.CUSTOM_EA_C7_BUF
                0x000000000100bcc4        0x4 output/obj/ir_lib.o
 .rodata.CUSTOM_EA_C8_BUF
                0x000000000100bcc8        0x4 output/obj/ir_lib.o
 .rodata.CUSTOM_EE_00_BUF
                0x000000000100bccc        0x4 output/obj/ir_lib.o
 .rodata.CUSTOM_DC_00_BUF
                0x000000000100bcd0        0x4 output/obj/ir_lib.o
 .rodata.CUSTOM_DE_D6_BUF
                0x000000000100bcd4        0x4 output/obj/ir_lib.o
 .rodata.CUSTOM_F4_00_BUF
                0x000000000100bcd8        0x4 output/obj/ir_lib.o
 .rodata.CUSTOM_0000_B000_BUF
                0x000000000100bcdc        0x4 output/obj/ir_lib.o
 .rodata.CUSTOM_0000_FFFF_BUF
                0x000000000100bce0        0x4 output/obj/ir_lib.o
 .rodata.CUSTOM_055A_0000_BUF
                0x000000000100bce4        0x4 output/obj/ir_lib.o
 .rodata.CUSTOM_0057_0000_BUF
                0x000000000100bce8        0x4 output/obj/ir_lib.o
 .rodata.CUSTOM_007B_1F84_BUF
                0x000000000100bcec        0x4 output/obj/ir_lib.o
 .rodata.CUSTOM_081F_0000_BUF
                0x000000000100bcf0        0x4 output/obj/ir_lib.o
 .rodata.CUSTOM_0119_1EE6_BUF
                0x000000000100bcf4        0x4 output/obj/ir_lib.o
 .rodata.CUSTOM_011A_FEE5_BUF
                0x000000000100bcf8        0x4 output/obj/ir_lib.o
 .rodata.CUSTOM_011C_1EE3_BUF
                0x000000000100bcfc        0x4 output/obj/ir_lib.o
 .rodata.CUSTOM_013C_1EC3_BUF
                0x000000000100bd00        0x4 output/obj/ir_lib.o
 .rodata.CUSTOM_0114_FEEB_BUF
                0x000000000100bd04        0x4 output/obj/ir_lib.o
 .rodata.CUSTOM_0200_0000_BUF
                0x000000000100bd08        0x4 output/obj/ir_lib.o
 .rodata.CUSTOM_1463_0084_BUF
                0x000000000100bd0c        0x4 output/obj/ir_lib.o
 .rodata.CUSTOM_2002_4880_BUF
                0x000000000100bd10        0x4 output/obj/ir_lib.o
 .rodata.CUSTOM_29C0_2600_BUF
                0x000000000100bd14        0x4 output/obj/ir_lib.o
 .rodata.CUSTOM_5AAA_162F_BUF
                0x000000000100bd18        0x4 output/obj/ir_lib.o
 .rodata.CUSTOM_8000_FFFF_BUF
                0x000000000100bd1c        0x4 output/obj/ir_lib.o
 .rodata.CUSTOM_87E1_F000_BUF
                0x000000000100bd20        0x4 output/obj/ir_lib.o
 .rodata.CUSTOM_2002_0090_BUF
                0x000000000100bd24        0x4 output/obj/ir_lib.o
 .rodata.CUSTOM_434F_004E_BUF
                0x000000000100bd28        0x4 output/obj/ir_lib.o
 .rodata.CUSTOM_BFFF_FFFF_BUF
                0x000000000100bd2c        0x4 output/obj/ir_lib.o
 .rodata.CUSTOM_FFFD_0000_BUF
                0x000000000100bd30        0x4 output/obj/ir_lib.o
 .rodata.CUSTOM_FFFE_00A4_BUF
                0x000000000100bd34        0x4 output/obj/ir_lib.o
 .rodata.CUSTOM_FFFE_00A5_BUF
                0x000000000100bd38        0x4 output/obj/ir_lib.o
 .rodata.CUSTOM_FFFE_006A_BUF
                0x000000000100bd3c        0x4 output/obj/ir_lib.o
 .rodata.CUSTOM_FFFD_0001_BUF
                0x000000000100bd40        0x4 output/obj/ir_lib.o
 .rodata.CUSTOM_FFFD_FFFF_BUF
                0x000000000100bd44        0x4 output/obj/ir_lib.o
 .rodata.CUSTOM_FFFF_FFFF_BUF
                0x000000000100bd48        0x4 output/obj/ir_lib.o
 .rodata.HIGH_CUSTOM_2002_0080_BUF
                0x000000000100bd4c        0x4 output/obj/ir_lib.o
 .rodata.CUSTOM_2002_0280_BUF
                0x000000000100bd50        0x4 output/obj/ir_lib.o
 .rodata.CUSTOM_2002_0480_BUF
                0x000000000100bd54        0x4 output/obj/ir_lib.o
 .rodata.HIGH_CUSTOM_0000_1800_BUF
                0x000000000100bd58        0x4 output/obj/ir_lib.o
 .rodata.HIGH_CUSTOM_3000_0000_BUF
                0x000000000100bd5c        0x4 output/obj/ir_lib.o
 .rodata.HIGH_CUSTOM_4000_0000_BUF
                0x000000000100bd60        0x4 output/obj/ir_lib.o
 .rodata.HIGH_CUSTOM_8000_0000_BUF
                0x000000000100bd64        0x4 output/obj/ir_lib.o
 .rodata.HIGH_CUSTOM_8000_2800_BUF
                0x000000000100bd68        0x4 output/obj/ir_lib.o
 .rodata.HIGH_CUSTOM_8100_7E00_BUF
                0x000000000100bd6c        0x4 output/obj/ir_lib.o
 .rodata.HIGH_CUSTOM_A000_0000_BUF
                0x000000000100bd70        0x4 output/obj/ir_lib.o
 .rodata.HIGH_CUSTOM_B000_6000_BUF
                0x000000000100bd74        0x4 output/obj/ir_lib.o
 .rodata.HIGH_CUSTOM_B000_A000_BUF
                0x000000000100bd78        0x4 output/obj/ir_lib.o
 .rodata.HIGH_CUSTOM_B000_F000_BUF
                0x000000000100bd7c        0x4 output/obj/ir_lib.o
 .rodata.HIGH_CUSTOM_C000_0000_BUF
                0x000000000100bd80        0x4 output/obj/ir_lib.o
 .rodata.HIGH_CUSTOM_C000_0800_BUF
                0x000000000100bd84        0x4 output/obj/ir_lib.o
 .rodata.HIGH_CUSTOM_C000_6000_BUF
                0x000000000100bd88        0x4 output/obj/ir_lib.o
 .rodata.HIGH_CUSTOM_FFFD_6000_BUF
                0x000000000100bd8c        0x4 output/obj/ir_lib.o
 .rodata.HIGH_CUSTOM_FFFD_E000_BUF
                0x000000000100bd90        0x4 output/obj/ir_lib.o
 .rodata.HIGH_CUSTOM_FFFD_8800_BUF
                0x000000000100bd94        0x4 output/obj/ir_lib.o
 .rodata.CUSTOM_6BIT_02_BUF
                0x000000000100bd98       0x1e output/obj/ir_lib.o
 *fill*         0x000000000100bdb6        0x2 
 .rodata.CUSTOM_C1D6_03_BUF
                0x000000000100bdb8       0x1e output/obj/ir_lib.o
 *fill*         0x000000000100bdd6        0x2 
 .rodata.DVB_PAN_7051_SAMSUN_05_BUF
                0x000000000100bdd8       0x1e output/obj/ir_lib.o
 *fill*         0x000000000100bdf6        0x2 
 .rodata.FB739A_06_BUF
                0x000000000100bdf8       0x1e output/obj/ir_lib.o
 *fill*         0x000000000100be16        0x2 
 .rodata.GEMINI_C16_38_08_BUF
                0x000000000100be18       0x1e output/obj/ir_lib.o
 *fill*         0x000000000100be36        0x2 
 .rodata.GEMINI_C10_32_08_BUF
                0x000000000100be38       0x1e output/obj/ir_lib.o
 *fill*         0x000000000100be56        0x2 
 .rodata.GEMINI_C10_38_09_BUF
                0x000000000100be58       0x1e output/obj/ir_lib.o
 *fill*         0x000000000100be76        0x2 
 .rodata.GEMINI_C10_32_10_BUF
                0x000000000100be78       0x1e output/obj/ir_lib.o
 *fill*         0x000000000100be96        0x2 
 .rodata.IRT1250C5D6_12_BUF
                0x000000000100be98       0x1e output/obj/ir_lib.o
 *fill*         0x000000000100beb6        0x2 
 .rodata.IRT1250C5D7_13_BUF
                0x000000000100beb8       0x1e output/obj/ir_lib.o
 *fill*         0x000000000100bed6        0x2 
 .rodata.KK_Y261_14_BUF
                0x000000000100bed8       0x1e output/obj/ir_lib.o
 *fill*         0x000000000100bef6        0x2 
 .rodata.LBNSAMSUNG_15_BUF
                0x000000000100bef8       0x1e output/obj/ir_lib.o
 *fill*         0x000000000100bf16        0x2 
 .rodata.LC7461M_C13S_16_BUF
                0x000000000100bf18       0x1e output/obj/ir_lib.o
 *fill*         0x000000000100bf36        0x2 
 .rodata.LC7461M_C13S_17_BUF
                0x000000000100bf38       0x1e output/obj/ir_lib.o
 *fill*         0x000000000100bf56        0x2 
 .rodata.LC7464M_PANASONIC_18_BUF
                0x000000000100bf58       0x1e output/obj/ir_lib.o
 *fill*         0x000000000100bf76        0x2 
 .rodata.LG3004_33K_19_TOGGLE_ONE_BUF
                0x000000000100bf78       0x1e output/obj/ir_lib.o
 *fill*         0x000000000100bf96        0x2 
 .rodata.LG3004_33K_19_TOGGLE_TWO_BUF
                0x000000000100bf98       0x1e output/obj/ir_lib.o
 *fill*         0x000000000100bfb6        0x2 
 .rodata.LG3004_33K_19_TOGGLE_TWO_Freq_0_BUF
                0x000000000100bfb8       0x1e output/obj/ir_lib.o
 *fill*         0x000000000100bfd6        0x2 
 .rodata.LG3004_33K_19_TOGGLE_ZERO_BUF
                0x000000000100bfd8       0x1e output/obj/ir_lib.o
 *fill*         0x000000000100bff6        0x2 
 .rodata.M3004_38K_20_BUF
                0x000000000100bff8       0x1e output/obj/ir_lib.o
 *fill*         0x000000000100c016        0x2 
 .rodata.M3004_38K_20_toggle_zero_BUF
                0x000000000100c018       0x1e output/obj/ir_lib.o
 *fill*         0x000000000100c036        0x2 
 .rodata.M3004_38K_21_400_BUF
                0x000000000100c038       0x1e output/obj/ir_lib.o
 *fill*         0x000000000100c056        0x2 
 .rodata.M50119P_23_BUF
                0x000000000100c058       0x1e output/obj/ir_lib.o
 *fill*         0x000000000100c076        0x2 
 .rodata.M50462_24_BUF
                0x000000000100c078       0x1e output/obj/ir_lib.o
 *fill*         0x000000000100c096        0x2 
 .rodata.M50560_25_BUF
                0x000000000100c098       0x1e output/obj/ir_lib.o
 *fill*         0x000000000100c0b6        0x2 
 .rodata.MITC8D8_28_BUF
                0x000000000100c0b8       0x1e output/obj/ir_lib.o
 *fill*         0x000000000100c0d6        0x2 
 .rodata.MN6014C6D6_29_BUF
                0x000000000100c0d8       0x1e output/obj/ir_lib.o
 *fill*         0x000000000100c0f6        0x2 
 .rodata.MN6014C5D638_30_BUF
                0x000000000100c0f8       0x1e output/obj/ir_lib.o
 *fill*         0x000000000100c116        0x2 
 .rodata.MN6014C5D656_31_BUF
                0x000000000100c118       0x1e output/obj/ir_lib.o
 *fill*         0x000000000100c136        0x2 
 .rodata.N3201_32_BUF
                0x000000000100c138       0x1e output/obj/ir_lib.o
 *fill*         0x000000000100c156        0x2 
 .rodata.PANPROJECTOR_37_BUF
                0x000000000100c158       0x1e output/obj/ir_lib.o
 *fill*         0x000000000100c176        0x2 
 .rodata.PHILIPS_20_38_BUF
                0x000000000100c178       0x1e output/obj/ir_lib.o
 *fill*         0x000000000100c196        0x2 
 .rodata.PHILIPS_RC_MM_39_BUF
                0x000000000100c198       0x1e output/obj/ir_lib.o
 *fill*         0x000000000100c1b6        0x2 
 .rodata.PILOT370_40_BUF
                0x000000000100c1b8       0x1e output/obj/ir_lib.o
 *fill*         0x000000000100c1d6        0x2 
 .rodata.PIONEER_41_BUF
                0x000000000100c1d8       0x1e output/obj/ir_lib.o
 *fill*         0x000000000100c1f6        0x2 
 .rodata.RCA_56_42_BUF
                0x000000000100c1f8       0x1e output/obj/ir_lib.o
 *fill*         0x000000000100c216        0x2 
 .rodata.RCA_38_43_BUF
                0x000000000100c218       0x1e output/obj/ir_lib.o
 *fill*         0x000000000100c236        0x2 
 .rodata.RCA_56_44_BUF
                0x000000000100c238       0x1e output/obj/ir_lib.o
 *fill*         0x000000000100c256        0x2 
 .rodata.SAA3010_38_45_BUF
                0x000000000100c258       0x1e output/obj/ir_lib.o
 *fill*         0x000000000100c276        0x2 
 .rodata.SAA3010_36_46_BUF
                0x000000000100c278       0x1e output/obj/ir_lib.o
 *fill*         0x000000000100c296        0x2 
 .rodata.SAMSUNG_38_49_BUF
                0x000000000100c298       0x1e output/obj/ir_lib.o
 *fill*         0x000000000100c2b6        0x2 
 .rodata.LX0773CE_50_BUF
                0x000000000100c2b8       0x1e output/obj/ir_lib.o
 *fill*         0x000000000100c2d6        0x2 
 .rodata.SINGH2150_51_BUF
                0x000000000100c2d8       0x1e output/obj/ir_lib.o
 *fill*         0x000000000100c2f6        0x2 
 .rodata.TC901_54_BUF
                0x000000000100c2f8       0x1e output/obj/ir_lib.o
 *fill*         0x000000000100c316        0x2 
 .rodata.TC901_55_BUF
                0x000000000100c318       0x1e output/obj/ir_lib.o
 *fill*         0x000000000100c336        0x2 
 .rodata.RCT311_56_BUF
                0x000000000100c338       0x1e output/obj/ir_lib.o
 *fill*         0x000000000100c356        0x2 
 .rodata.UPD6121G2_64_BUF
                0x000000000100c358       0x1e output/obj/ir_lib.o
 *fill*         0x000000000100c376        0x2 
 .rodata.UPD6121G2_40K_65_BUF
                0x000000000100c378       0x1e output/obj/ir_lib.o
 *fill*         0x000000000100c396        0x2 
 .rodata.UPD6121G_LIAN_66_BUF
                0x000000000100c398       0x1e output/obj/ir_lib.o
 *fill*         0x000000000100c3b6        0x2 
 .rodata.UPD6121G_001_67_BUF
                0x000000000100c3b8       0x1e output/obj/ir_lib.o
 *fill*         0x000000000100c3d6        0x2 
 .rodata.UPD6121G2_D8_68_BUF
                0x000000000100c3d8       0x1e output/obj/ir_lib.o
 *fill*         0x000000000100c3f6        0x2 
 .rodata.UPD6124_D7C5_69_BUF
                0x000000000100c3f8       0x1e output/obj/ir_lib.o
 *fill*         0x000000000100c416        0x2 
 .rodata.UPD6124_D7C8_70_BUF
                0x000000000100c418       0x1e output/obj/ir_lib.o
 *fill*         0x000000000100c436        0x2 
 .rodata.UPD6124_D7C13_71_BUF
                0x000000000100c438       0x1e output/obj/ir_lib.o
 *fill*         0x000000000100c456        0x2 
 .rodata.VICTOR_C8D8_72_BUF
                0x000000000100c458       0x1e output/obj/ir_lib.o
 *fill*         0x000000000100c476        0x2 
 .rodata.XY_2106_75_BUF
                0x000000000100c478       0x1e output/obj/ir_lib.o
 *fill*         0x000000000100c496        0x2 
 .rodata.ZENITH_S10_77_BUF
                0x000000000100c498       0x1e output/obj/ir_lib.o
 *fill*         0x000000000100c4b6        0x2 
 .rodata.ZENITH_S10_77_Zero_BUF
                0x000000000100c4b8       0x1e output/obj/ir_lib.o
 *fill*         0x000000000100c4d6        0x2 
 .rodata.ZENITH_D5_78_BUF
                0x000000000100c4d8       0x1e output/obj/ir_lib.o
 *fill*         0x000000000100c4f6        0x2 
 .rodata.ZENITH_D7_79_BUF
                0x000000000100c4f8       0x1e output/obj/ir_lib.o
 *fill*         0x000000000100c516        0x2 
 .rodata.ZENITHSIM_C2D8_82_BUF
                0x000000000100c518       0x1e output/obj/ir_lib.o
 *fill*         0x000000000100c536        0x2 
 .rodata.Unknow_C8D5_83_BUF
                0x000000000100c538       0x1e output/obj/ir_lib.o
 *fill*         0x000000000100c556        0x2 
 .rodata.UPD6121G_001_APPLE_90_BUF
                0x000000000100c558       0x1e output/obj/ir_lib.o
 *fill*         0x000000000100c576        0x2 
 .rodata.Pioneer_91_BUF
                0x000000000100c578       0x1e output/obj/ir_lib.o
 *fill*         0x000000000100c596        0x2 
 .rodata.STM708LB1_92_BUF
                0x000000000100c598       0x1e output/obj/ir_lib.o
 *fill*         0x000000000100c5b6        0x2 
 .rodata.JX_9070_93_BUF
                0x000000000100c5b8       0x1e output/obj/ir_lib.o
 *fill*         0x000000000100c5d6        0x2 
 .rodata.GD_2000_94_BUF
                0x000000000100c5d8       0x1e output/obj/ir_lib.o
 *fill*         0x000000000100c5f6        0x2 
 .rodata.DVB_40BIT_100_BUF
                0x000000000100c5f8       0x1e output/obj/ir_lib.o
 *fill*         0x000000000100c616        0x2 
 .rodata.CSWTCH.0
                0x000000000100c618       0x1c output/obj/ir_lib.o
 .rodata.CSWTCH.1
                0x000000000100c634      0x30c output/obj/ir_lib.o
 .rodata.CSWTCH.2
                0x000000000100c940      0x110 output/obj/ir_lib.o
 .rodata.timeout_timer_cb.str1.4
                0x000000000100ca50        0xb output/obj/audio.o
 *fill*         0x000000000100ca5b        0x1 
 .rodata.voice_timer_init.str1.4
                0x000000000100ca5c       0x44 output/obj/audio.o
 .rodata.mic_close.str1.4
                0x000000000100caa0       0x21 output/obj/audio.o
 *fill*         0x000000000100cac1        0x3 
 .rodata.mic_open.str1.4
                0x000000000100cac4        0xc output/obj/audio.o
 .rodata.sbc_enc_as16Offset8
                0x000000000100cad0       0x40 output/obj/sbc_enc_bit_alloc_mono.o
                0x000000000100cad0                sbc_enc_as16Offset8
 .rodata.keyvalue_buf
                0x000000000100cb10       0x19 output/obj/remote_control.o
 *fill*         0x000000000100cb29        0x3 
 .rodata.scan_rsp_data_buf
                0x000000000100cb2c       0x14 output/obj/remote_control.o
 .rodata.adv_data_buf
                0x000000000100cb40        0xf output/obj/remote_control.o
 *fill*         0x000000000100cb4f        0x1 
 .rodata.low_power_handle.str1.4
                0x000000000100cb50       0x19 output/obj/remote_control.o
 *fill*         0x000000000100cb69        0x3 
 .rodata.key_pressed_handle.str1.4
                0x000000000100cb6c       0x15 output/obj/remote_control.o
 *fill*         0x000000000100cb81        0x3 
 .rodata.keyvalue_handle.str1.4
                0x000000000100cb84       0x1c output/obj/remote_control.o
 .rodata.power_handle.str1.4
                0x000000000100cba0       0x11 output/obj/remote_control.o
 *fill*         0x000000000100cbb1        0x3 
 .rodata.CONN_PARAM_ACCEPTED.str1.4
                0x000000000100cbb4       0x16 output/obj/remote_control.o
 *fill*         0x000000000100cbca        0x2 
 .rodata.Read_Blob_Parse.str1.4
                0x000000000100cbcc       0x13 output/obj/remote_control.o
 *fill*         0x000000000100cbdf        0x1 
 .rodata.Write_DataParse.str1.4
                0x000000000100cbe0       0x4f output/obj/remote_control.o
 *fill*         0x000000000100cc2f        0x1 
 .rodata        0x000000000100cc30       0x13 output/obj/remote_control.o
 *fill*         0x000000000100cc43        0x1 
 .rodata.ENCRYPT_DONE.str1.4
                0x000000000100cc44       0x10 output/obj/remote_control.o
 .rodata.PAIR_DONE.str1.4
                0x000000000100cc54        0xd output/obj/remote_control.o
 *fill*         0x000000000100cc61        0x3 
 .rodata.LE_DISCONNECTED.str1.4
                0x000000000100cc64       0x5b output/obj/remote_control.o
 *fill*         0x000000000100ccbf        0x1 
 .rodata.LE_LTK_LOST.str1.4
                0x000000000100ccc0       0x1a output/obj/remote_control.o
                                         0x22 (size before relaxing)
 *fill*         0x000000000100ccda        0x2 
 .rodata.LE_CONNECTED.str1.4
                0x000000000100ccdc       0x10 output/obj/remote_control.o
 .rodata.Dev_PowerOn.str1.4
                0x000000000100ccec       0x13 output/obj/remote_control.o
 *fill*         0x000000000100ccff        0x1 
 .rodata.app_init.str1.4
                0x000000000100cd00       0x34 output/obj/remote_control.o
                                         0x33 (size before relaxing)
 .rodata.PRIMARY_SERVICE
                0x000000000100cd34        0x2 output/obj/att_list.o
                0x000000000100cd34                PRIMARY_SERVICE
 *fill*         0x000000000100cd36        0x2 
 .rodata.GATT_INCLUDE
                0x000000000100cd38        0x2 output/obj/att_list.o
                0x000000000100cd38                GATT_INCLUDE
 *fill*         0x000000000100cd3a        0x2 
 .rodata.GATT_CHARACTERISTIC
                0x000000000100cd3c        0x2 output/obj/att_list.o
                0x000000000100cd3c                GATT_CHARACTERISTIC
 *fill*         0x000000000100cd3e        0x2 
 .rodata.READ_PREMITTED_ONLY
                0x000000000100cd40        0x1 output/obj/att_list.o