Archive member included to satisfy reference by file (symbol)

./../../../APP/SECRETKEY\libSecretKey.a(SecretKey.o)
                              output/obj/remote_control.o (SecretKey_Generate)
d:/environment/risc-v/riscv32-unknown-elf-gcc-8.3.0_rv32imafc_ilp32f_newlib/bin/../lib/gcc/riscv32-unknown-elf/8.3.0\libgcc.a(muldf3.o)
                              output/obj/ir_send.o (__muldf3)
d:/environment/risc-v/riscv32-unknown-elf-gcc-8.3.0_rv32imafc_ilp32f_newlib/bin/../lib/gcc/riscv32-unknown-elf/8.3.0\libgcc.a(fixunsdfsi.o)
                              output/obj/ir_send.o (__fixunsdfsi)
d:/environment/risc-v/riscv32-unknown-elf-gcc-8.3.0_rv32imafc_ilp32f_newlib/bin/../lib/gcc/riscv32-unknown-elf/8.3.0\libgcc.a(floatsidf.o)
                              output/obj/ir_send.o (__floatsidf)
d:/environment/risc-v/riscv32-unknown-elf-gcc-8.3.0_rv32imafc_ilp32f_newlib/bin/../lib/gcc/riscv32-unknown-elf/8.3.0\libgcc.a(floatunsidf.o)
                              output/obj/ir_learn_from_remote.o (__floatunsidf)
d:/environment/risc-v/riscv32-unknown-elf-gcc-8.3.0_rv32imafc_ilp32f_newlib/bin/../lib/gcc/riscv32-unknown-elf/8.3.0\libgcc.a(extendsfdf2.o)
                              output/obj/remote_control.o (__extendsfdf2)
d:/environment/risc-v/riscv32-unknown-elf-gcc-8.3.0_rv32imafc_ilp32f_newlib/bin/../lib/gcc/riscv32-unknown-elf/8.3.0\libgcc.a(save-restore.o)
                              output/obj/att.o (__riscv_save_12)
d:/environment/risc-v/riscv32-unknown-elf-gcc-8.3.0_rv32imafc_ilp32f_newlib/bin/../lib/gcc/riscv32-unknown-elf/8.3.0\libgcc.a(_clzsi2.o)
                              d:/environment/risc-v/riscv32-unknown-elf-gcc-8.3.0_rv32imafc_ilp32f_newlib/bin/../lib/gcc/riscv32-unknown-elf/8.3.0\libgcc.a(muldf3.o) (__clzsi2)
d:/environment/risc-v/riscv32-unknown-elf-gcc-8.3.0_rv32imafc_ilp32f_newlib/bin/../lib/gcc/riscv32-unknown-elf/8.3.0\libgcc.a(_clz.o)
                              d:/environment/risc-v/riscv32-unknown-elf-gcc-8.3.0_rv32imafc_ilp32f_newlib/bin/../lib/gcc/riscv32-unknown-elf/8.3.0\libgcc.a(_clzsi2.o) (__clz_tab)
d:/environment/risc-v/riscv32-unknown-elf-gcc-8.3.0_rv32imafc_ilp32f_newlib/bin/../lib/gcc/riscv32-unknown-elf/8.3.0/../../../../riscv32-unknown-elf/lib\libc.a(lib_a-memcmp.o)
                              output/obj/att.o (memcmp)
d:/environment/risc-v/riscv32-unknown-elf-gcc-8.3.0_rv32imafc_ilp32f_newlib/bin/../lib/gcc/riscv32-unknown-elf/8.3.0/../../../../riscv32-unknown-elf/lib\libc.a(lib_a-memcpy.o)
                              output/obj/yc11xx_ipc.o (memcpy)
d:/environment/risc-v/riscv32-unknown-elf-gcc-8.3.0_rv32imafc_ilp32f_newlib/bin/../lib/gcc/riscv32-unknown-elf/8.3.0/../../../../riscv32-unknown-elf/lib\libc.a(lib_a-memset.o)
                              output/obj/yc_debug.o (memset)
d:/environment/risc-v/riscv32-unknown-elf-gcc-8.3.0_rv32imafc_ilp32f_newlib/bin/../lib/gcc/riscv32-unknown-elf/8.3.0/../../../../riscv32-unknown-elf/lib\libc.a(lib_a-rand.o)
                              output/obj/remote_control.o (rand)
d:/environment/risc-v/riscv32-unknown-elf-gcc-8.3.0_rv32imafc_ilp32f_newlib/bin/../lib/gcc/riscv32-unknown-elf/8.3.0/../../../../riscv32-unknown-elf/lib\libc.a(lib_a-impure.o)
                              d:/environment/risc-v/riscv32-unknown-elf-gcc-8.3.0_rv32imafc_ilp32f_newlib/bin/../lib/gcc/riscv32-unknown-elf/8.3.0/../../../../riscv32-unknown-elf/lib\libc.a(lib_a-rand.o) (_impure_ptr)

Allocating common symbols
Common symbol       size              file

gHaltLogFlag        0x2               output/obj/yc_debug.o
encode_onoff        0x1               output/obj/encode.o
chrctr_cfbf_04_value
                    0x2               output/obj/att_list.o
chrctr_ff_d1_value  0x2               output/obj/att_list.o
gFacStoreinfo       0xa               output/obj/yc_dev_bt.o
chrctr_ff_d2_value  0x2               output/obj/att_list.o
chrctr_ff_f2_value  0x2               output/obj/att_list.o
prepareLen          0x1               output/obj/att.o
chrctr_cfbf_03_value
                    0x2               output/obj/att_list.o
voice_status        0x4               output/obj/audio.o
EncMaxShiftCounter  0x2               output/obj/sbc_encoder.o
chrctr_ff_e0_value  0x2               output/obj/att_list.o
chrctr_ff_d8_value  0x2               output/obj/att_list.o
gHaltLogValue       0x2               output/obj/yc_debug.o
gOsEnterCriticalCnt
                    0x2               output/obj/yc11xx.o
prepareHandle       0x1               output/obj/att.o
chrctr_ff_d4_value  0x2               output/obj/att_list.o
chrctr_ff_d5_value  0x2               output/obj/att_list.o
chrctr_ff_d3_value  0x2               output/obj/att_list.o
txptr               0x4               output/obj/yc_debug.o
chrctr_cfbf_02_value
                    0x2               output/obj/att_list.o
encode_state        0x1               output/obj/encode.o
gHciDataDebug       0x18              output/obj/yc11xx_dev_bt_data_trans.o
[...]
Memory Configuration

Name             Origin             Length             Attributes
*default*        0x0000000000000000 0xffffffffffffffff

Linker script and memory map

LOAD output/obj/main.o
LOAD output/obj/yc_debug.o
LOAD output/obj/yc_nvic.o
LOAD output/obj/yc11xx.o
LOAD output/obj/malloc.o
LOAD output/obj/software_timer.o
LOAD output/obj/yc11xx_bt_interface.o
LOAD output/obj/yc11xx_ipc.o
LOAD output/obj/yc11xx_audio_adc.o
LOAD output/obj/yc11xx_gpio.o
LOAD output/obj/yc11xx_iwdg.o
LOAD output/obj/yc11xx_qspi.o
LOAD output/obj/yc11xx_qspi0.o
LOAD output/obj/yc11xx_spi.o
LOAD output/obj/yc11xx_systick.o
LOAD output/obj/yc11xx_timer.o
LOAD output/obj/yc11xx_uart.o
LOAD output/obj/yc11xx_lpm.o
LOAD output/obj/yc11xx_pwm.o
LOAD output/obj/yc11xx_dev_bt_aap.o
LOAD output/obj/yc11xx_dev_bt_data_trans.o
LOAD output/obj/yc11xx_dev_qspi.o
LOAD output/obj/yc_dev_bt.o
LOAD output/obj/yc_ota.o
LOAD output/obj/hci_dtm_test.o
LOAD output/obj/att.o
LOAD output/obj/flash.o
LOAD output/obj/app_queue.o
LOAD output/obj/app_sleep.o
LOAD output/obj/vbat.o
LOAD output/obj/keyscan.o
LOAD output/obj/led.o
LOAD output/obj/ir_send.o
LOAD output/obj/ir_load.o
LOAD output/obj/ir_lib.o
LOAD output/obj/ir_select.o
LOAD output/obj/ir_learn_from_remote.o
LOAD output/obj/audio.o
LOAD output/obj/sbc_encoder.o
LOAD output/obj/hd_sbc.o
LOAD output/obj/sbc_dct_coeffs.o
LOAD output/obj/sbc_enc_bit_alloc_mono.o
LOAD output/obj/sbc_enc_coeffs.o
LOAD output/obj/sbc_analysis.o
LOAD output/obj/sbc_enc_bit_alloc_ste.o
LOAD output/obj/sbc_dct.o
LOAD output/obj/sbc_packing.o
LOAD output/obj/mouse.o
LOAD output/obj/hd_math.o
LOAD output/obj/software_i2c.o
LOAD output/obj/encode.o
LOAD output/obj/factory_test_off_line.o
LOAD output/obj/remote_control.o
LOAD output/obj/att_list.o
LOAD output/obj/startup_rv32.o
LOAD ./../../../APP/SECRETKEY\libSecretKey.a
LOAD d:/environment/risc-v/riscv32-unknown-elf-gcc-8.3.0_rv32imafc_ilp32f_newlib/bin/../lib/gcc/riscv32-unknown-elf/8.3.0\libgcc.a
START GROUP
LOAD d:/environment/risc-v/riscv32-unknown-elf-gcc-8.3.0_rv32imafc_ilp32f_newlib/bin/../lib/gcc/riscv32-unknown-elf/8.3.0/../../../../riscv32-unknown-elf/lib\libc.a
LOAD d:/environment/risc-v/riscv32-unknown-elf-gcc-8.3.0_rv32imafc_ilp32f_newlib/bin/../lib/gcc/riscv32-unknown-elf/8.3.0/../../../../riscv32-unknown-elf/lib\libgloss.a
END GROUP
LOAD d:/environment/risc-v/riscv32-unknown-elf-gcc-8.3.0_rv32imafc_ilp32f_newlib/bin/../lib/gcc/riscv32-unknown-elf/8.3.0\libgcc.a
                0x0000000001000000                . = 0x1000000

.text           0x0000000001000000      0x670
 *startup_rv32.o()
 .text          0x0000000001000000        0x0 output/obj/startup_rv32.o
 .data          0x0000000001000000        0x0 output/obj/startup_rv32.o
 .bss           0x0000000001000000        0x0 output/obj/startup_rv32.o
 .text.startup  0x0000000001000000      0x14c output/obj/startup_rv32.o
                0x0000000001000096                disable_mie
                0x000000000100009e                enable_mie
                0x00000000010000a8                Default_IRQHandler
 *fill*         0x000000000100014c       0x34 
 .text.trap     0x0000000001000180      0x160 output/obj/startup_rv32.o
                0x0000000001000180                trap
                0x00000000010001d8                lpo_delay
                0x00000000010001de                trap_c
                0x0000000001000200                NMI_Handler
                0x0000000001000200                UART_IRQHandler
                0x0000000001000200                SBC_ERR1_IRQHandl
                0x0000000001000200                SBC_ERR0_IRQHandl
                0x0000000001000200                UARTB_IRQHandler
                0x0000000001000200                PWM3_IRQHandler
                0x0000000001000200                IIS_IRQHandler
                0x0000000001000200                BT_IRQHandler
                0x0000000001000200                PWM1_IRQHandler
                0x0000000001000200                SPI_IRQHandler
                0x0000000001000200                PWM5_IRQHandler
                0x0000000001000200                PWM2_IRQHandler
                0x0000000001000200                Default_Handler
                0x0000000001000200                QSPI1_IRQHandler
                0x0000000001000200                ADC_IRQHandler
                0x0000000001000200                PWM4_IRQHandler
                0x0000000001000200                USB_IRQHandler
                0x0000000001000200                IIC_IRQHandler
                0x0000000001000200                IICD1_IRQHandler
                0x0000000001000200                PWM7_IRQHandler
                0x0000000001000200                SDMA_IRQHandler
                0x0000000001000200                WDT_IRQHandler
                0x0000000001000200                DEB_IRQHandler
                0x0000000001000200                QSPI2_IRQHandler
                0x0000000001000200                PWM0_IRQHandler
                0x0000000001000200                HOST_IRQHandler
                0x0000000001000200                DMA_IRQHandler
                0x0000000001000200                SD_IRQHandler
                0x0000000001000200                WDT2_IRQHandler
                0x0000000001000200                QSPI_IRQHandler
                0x0000000001000200                PWM6_IRQHandler
                0x0000000001000200                FFT_IRQHandler
                0x0000000001000200                GPIO_IRQHandler
 .debug_line    0x00000000010002e0      0x2a7 output/obj/startup_rv32.o
 .debug_info    0x0000000001000587       0x22 output/obj/startup_rv32.o
 .debug_abbrev  0x00000000010005a9       0x12 output/obj/startup_rv32.o
 *fill*         0x00000000010005bb        0x5 
 .debug_aranges
                0x00000000010005c0       0x28 output/obj/startup_rv32.o
 .debug_str     0x00000000010005e8       0x63 output/obj/startup_rv32.o
 *fill*         0x000000000100064b        0x5 
 .debug_ranges  0x0000000001000650       0x20 output/obj/startup_rv32.o
                0x0000000001001000                . = 0x1001000

.text1          0x0000000001001000     0xef1c
 *(.text*)
 .text.bt_init  0x0000000001001000       0x52 output/obj/main.o
 .text.chip_task_run
                0x0000000001001052       0x1a output/obj/main.o
 .text.chip_init
                0x000000000100106c       0x36 output/obj/main.o
 .text.startup.main
                0x00000000010010a2       0x18 output/obj/main.o
                0x00000000010010a2                main
 .text.uart_txBuffer
                0x00000000010010ba       0x1c output/obj/yc_debug.o
                0x00000000010010ba                uart_txBuffer
 .text.uart_txChar
                0x00000000010010d6       0x7c output/obj/yc_debug.o
                0x00000000010010d6                uart_txChar
 .text.init_debugUart
                0x0000000001001152       0xc6 output/obj/yc_debug.o
                0x0000000001001152                init_debugUart
 .text.debugUart_pollTx
                0x0000000001001218        0xa output/obj/yc_debug.o
                0x0000000001001218                debugUart_pollTx
 .text.yichip_debug_uart_protocol
                0x0000000001001222       0x32 output/obj/yc_debug.o
                0x0000000001001222                yichip_debug_uart_protocol
 .text.init_print_log
                0x0000000001001254      0x142 output/obj/yc_debug.o
                0x0000000001001254                init_print_log
 .text.print_log_to_uart
                0x0000000001001396       0xfa output/obj/yc_debug.o
                0x0000000001001396                print_log_to_uart
 .text.print_string_to_uart
                0x0000000001001490       0x48 output/obj/yc_debug.o
                0x0000000001001490                print_string_to_uart
 .text.print_string
                0x00000000010014d8       0x34 output/obj/yc_debug.o
                0x00000000010014d8                print_string
 .text.print_string_log_raw
                0x000000000100150c      0x24c output/obj/yc_debug.o
                0x000000000100150c                print_string_log_raw
 .text.print_string_log
                0x0000000001001758       0x30 output/obj/yc_debug.o
                0x0000000001001758                print_string_log
 .text.RV_EnableIRQ
                0x0000000001001788       0x2c output/obj/yc_nvic.o
                0x0000000001001788                RV_EnableIRQ
 .text.RV_DisableIRQ
                0x00000000010017b4       0x2c output/obj/yc_nvic.o
                0x00000000010017b4                RV_DisableIRQ
 .text.RV_SetPriority
                0x00000000010017e0       0x34 output/obj/yc_nvic.o
                0x00000000010017e0                RV_SetPriority
 .text.NVIC_Configuration
                0x0000000001001814       0x22 output/obj/yc_nvic.o
                0x0000000001001814                NVIC_Configuration
 .text.xmemcpy  0x0000000001001836       0x2c output/obj/yc11xx.o
                0x0000000001001836                xmemcpy
 .text._assert_handler
                0x0000000001001862        0x2 output/obj/yc11xx.o
                0x0000000001001862                _assert_handler
 .text.xramcmp  0x0000000001001864       0x32 output/obj/yc11xx.o
                0x0000000001001864                xramcmp
 .text.CoreReg_ClkControl
                0x0000000001001896       0x82 output/obj/yc11xx.o
                0x0000000001001896                CoreReg_ClkControl
 .text.SetLockLpmWriteReg
                0x0000000001001918       0x30 output/obj/yc11xx.o
                0x0000000001001918                SetLockLpmWriteReg
 .text.SetReleaseLpmWriteReg
                0x0000000001001948        0xa output/obj/yc11xx.o
                0x0000000001001948                SetReleaseLpmWriteReg
 .text.CoreReg_LpmWriteCommon
                0x0000000001001952       0x84 output/obj/yc11xx.o
                0x0000000001001952                CoreReg_LpmWriteCommon
 .text.CoreReg_LpmWrite2
                0x00000000010019d6       0x10 output/obj/yc11xx.o
                0x00000000010019d6                CoreReg_LpmWrite2
 .text.CoreReg_LpmWrite2LdoControl
                0x00000000010019e6        0xc output/obj/yc11xx.o
                0x00000000010019e6                CoreReg_LpmWrite2LdoControl
 .text.CoreReg_LpmWrite2IceWdtLongRst
                0x00000000010019f2        0xe output/obj/yc11xx.o
                0x00000000010019f2                CoreReg_LpmWrite2IceWdtLongRst
 .text.CoreReg_LpmGetIceWdtLongRst
                0x0000000001001a00       0x24 output/obj/yc11xx.o
                0x0000000001001a00                CoreReg_LpmGetIceWdtLongRst
 .text.Audio_AdcDSMDIV_12MConfig
                0x0000000001001a24       0x44 output/obj/yc11xx.o
                0x0000000001001a24                Audio_AdcDSMDIV_12MConfig
 .text.Audio_AdcDSMDIV_12MEnable
                0x0000000001001a68       0x2e output/obj/yc11xx.o
                0x0000000001001a68                Audio_AdcDSMDIV_12MEnable
 .text.Audio_AdcDSMDIV_11MConfig
                0x0000000001001a96       0x44 output/obj/yc11xx.o
                0x0000000001001a96                Audio_AdcDSMDIV_11MConfig
 .text.Audio_AdcDSMDIV_11MEnable
                0x0000000001001ada       0x2e output/obj/yc11xx.o
                0x0000000001001ada                Audio_AdcDSMDIV_11MEnable
 .text.Audio_ClkInit
                0x0000000001001b08       0x30 output/obj/yc11xx.o
                0x0000000001001b08                Audio_ClkInit
 .text.wait_lpodelay
                0x0000000001001b38       0x22 output/obj/yc11xx.o
                0x0000000001001b38                wait_lpodelay
 .text.SYS_RESET
                0x0000000001001b5a        0xc output/obj/yc11xx.o
                0x0000000001001b5a                SYS_RESET
 .text.prvInsertBlockIntoFreeList
                0x0000000001001b66       0x4c output/obj/malloc.o
 .text.Memory_Malloc
                0x0000000001001bb2       0xc8 output/obj/malloc.o
                0x0000000001001bb2                Memory_Malloc
 .text.Memory_Free
                0x0000000001001c7a       0x46 output/obj/malloc.o
                0x0000000001001c7a                Memory_Free
 .text.Memory_InitHeap
                0x0000000001001cc0       0x3c output/obj/malloc.o
                0x0000000001001cc0                Memory_InitHeap
 .text.swtimer_task
                0x0000000001001cfc       0x98 output/obj/software_timer.o
 .text.swtimer_restart
                0x0000000001001d94       0x46 output/obj/software_timer.o
                0x0000000001001d94                swtimer_restart
 .text.swtimer_stop
                0x0000000001001dda       0x40 output/obj/software_timer.o
                0x0000000001001dda                swtimer_stop
 .text.swtimer_start
                0x0000000001001e1a       0x74 output/obj/software_timer.o
                0x0000000001001e1a                swtimer_start
 .text.swtimer_add
                0x0000000001001e8e       0x60 output/obj/software_timer.o
                0x0000000001001e8e                swtimer_add
 .text.software_timer_stop
                0x0000000001001eee       0x14 output/obj/software_timer.o
                0x0000000001001eee                software_timer_stop
 .text.software_timer_start
                0x0000000001001f02       0x1c output/obj/software_timer.o
                0x0000000001001f02                software_timer_start
 .text.Bt_SndCmdPwroff
                0x0000000001001f1e        0xe output/obj/yc11xx_bt_interface.o
                0x0000000001001f1e                Bt_SndCmdPwroff
 .text.MedianFilter
                0x0000000001001f2c       0x5a output/obj/yc11xx_bt_interface.o
                0x0000000001001f2c                MedianFilter
 .text.ipcRx    0x0000000001001f86      0x162 output/obj/yc11xx_ipc.o
 .text.ipcTx    0x00000000010020e8      0x162 output/obj/yc11xx_ipc.o
 .text.IPC_IsTxBuffEmpty
                0x000000000100224a      0x160 output/obj/yc11xx_ipc.o
                0x000000000100224a                IPC_IsTxBuffEmpty
 .text.IPC_IsRxBuffEmpty
                0x00000000010023aa      0x160 output/obj/yc11xx_ipc.o
                0x00000000010023aa                IPC_IsRxBuffEmpty
 .text.IPC_TxBufferIsEnough
                0x000000000100250a      0x1ee output/obj/yc11xx_ipc.o
                0x000000000100250a                IPC_TxBufferIsEnough
 .text.IPC_TxCommon
                0x00000000010026f8       0x96 output/obj/yc11xx_ipc.o
                0x00000000010026f8                IPC_TxCommon
 .text.IPC_TxControlCmd
                0x000000000100278e       0x6a output/obj/yc11xx_ipc.o
                0x000000000100278e                IPC_TxControlCmd
 .text.IPC_TxAclCmd
                0x00000000010027f8       0x6a output/obj/yc11xx_ipc.o
                0x00000000010027f8                IPC_TxAclCmd
 .text.IPC_HandleRxPacket
                0x0000000001002862       0x88 output/obj/yc11xx_ipc.o
                0x0000000001002862                IPC_HandleRxPacket
 .text.IpcDefaultCallBack
                0x00000000010028ea       0x12 output/obj/yc11xx_ipc.o
                0x00000000010028ea                IpcDefaultCallBack
 .text.IPC_Init
                0x00000000010028fc        0xa output/obj/yc11xx_ipc.o
                0x00000000010028fc                IPC_Init
 .text.AUDIO_AdcInit
                0x0000000001002906      0x32a output/obj/yc11xx_audio_adc.o
                0x0000000001002906                AUDIO_AdcInit
 .text.AUDIO_AdcFilterInit
                0x0000000001002c30      0x138 output/obj/yc11xx_audio_adc.o
                0x0000000001002c30                AUDIO_AdcFilterInit
 .text.AUDIO_AdcDmaSet
                0x0000000001002d68       0x1a output/obj/yc11xx_audio_adc.o
                0x0000000001002d68                AUDIO_AdcDmaSet
 .text.AUDIO_AdcStop
                0x0000000001002d82       0x14 output/obj/yc11xx_audio_adc.o
                0x0000000001002d82                AUDIO_AdcStop
 .text.AUDIO_AdcHPFInit
                0x0000000001002d96       0x36 output/obj/yc11xx_audio_adc.o
                0x0000000001002d96                AUDIO_AdcHPFInit
 .text.AUDIO_AdcHPFEnable
                0x0000000001002dcc       0x16 output/obj/yc11xx_audio_adc.o
                0x0000000001002dcc                AUDIO_AdcHPFEnable
 .text.AUDIO_AdcHPFClr
                0x0000000001002de2       0x2a output/obj/yc11xx_audio_adc.o
                0x0000000001002de2                AUDIO_AdcHPFClr
 .text.AUDIO_AdcVolConfig
                0x0000000001002e0c       0x50 output/obj/yc11xx_audio_adc.o
                0x0000000001002e0c                AUDIO_AdcVolConfig
 .text.AUDIO_AdcAnaDiffConfig
                0x0000000001002e5c      0x236 output/obj/yc11xx_audio_adc.o
                0x0000000001002e5c                AUDIO_AdcAnaDiffConfig
 .text.AUDIO_AdcAnaSENoCapacitor
                0x0000000001003092      0x24e output/obj/yc11xx_audio_adc.o
                0x0000000001003092                AUDIO_AdcAnaSENoCapacitor
 .text.AUDIO_AdcAnaSEWithCapacitor
                0x00000000010032e0      0x234 output/obj/yc11xx_audio_adc.o
                0x00000000010032e0                AUDIO_AdcAnaSEWithCapacitor
 .text.AUDIO_AdcAnaVcomConfig
                0x0000000001003514      0x1d8 output/obj/yc11xx_audio_adc.o
                0x0000000001003514                AUDIO_AdcAnaVcomConfig
 .text.AUDIO_AdcAnaStop
                0x00000000010036ec       0x32 output/obj/yc11xx_audio_adc.o
                0x00000000010036ec                AUDIO_AdcAnaStop
 .text.GPIO_Init
                0x000000000100371e       0x50 output/obj/yc11xx_gpio.o
                0x000000000100371e                GPIO_Init
 .text.GPIO_ReadDataBit
                0x000000000100376e       0xb8 output/obj/yc11xx_gpio.o
                0x000000000100376e                GPIO_ReadDataBit
 .text.GPIO_WakeUp
                0x0000000001003826      0x290 output/obj/yc11xx_gpio.o
                0x0000000001003826                GPIO_WakeUp
 .text.IWDG_SetReload
                0x0000000001003ab6       0x28 output/obj/yc11xx_iwdg.o
                0x0000000001003ab6                IWDG_SetReload
 .text.IWDG_ReloadCounter
                0x0000000001003ade        0xa output/obj/yc11xx_iwdg.o
                0x0000000001003ade                IWDG_ReloadCounter
 .text.IWDG_Disable
                0x0000000001003ae8       0x3a output/obj/yc11xx_iwdg.o
                0x0000000001003ae8                IWDG_Disable
 .text.prefetch
                0x0000000001003b22       0x14 output/obj/yc11xx_qspi0.o
                0x0000000001003b22                prefetch
 .text.qspi0_dma_start
                0x0000000001003b36       0x54 output/obj/yc11xx_qspi0.o
 .text.qspi0_dma_wait
                0x0000000001003b8a       0x1e output/obj/yc11xx_qspi0.o
 .text.qspi0_write
                0x0000000001003ba8       0x3c output/obj/yc11xx_qspi0.o
 .text.qspi0_read_write
                0x0000000001003be4       0x38 output/obj/yc11xx_qspi0.o
 .text.qspi0_flash_cmd
                0x0000000001003c1c       0x16 output/obj/yc11xx_qspi0.o
 .text.qspi0_flash_readstatus1
                0x0000000001003c32       0x1c output/obj/yc11xx_qspi0.o
 .text.qspi0_flash_readstatus2
                0x0000000001003c4e       0x1e output/obj/yc11xx_qspi0.o
 .text.qspi0_flash_waitfinish
                0x0000000001003c6c       0x34 output/obj/yc11xx_qspi0.o
 .text.qspi0_flash_writestatus
                0x0000000001003ca0       0x32 output/obj/yc11xx_qspi0.o
 .text.qspi0_flash_writeenable
                0x0000000001003cd2        0xc output/obj/yc11xx_qspi0.o
 .text._qspi0_flash_write
                0x0000000001003cde       0xa2 output/obj/yc11xx_qspi0.o
 .text._qspi0_flash_erase
                0x0000000001003d80       0x46 output/obj/yc11xx_qspi0.o
 .text._qspi0_flash_read
                0x0000000001003dc6       0xde output/obj/yc11xx_qspi0.o
 .text.qspi0_flash_sectorerase
                0x0000000001003ea4       0x24 output/obj/yc11xx_qspi0.o
                0x0000000001003ea4                qspi0_flash_sectorerase
 .text.qspi0_flash_write
                0x0000000001003ec8       0x2c output/obj/yc11xx_qspi0.o
                0x0000000001003ec8                qspi0_flash_write
 .text.qspi0_flash_read
                0x0000000001003ef4       0x30 output/obj/yc11xx_qspi0.o
                0x0000000001003ef4                qspi0_flash_read
 .text.qspi0_flash_arealock
                0x0000000001003f24       0x5c output/obj/yc11xx_qspi0.o
                0x0000000001003f24                qspi0_flash_arealock
 .text.qspi0_flashwrite_lock
                0x0000000001003f80       0x26 output/obj/yc11xx_qspi0.o
                0x0000000001003f80                qspi0_flashwrite_lock
 .text.SysTick_Config
                0x0000000001003fa6       0x2c output/obj/yc11xx_systick.o
                0x0000000001003fa6                SysTick_Config
 .text.SysTick_TimerGet1usTicks
                0x0000000001003fd2       0x28 output/obj/yc11xx_systick.o
                0x0000000001003fd2                SysTick_TimerGet1usTicks
 .text.SysTick_IrqInit
                0x0000000001003ffa       0x48 output/obj/yc11xx_systick.o
                0x0000000001003ffa                SysTick_IrqInit
 .text.System_LdoCoreVsel
                0x0000000001004042       0x58 output/obj/yc11xx_systick.o
                0x0000000001004042                System_LdoCoreVsel
 .text.System_ChangeDPLL
                0x000000000100409a       0x40 output/obj/yc11xx_systick.o
                0x000000000100409a                System_ChangeDPLL
 .text.System_ChangeXtal24M
                0x00000000010040da       0x2c output/obj/yc11xx_systick.o
                0x00000000010040da                System_ChangeXtal24M
 .text.System_WorkClockGet
                0x0000000001004106       0x5e output/obj/yc11xx_systick.o
                0x0000000001004106                System_WorkClockGet
 .text.SysTick_DelayMs
                0x0000000001004164       0x12 output/obj/yc11xx_systick.o
                0x0000000001004164                SysTick_DelayMs
 .text.SysTick_DelayUs
                0x0000000001004176       0x44 output/obj/yc11xx_systick.o
                0x0000000001004176                SysTick_DelayUs
 .text.RV_TM_IRQHandler
                0x00000000010041ba       0x18 output/obj/yc11xx_systick.o
                0x00000000010041ba                RV_TM_IRQHandler
 .text.TIM_Init
                0x00000000010041d2      0x15a output/obj/yc11xx_timer.o
                0x00000000010041d2                TIM_Init
 .text.TIM_Cmd  0x000000000100432c       0x4c output/obj/yc11xx_timer.o
                0x000000000100432c                TIM_Cmd
 .text.Lpm_SleepWork
                0x0000000001004378       0x18 output/obj/yc11xx_lpm.o
                0x0000000001004378                Lpm_SleepWork
 .text.Lpm_GetWakeFlag
                0x0000000001004390        0xa output/obj/yc11xx_lpm.o
                0x0000000001004390                Lpm_GetWakeFlag
 .text.Lpm_CheckLpmFlag
                0x000000000100439a       0x24 output/obj/yc11xx_lpm.o
                0x000000000100439a                Lpm_CheckLpmFlag
 .text.Lpm_PollingWork
                0x00000000010043be       0x96 output/obj/yc11xx_lpm.o
                0x00000000010043be                Lpm_PollingWork
 .text.Lpm_unLockLpm
                0x0000000001004454       0x2e output/obj/yc11xx_lpm.o
                0x0000000001004454                Lpm_unLockLpm
 .text.Lpm_LockLpm
                0x0000000001004482       0x2a output/obj/yc11xx_lpm.o
                0x0000000001004482                Lpm_LockLpm
 .text.Lpm_EnableSet
                0x00000000010044ac        0xa output/obj/yc11xx_lpm.o
                0x00000000010044ac                Lpm_EnableSet
 .text.PWM_Config
                0x00000000010044b6       0x4c output/obj/yc11xx_pwm.o
                0x00000000010044b6                PWM_Config
 .text.PWM_DisConfig
                0x0000000001004502       0x18 output/obj/yc11xx_pwm.o
                0x0000000001004502                PWM_DisConfig
 .text.App_AAPSwichModeRsp
                0x000000000100451a       0x3e output/obj/yc11xx_dev_bt_aap.o
                0x000000000100451a                App_AAPSwichModeRsp
 .text.App_EvtAAPCallBack
                0x0000000001004558      0x116 output/obj/yc11xx_dev_bt_aap.o
                0x0000000001004558                App_EvtAAPCallBack
 .text.Bt_HciFifo_Init
                0x000000000100466e       0x42 output/obj/yc11xx_dev_bt_data_trans.o
                0x000000000100466e                Bt_HciFifo_Init
 .text.Bt_HciFifoIn
                0x00000000010046b0       0x46 output/obj/yc11xx_dev_bt_data_trans.o
                0x00000000010046b0                Bt_HciFifoIn
 .text.Bt_HciFifoOut
                0x00000000010046f6       0x44 output/obj/yc11xx_dev_bt_data_trans.o
                0x00000000010046f6                Bt_HciFifoOut
 .text.Bt_HciGetUsedBufferNum
                0x000000000100473a        0xe output/obj/yc11xx_dev_bt_data_trans.o
                0x000000000100473a                Bt_HciGetUsedBufferNum
 .text.Bt_HciCheckBufferFull
                0x0000000001004748       0x34 output/obj/yc11xx_dev_bt_data_trans.o
                0x0000000001004748                Bt_HciCheckBufferFull
 .text.Bt_HciWaitBufferElement
                0x000000000100477c        0xe output/obj/yc11xx_dev_bt_data_trans.o
                0x000000000100477c                Bt_HciWaitBufferElement
 .text.Bt_SndToBtData
                0x000000000100478a      0x126 output/obj/yc11xx_dev_bt_data_trans.o
                0x000000000100478a                Bt_SndToBtData
 .text.Bt_SndDataToRespin
                0x00000000010048b0       0x56 output/obj/yc11xx_dev_bt_data_trans.o
                0x00000000010048b0                Bt_SndDataToRespin
 .text.Bt_BleSendData
                0x0000000001004906       0x2c output/obj/yc11xx_dev_bt_data_trans.o
                0x0000000001004906                Bt_BleSendData
 .text.Bt_ParseRcvBLEPacket
                0x0000000001004932       0x56 output/obj/yc11xx_dev_bt_data_trans.o
                0x0000000001004932                Bt_ParseRcvBLEPacket
 .text.Bt_ParseBLEL2capPacket
                0x0000000001004988       0x18 output/obj/yc11xx_dev_bt_data_trans.o
                0x0000000001004988                Bt_ParseBLEL2capPacket
 .text.Bt_ParseRcvSPPPacket
                0x00000000010049a0       0x7a output/obj/yc11xx_dev_bt_data_trans.o
                0x00000000010049a0                Bt_ParseRcvSPPPacket
 .text.Bt_DataBufferCallBack
                0x0000000001004a1a      0x158 output/obj/yc11xx_dev_bt_data_trans.o
                0x0000000001004a1a                Bt_DataBufferCallBack
 .text.SetLockQSPI
                0x0000000001004b72       0x30 output/obj/yc11xx_dev_qspi.o
                0x0000000001004b72                SetLockQSPI
 .text.SetReleaseQSPI
                0x0000000001004ba2        0xa output/obj/yc11xx_dev_qspi.o
                0x0000000001004ba2                SetReleaseQSPI
 .text.QSPI_ReadFlashData
                0x0000000001004bac       0x54 output/obj/yc11xx_dev_qspi.o
                0x0000000001004bac                QSPI_ReadFlashData
 .text.QSPI_WriteFlashData
                0x0000000001004c00       0x5c output/obj/yc11xx_dev_qspi.o
                0x0000000001004c00                QSPI_WriteFlashData
 .text.QSPI_SectorEraseFlash
                0x0000000001004c5c       0x50 output/obj/yc11xx_dev_qspi.o
                0x0000000001004c5c                QSPI_SectorEraseFlash
 .text.QSPI_WritePageFlashData
                0x0000000001004cac       0xc8 output/obj/yc11xx_dev_qspi.o
                0x0000000001004cac                QSPI_WritePageFlashData
 .text.QSPI_FlashWriteLock
                0x0000000001004d74       0x48 output/obj/yc11xx_dev_qspi.o
                0x0000000001004d74                QSPI_FlashWriteLock
 .text.bt_check_save_connect_info
                0x0000000001004dbc       0x72 output/obj/yc_dev_bt.o
                0x0000000001004dbc                bt_check_save_connect_info
 .text.bt_state_init
                0x0000000001004e2e       0x88 output/obj/yc_dev_bt.o
                0x0000000001004e2e                bt_state_init
 .text.bt_set_local_dle
                0x0000000001004eb6       0x3e output/obj/yc_dev_bt.o
                0x0000000001004eb6                bt_set_local_dle
 .text.bt_set_ce_length_num
                0x0000000001004ef4        0xa output/obj/yc_dev_bt.o
                0x0000000001004ef4                bt_set_ce_length_num
 .text.bt_set_auth_for_security_req
                0x0000000001004efe        0xa output/obj/yc_dev_bt.o
                0x0000000001004efe                bt_set_auth_for_security_req
 .text.bt_send_security_request
                0x0000000001004f08       0x12 output/obj/yc_dev_bt.o
                0x0000000001004f08                bt_send_security_request
 .text.bt_update_mtu
                0x0000000001004f1a       0x12 output/obj/yc_dev_bt.o
                0x0000000001004f1a                bt_update_mtu
 .text.bt_update_slave_feature
                0x0000000001004f2c       0x12 output/obj/yc_dev_bt.o
                0x0000000001004f2c                bt_update_slave_feature
 .text.bt_update_dle
                0x0000000001004f3e       0x12 output/obj/yc_dev_bt.o
                0x0000000001004f3e                bt_update_dle
 .text.bt_renew_scan_rsp
                0x0000000001004f50       0x36 output/obj/yc_dev_bt.o
                0x0000000001004f50                bt_renew_scan_rsp
 .text.bt_start_le_adv
                0x0000000001004f86      0x106 output/obj/yc_dev_bt.o
                0x0000000001004f86                bt_start_le_adv
 .text.bt_le_conn_updata_param_req
                0x000000000100508c       0x68 output/obj/yc_dev_bt.o
                0x000000000100508c                bt_le_conn_updata_param_req
 .text.bt_set_le_mtu_size
                0x00000000010050f4       0x14 output/obj/yc_dev_bt.o
                0x00000000010050f4                bt_set_le_mtu_size
 .text.bt_disable_le_tx_md
                0x0000000001005108       0x10 output/obj/yc_dev_bt.o
                0x0000000001005108                bt_disable_le_tx_md
 .text.bt_enable_le_tx_md
                0x0000000001005118       0x10 output/obj/yc_dev_bt.o
                0x0000000001005118                bt_enable_le_tx_md
 .text.bt_get_le_state
                0x0000000001005128        0xa output/obj/yc_dev_bt.o
                0x0000000001005128                bt_get_le_state
 .text.bt_set_le_state
                0x0000000001005132        0xa output/obj/yc_dev_bt.o
                0x0000000001005132                bt_set_le_state
 .text.bt_check_le_connected
                0x000000000100513c       0x10 output/obj/yc_dev_bt.o
                0x000000000100513c                bt_check_le_connected
 .text.bt_send_le_disconnect
                0x000000000100514c       0x16 output/obj/yc_dev_bt.o
                0x000000000100514c                bt_send_le_disconnect
 .text.bt_enable_le_latecy
                0x0000000001005162       0x10 output/obj/yc_dev_bt.o
                0x0000000001005162                bt_enable_le_latecy
 .text.bt_set_adv_random
                0x0000000001005172       0x1a output/obj/yc_dev_bt.o
                0x0000000001005172                bt_set_adv_random
 .text.bt_set_tx_power
                0x000000000100518c        0xa output/obj/yc_dev_bt.o
                0x000000000100518c                bt_set_tx_power
 .text.bt_set_lpm_overhead_wake_time
                0x0000000001005196        0xe output/obj/yc_dev_bt.o
                0x0000000001005196                bt_set_lpm_overhead_wake_time
 .text.bt_set_connect_lpm_period
                0x00000000010051a4       0x22 output/obj/yc_dev_bt.o
                0x00000000010051a4                bt_set_connect_lpm_period
 .text.bt_dynamic_switch_power
                0x00000000010051c6       0x7a output/obj/yc_dev_bt.o
                0x00000000010051c6                bt_dynamic_switch_power
 .text.Bt_SaveBleDeviceInfoToFlash
                0x0000000001005240      0x180 output/obj/yc_dev_bt.o
                0x0000000001005240                Bt_SaveBleDeviceInfoToFlash
 .text.Flash_CheckFlashRecordCRC
                0x00000000010053c0       0x50 output/obj/yc_dev_bt.o
                0x00000000010053c0                Flash_CheckFlashRecordCRC
 .text.Flash_CalFlashRecordCRC
                0x0000000001005410       0x2a output/obj/yc_dev_bt.o
                0x0000000001005410                Flash_CalFlashRecordCRC
 .text.Flash_LoadFlashRecord
                0x000000000100543a       0x54 output/obj/yc_dev_bt.o
                0x000000000100543a                Flash_LoadFlashRecord
 .text.Flash_UpdateFlashRecordInfo
                0x000000000100548e       0x5c output/obj/yc_dev_bt.o
                0x000000000100548e                Flash_UpdateFlashRecordInfo
 .text.Bt_ReadAddrFromFlash
                0x00000000010054ea       0xbc output/obj/yc_dev_bt.o
                0x00000000010054ea                Bt_ReadAddrFromFlash
 .text.Bt_EvtCallBack
                0x00000000010055a6      0x16a output/obj/yc_dev_bt.o
                0x00000000010055a6                Bt_EvtCallBack
 .text.Bt_BleCallBack
                0x0000000001005710        0x2 output/obj/yc_dev_bt.o
                0x0000000001005710                Bt_BleCallBack
 .text.Bt_CheckIsPaired
                0x0000000001005712       0x16 output/obj/yc_dev_bt.o
                0x0000000001005712                Bt_CheckIsPaired
 .text.Bt_ClearFastPaired
                0x0000000001005728       0x24 output/obj/yc_dev_bt.o
                0x0000000001005728                Bt_ClearFastPaired
 .text.Bt_ClearAddrToFlash
                0x000000000100574c       0x1c output/obj/yc_dev_bt.o
                0x000000000100574c                Bt_ClearAddrToFlash
 .text.Bt_ClearLinkkey
                0x0000000001005768       0x26 output/obj/yc_dev_bt.o
                0x0000000001005768                Bt_ClearLinkkey
 .text.Bt_ClearRemoteDevInfo
                0x000000000100578e       0x3a output/obj/yc_dev_bt.o
                0x000000000100578e                Bt_ClearRemoteDevInfo
 .text.Bt_UpdateDeviceNvdataInfo
                0x00000000010057c8      0x1ce output/obj/yc_dev_bt.o
                0x00000000010057c8                Bt_UpdateDeviceNvdataInfo
 .text.Bt_ClearDeviceNvdataInfo
                0x0000000001005996       0x40 output/obj/yc_dev_bt.o
                0x0000000001005996                Bt_ClearDeviceNvdataInfo
 .text.Bt_ClearNvdataItem
                0x00000000010059d6       0x2c output/obj/yc_dev_bt.o
                0x00000000010059d6                Bt_ClearNvdataItem
 .text.SYS_CodeChange
                0x0000000001005a02       0x4c output/obj/yc_ota.o
 .text.OTA_FlashAddr_Init
                0x0000000001005a4e       0x84 output/obj/yc_ota.o
 .text.OTA_RESET
                0x0000000001005ad2       0x1e output/obj/yc_ota.o
                0x0000000001005ad2                OTA_RESET
 .text.OTA_EVT_HANDLE
                0x0000000001005af0      0x312 output/obj/yc_ota.o
                0x0000000001005af0                OTA_EVT_HANDLE
 .text.ATT_SendErrorRsp
                0x0000000001005e02       0x26 output/obj/att.o
 .text.ATT_WriteCmd
                0x0000000001005e28       0x20 output/obj/att.o
 .text.ATT_ExecuteWriteReq
                0x0000000001005e48       0x46 output/obj/att.o
 .text.ATT_PrepareWriteReq
                0x0000000001005e8e       0x9c output/obj/att.o
 .text.ATT_WriteReq
                0x0000000001005f2a       0x48 output/obj/att.o
 .text.ATT_ReadReq_ByGroupType
                0x0000000001005f72      0x180 output/obj/att.o
 .text.ATT_ReadBlobReq
                0x00000000010060f2       0x56 output/obj/att.o
 .text.ATT_ReadReq
                0x0000000001006148       0x38 output/obj/att.o
 .text.ATT_ReadReq_ByType
                0x0000000001006180      0x24e output/obj/att.o
 .text.ATT_Find_ByType_Value
                0x00000000010063ce       0xb4 output/obj/att.o
 .text.ATT_FindInformationReq
                0x0000000001006482       0xf2 output/obj/att.o
 .text.ATT_UpdateMtu
                0x0000000001006574       0x4e output/obj/att.o
 .text.ATT_ExchangeMtuReq
                0x00000000010065c2       0x5e output/obj/att.o
 .text.ATT_Send
                0x0000000001006620       0x20 output/obj/att.o
                0x0000000001006620                ATT_Send
 .text.ATT_sendNotify
                0x0000000001006640       0x52 output/obj/att.o
                0x0000000001006640                ATT_sendNotify
 .text.ATT_Parse
                0x0000000001006692      0x132 output/obj/att.o
                0x0000000001006692                ATT_Parse
 .text.app_queue_insert
                0x00000000010067c4       0x88 output/obj/app_queue.o
                0x00000000010067c4                app_queue_insert
 .text.app_queue_task
                0x000000000100684c       0x70 output/obj/app_queue.o
                0x000000000100684c                app_queue_task
 .text.app_queue_reset
                0x00000000010068bc       0x2a output/obj/app_queue.o
                0x00000000010068bc                app_queue_reset
 .text.action_after_prepare_sleep
                0x00000000010068e6        0x2 output/obj/app_sleep.o
                0x00000000010068e6                action_after_prepare_sleep
 .text.action_after_enter_deep_sleep
                0x00000000010068e8        0x2 output/obj/app_sleep.o
                0x00000000010068e8                action_after_enter_deep_sleep
 .text.app_lock_check
                0x00000000010068ea       0x4e output/obj/app_sleep.o
 .text.app_sleep_task
                0x0000000001006938       0xdc output/obj/app_sleep.o
 .text.prepare_before_sleep
                0x0000000001006a14       0x72 output/obj/app_sleep.o
                0x0000000001006a14                prepare_before_sleep
 .text.enter_deep_sleep
                0x0000000001006a86       0x4a output/obj/app_sleep.o
                0x0000000001006a86                enter_deep_sleep
 .text.enter_low_sleep
                0x0000000001006ad0       0x10 output/obj/app_sleep.o
                0x0000000001006ad0                enter_low_sleep
 .text.app_sleep_check
                0x0000000001006ae0        0xe output/obj/app_sleep.o
                0x0000000001006ae0                app_sleep_check
 .text.app_sleep_lock_set
                0x0000000001006aee      0x11c output/obj/app_sleep.o
                0x0000000001006aee                app_sleep_lock_set
 .text.app_sleep_timer_set
                0x0000000001006c0a       0x6c output/obj/app_sleep.o
                0x0000000001006c0a                app_sleep_timer_set
 .text.app_sleep_init
                0x0000000001006c76       0x30 output/obj/app_sleep.o
                0x0000000001006c76                app_sleep_init
 .text.batvalue_calculate
                0x0000000001006ca6       0x9c output/obj/vbat.o
 .text.vbat_task
                0x0000000001006d42       0x96 output/obj/vbat.o
 .text.vbat_reinit
                0x0000000001006dd8       0x22 output/obj/vbat.o
                0x0000000001006dd8                vbat_reinit
 .text.vbat_deinit
                0x0000000001006dfa       0x20 output/obj/vbat.o
                0x0000000001006dfa                vbat_deinit
 .text.vbat_init
                0x0000000001006e1a       0x48 output/obj/vbat.o
                0x0000000001006e1a                vbat_init
 .text.row_scan
                0x0000000001006e62       0x88 output/obj/keyscan.o
 .text.keyscan_once
                0x0000000001006eea       0xf8 output/obj/keyscan.o
 .text.key_task
                0x0000000001006fe2       0xb2 output/obj/keyscan.o
 .text.keyscan_row_cfg
                0x0000000001007094       0x50 output/obj/keyscan.o
 .text.keyscan_col_cfg
                0x00000000010070e4       0x44 output/obj/keyscan.o
 .text.key_wakeup_get
                0x0000000001007128       0x5e output/obj/keyscan.o
                0x0000000001007128                key_wakeup_get
 .text.key_wakeup_set
                0x0000000001007186       0x74 output/obj/keyscan.o
                0x0000000001007186                key_wakeup_set
 .text.keyscan_stop
                0x00000000010071fa       0x18 output/obj/keyscan.o
                0x00000000010071fa                keyscan_stop
 .text.keyscan_start
                0x0000000001007212       0x38 output/obj/keyscan.o
                0x0000000001007212                keyscan_start
 .text.keyscan_init
                0x000000000100724a       0x7e output/obj/keyscan.o
                0x000000000100724a                keyscan_init
 .text.led_task
                0x00000000010072c8       0xc2 output/obj/led.o
 .text.led_off  0x000000000100738a       0x46 output/obj/led.o
                0x000000000100738a                led_off
 .text.led_on   0x00000000010073d0       0xbc output/obj/led.o
                0x00000000010073d0                led_on
 .text.led_reinit
                0x000000000100748c       0x16 output/obj/led.o
                0x000000000100748c                led_reinit
 .text.led_deinit
                0x00000000010074a2       0x12 output/obj/led.o
                0x00000000010074a2                led_deinit
 .text.led_init
                0x00000000010074b4       0x2e output/obj/led.o
                0x00000000010074b4                led_init
 .text.get_key_press_state
                0x00000000010074e2        0xa output/obj/ir_send.o
                0x00000000010074e2                get_key_press_state
 .text.set_key_press_state
                0x00000000010074ec        0xa output/obj/ir_send.o
                0x00000000010074ec                set_key_press_state
 .text.set_pwm_freq_div
                0x00000000010074f6       0x20 output/obj/ir_send.o
                0x00000000010074f6                set_pwm_freq_div
 .text.ir_set_freq
                0x0000000001007516       0x58 output/obj/ir_send.o
                0x0000000001007516                ir_set_freq
 .text.ir_gpio_send
                0x000000000100756e       0x22 output/obj/ir_send.o
                0x000000000100756e                ir_gpio_send
 .text.ir_pwm_send
                0x0000000001007590       0x4a output/obj/ir_send.o
                0x0000000001007590                ir_pwm_send
 .text.ir_without_freq
                0x00000000010075da       0xb8 output/obj/ir_load.o
 .text.ir_send  0x0000000001007692      0x102 output/obj/ir_load.o
                0x0000000001007692                ir_send
 .text.upt_pwm_time_pulse
                0x0000000001007794       0x3c output/obj/ir_load.o
 .text.philips_upt_pwm_time_pulse
                0x00000000010077d0       0x64 output/obj/ir_load.o
 .text.FB739A_upt_pwm_time_pulse
                0x0000000001007834       0xd4 output/obj/ir_load.o
 .text.rpt_bit_pwm
                0x0000000001007908       0x2a output/obj/ir_load.o
 .text.IRTI1250C5D7_bit_time
                0x0000000001007932       0xb4 output/obj/ir_load.o
 .text.repeat_bit_time
                0x00000000010079e6       0x96 output/obj/ir_load.o
 .text.philips_bit_time
                0x0000000001007a7c       0x7e output/obj/ir_load.o
 .text.high_bit_time
                0x0000000001007afa       0x7c output/obj/ir_load.o
 .text.bit_time
                0x0000000001007b76       0x66 output/obj/ir_load.o
 .text.Zenith_D5_ready
                0x0000000001007bdc       0xd0 output/obj/ir_load.o
 .text.IRTI1250C5D7_ready
                0x0000000001007cac       0xf6 output/obj/ir_load.o
 .text.ir_fb739a_ready
                0x0000000001007da2       0x86 output/obj/ir_load.o
 .text.repeat_bit_data_ready
                0x0000000001007e28      0x126 output/obj/ir_load.o
 .text.philips_rcmm_bit_data_ready
                0x0000000001007f4e       0xa0 output/obj/ir_load.o
 .text.ir_gemini_ready
                0x0000000001007fee      0x142 output/obj/ir_load.o
 .text.high_ir_data_ready
                0x0000000001008130      0x224 output/obj/ir_load.o
 .text.ir_data_ready
                0x0000000001008354      0x2fa output/obj/ir_load.o
 .text.ir_comm_send
                0x000000000100864e       0x58 output/obj/ir_load.o
                0x000000000100864e                ir_comm_send
 .text.ir_single_send
                0x00000000010086a6       0x44 output/obj/ir_load.o
                0x00000000010086a6                ir_single_send
 .text.ir_type_init
                0x00000000010086ea      0x1b2 output/obj/ir_load.o
                0x00000000010086ea                ir_type_init
 .text.ir_init  0x000000000100889c       0x30 output/obj/ir_load.o
                0x000000000100889c                ir_init
 .text.get_ir_rpt
                0x00000000010088cc       0x20 output/obj/ir_lib.o
                0x00000000010088cc                get_ir_rpt
 .text.get_ir_customer
                0x00000000010088ec       0x22 output/obj/ir_lib.o
                0x00000000010088ec                get_ir_customer
 .text.get_ir_brand
                0x000000000100890e       0x22 output/obj/ir_lib.o
                0x000000000100890e                get_ir_brand
 .text.tx_power_switch_set
                0x0000000001008930        0x2 output/obj/audio.o
                0x0000000001008930                tx_power_switch_set
 .text.Get_MicReocrd_Len
                0x0000000001008932       0x32 output/obj/audio.o
 .text.Audio_AdcConfig
                0x0000000001008964       0x50 output/obj/audio.o
 .text.Voice_Send
                0x00000000010089b4       0xc4 output/obj/audio.o
 .text.Voice_Encode
                0x0000000001008a78       0x9a output/obj/audio.o
 .text.audio_task
                0x0000000001008b12       0x30 output/obj/audio.o
 .text.timeout_timer_cb
                0x0000000001008b42       0x24 output/obj/audio.o
 .text.start_ntf_timer_cb
                0x0000000001008b66       0x2a output/obj/audio.o
 .text.voice_timer_init
                0x0000000001008b90       0x62 output/obj/audio.o
 .text.mic_close
                0x0000000001008bf2       0x5e output/obj/audio.o
                0x0000000001008bf2                mic_close
 .text.mic_open
                0x0000000001008c50       0xd2 output/obj/audio.o
                0x0000000001008c50                mic_open
 .text.voice_report_reinit
                0x0000000001008d22       0x1a output/obj/audio.o
                0x0000000001008d22                voice_report_reinit
 .text.voice_report_init
                0x0000000001008d3c       0x16 output/obj/audio.o
                0x0000000001008d3c                voice_report_init
 .text.SBC_Encoder
                0x0000000001008d52       0xa4 output/obj/sbc_encoder.o
                0x0000000001008d52                SBC_Encoder
 .text.SBC_Encoder_Init
                0x0000000001008df6       0x16 output/obj/sbc_encoder.o
                0x0000000001008df6                SBC_Encoder_Init
 .text.msbc_encode_process
                0x0000000001008e0c       0x26 output/obj/hd_sbc.o
                0x0000000001008e0c                msbc_encode_process
 .text.msbc_encoder_init
                0x0000000001008e32       0x36 output/obj/hd_sbc.o
                0x0000000001008e32                msbc_encoder_init
 .text.sbc_enc_bit_alloc_mono
                0x0000000001008e68      0x15a output/obj/sbc_enc_bit_alloc_mono.o
                0x0000000001008e68                sbc_enc_bit_alloc_mono
 .text.SbcAnalysisFilter8
                0x0000000001008fc2      0x480 output/obj/sbc_analysis.o
                0x0000000001008fc2                SbcAnalysisFilter8
 .text.SbcAnalysisInit
                0x0000000001009442       0x22 output/obj/sbc_analysis.o
                0x0000000001009442                SbcAnalysisInit
 .text.SBC_FastIDCT8
                0x0000000001009464      0x23e output/obj/sbc_dct.o
                0x0000000001009464                SBC_FastIDCT8
 .text.EncPacking
                0x00000000010096a2      0x1d8 output/obj/sbc_packing.o
                0x00000000010096a2                EncPacking
 .text.get_acc_lsb_div
                0x000000000100987a        0xa output/obj/mouse.o
                0x000000000100987a                get_acc_lsb_div
 .text.get_gyro_lsb_div
                0x0000000001009884        0xa output/obj/mouse.o
                0x0000000001009884                get_gyro_lsb_div
 .text.sw_i2c_writereg
                0x000000000100988e       0x4e output/obj/mouse.o
 .text.sw_i2c_readreg
                0x00000000010098dc       0x7e output/obj/mouse.o
 .text.Qmi8658_write_reg
                0x000000000100995a       0x2a output/obj/mouse.o
 .text.Qmi8658_read_reg
                0x0000000001009984       0x2e output/obj/mouse.o
 .text.Qmi8658_send_ctl9cmd
                0x00000000010099b2       0x96 output/obj/mouse.o
 .text.Qmi8658_config_gyro
                0x0000000001009a48       0xd4 output/obj/mouse.o
 .text.Qmi8658_config_acc
                0x0000000001009b1c       0x96 output/obj/mouse.o
 .text.anymotion_Config
                0x0000000001009bb2       0x9a output/obj/mouse.o
 .text.Qmi8658_reset
                0x0000000001009c4c       0x14 output/obj/mouse.o
 .text.anymotion_lowpwr_config
                0x0000000001009c60       0x72 output/obj/mouse.o
 .text.anymotion_high_odr_enable
                0x0000000001009cd2       0x32 output/obj/mouse.o
 .text.mouse_int_mode
                0x0000000001009d04       0x28 output/obj/mouse.o
                0x0000000001009d04                mouse_int_mode
 .text.mouse_lpm_int_mode
                0x0000000001009d2c       0x2c output/obj/mouse.o
                0x0000000001009d2c                mouse_lpm_int_mode
 .text.Qmi8658_power_off
                0x0000000001009d58       0x20 output/obj/mouse.o
 .text.Qmi8658_power_on
                0x0000000001009d78       0x6a output/obj/mouse.o
 .text.Qmi8658_read_xyz
                0x0000000001009de2       0x5c output/obj/mouse.o
 .text.mouse_task
                0x0000000001009e3e       0x52 output/obj/mouse.o
 .text.mouse_init_handle
                0x0000000001009e90       0x9a output/obj/mouse.o
 .text.mouse_turn_off
                0x0000000001009f2a       0x20 output/obj/mouse.o
                0x0000000001009f2a                mouse_turn_off
 .text.mouse_off
                0x0000000001009f4a        0xa output/obj/mouse.o
                0x0000000001009f4a                mouse_off
 .text.mouse_on
                0x0000000001009f54       0x2e output/obj/mouse.o
                0x0000000001009f54                mouse_on
 .text.mouse_turn_on
                0x0000000001009f82       0x3a output/obj/mouse.o
                0x0000000001009f82                mouse_turn_on
 .text.mouse_reinit
                0x0000000001009fbc       0x24 output/obj/mouse.o
                0x0000000001009fbc                mouse_reinit
 .text.mouse_init
                0x0000000001009fe0       0x36 output/obj/mouse.o
                0x0000000001009fe0                mouse_init
 .text.check_mouse_chip_id
                0x000000000100a016       0x32 output/obj/mouse.o
                0x000000000100a016                check_mouse_chip_id
 .text.get_mouse_int_state
                0x000000000100a048       0x5a output/obj/mouse.o
                0x000000000100a048                get_mouse_int_state
 .text.get_axis_moving_state
                0x000000000100a0a2        0xa output/obj/mouse.o
                0x000000000100a0a2                get_axis_moving_state
 .text.EulerAngle_Calculate_ReStart
                0x000000000100a0ac       0x42 output/obj/hd_math.o
                0x000000000100a0ac                EulerAngle_Calculate_ReStart
 .text.IIC_NAck
                0x000000000100a0ee       0x4a output/obj/software_i2c.o
                0x000000000100a0ee                IIC_NAck
 .text.IIC_Ack  0x000000000100a138       0x4a output/obj/software_i2c.o
                0x000000000100a138                IIC_Ack
 .text.IIC_WaitAck
                0x000000000100a182       0x60 output/obj/software_i2c.o
                0x000000000100a182                IIC_WaitAck
 .text.IIC_ReadByte
                0x000000000100a1e2       0x6e output/obj/software_i2c.o
                0x000000000100a1e2                IIC_ReadByte
 .text.IIC_SendByte
                0x000000000100a250       0x6c output/obj/software_i2c.o
                0x000000000100a250                IIC_SendByte
 .text.IIC_Stop
                0x000000000100a2bc       0x44 output/obj/software_i2c.o
                0x000000000100a2bc                IIC_Stop
 .text.IIC_Start
                0x000000000100a300       0x44 output/obj/software_i2c.o
                0x000000000100a300                IIC_Start
 .text.IIC_Init
                0x000000000100a344       0x24 output/obj/software_i2c.o
                0x000000000100a344                IIC_Init
 .text.IIC_CheckDevice
                0x000000000100a368       0x28 output/obj/software_i2c.o
                0x000000000100a368                IIC_CheckDevice
 .text.Encoder_Scan
                0x000000000100a390      0x12a output/obj/encode.o
 .text.encode_timer_cb
                0x000000000100a4ba       0x80 output/obj/encode.o
 .text.encode_timer_init
                0x000000000100a53a       0x30 output/obj/encode.o
                0x000000000100a53a                encode_timer_init
 .text.encode_timer_deinit
                0x000000000100a56a       0x28 output/obj/encode.o
                0x000000000100a56a                encode_timer_deinit
 .text.get_encode_chk_ok_state
                0x000000000100a592       0x18 output/obj/encode.o
                0x000000000100a592                get_encode_chk_ok_state
 .text.encode_on
                0x000000000100a5aa       0x1c output/obj/encode.o
                0x000000000100a5aa                encode_on
 .text.encode_off
                0x000000000100a5c6        0xc output/obj/encode.o
                0x000000000100a5c6                encode_off
 .text.get_VoiceHandle
                0x000000000100a5d2       0x18 output/obj/factory_test_off_line.o
                0x000000000100a5d2                get_VoiceHandle
 .text.factory_WriteDataParse
                0x000000000100a5ea       0x54 output/obj/factory_test_off_line.o
                0x000000000100a5ea                factory_WriteDataParse
 .text.factory_KeyProcess
                0x000000000100a63e       0x4a output/obj/factory_test_off_line.o
                0x000000000100a63e                factory_KeyProcess
 .text.SecretKey_Check
                0x000000000100a688       0xc6 output/obj/remote_control.o
 .text.set_app_rpt_timeout_type
                0x000000000100a74e       0x10 output/obj/remote_control.o
                0x000000000100a74e                set_app_rpt_timeout_type
 .text.clr_app_rpt_timeout_type
                0x000000000100a75e       0x14 output/obj/remote_control.o
                0x000000000100a75e                clr_app_rpt_timeout_type
 .text.get_voice_key_state
                0x000000000100a772       0x44 output/obj/remote_control.o
 .text.get_voice_key_rel_state
                0x000000000100a7b6       0x34 output/obj/remote_control.o
 .text.get_cur_type
                0x000000000100a7ea       0x10 output/obj/remote_control.o
 .text.get_audio_frame_seq
                0x000000000100a7fa       0x12 output/obj/remote_control.o
 .text.get_audio_keyvalue
                0x000000000100a80c       0x3c output/obj/remote_control.o
 .text.get_keyvalue
                0x000000000100a848       0x3c output/obj/remote_control.o
 .text.update_voice_packet
                0x000000000100a884      0x110 output/obj/remote_control.o
                0x000000000100a884                update_voice_packet
 .text.auto_calibration_axis
                0x000000000100a994      0x296 output/obj/remote_control.o
 .text.update_axis_2_usr_data
                0x000000000100ac2a      0x31e output/obj/remote_control.o
 .text.get_frame_len
                0x000000000100af48       0x4a output/obj/remote_control.o
 .text.update_frm_head
                0x000000000100af92       0x62 output/obj/remote_control.o
 .text.set_frame_seq_val
                0x000000000100aff4       0x1a output/obj/remote_control.o
                0x000000000100aff4                set_frame_seq_val
 .text.set_kvcmd_state
                0x000000000100b00e       0x10 output/obj/remote_control.o
                0x000000000100b00e                set_kvcmd_state
 .text.clr_kvcmd_state
                0x000000000100b01e       0x14 output/obj/remote_control.o
                0x000000000100b01e                clr_kvcmd_state
 .text.get_encode_state
                0x000000000100b032       0x38 output/obj/remote_control.o
 .text.all_state_switch
                0x000000000100b06a      0x464 output/obj/remote_control.o
 .text.mouse_handle
                0x000000000100b4ce       0x64 output/obj/remote_control.o
 .text.app_rpt_timeout_handle
                0x000000000100b532       0x76 output/obj/remote_control.o
 .text.encode_handle
                0x000000000100b5a8       0x3c output/obj/remote_control.o
 .text.key_pressed_handle
                0x000000000100b5e4       0xd6 output/obj/remote_control.o
 .text.keyvalue_handle
                0x000000000100b6ba      0x1ee output/obj/remote_control.o
 .text.power_handle
                0x000000000100b8a8       0x5a output/obj/remote_control.o
 .text.remote_control_reinit
                0x000000000100b902       0x30 output/obj/remote_control.o
 .text.mouse_switch
                0x000000000100b932       0x44 output/obj/remote_control.o
                0x000000000100b932                mouse_switch
 .text.action_after_led_blk
                0x000000000100b976       0x12 output/obj/remote_control.o
                0x000000000100b976                action_after_led_blk
 .text.action_after_mic_close
                0x000000000100b988       0x16 output/obj/remote_control.o
                0x000000000100b988                action_after_mic_close
 .text.LE_LTK_LOST
                0x000000000100b99e       0x3a output/obj/remote_control.o
                0x000000000100b99e                LE_LTK_LOST
 .text.update_conn_param
                0x000000000100b9d8       0x24 output/obj/remote_control.o
                0x000000000100b9d8                update_conn_param
 .text.start_adv
                0x000000000100b9fc       0x64 output/obj/remote_control.o
                0x000000000100b9fc                start_adv
 .text.stop_adv
                0x000000000100ba60       0x2a output/obj/remote_control.o
                0x000000000100ba60                stop_adv
 .text.Read_Blob_Parse
                0x000000000100ba8a       0x6e output/obj/remote_control.o
                0x000000000100ba8a                Read_Blob_Parse
 .text.Read_Parse
                0x000000000100baf8       0xb6 output/obj/remote_control.o
                0x000000000100baf8                Read_Parse
 .text.Write_DataParse
                0x000000000100bbae      0x312 output/obj/remote_control.o
                0x000000000100bbae                Write_DataParse
 .text.CONN_PARAM_ACCEPTED
                0x000000000100bec0       0x4c output/obj/remote_control.o
                0x000000000100bec0                CONN_PARAM_ACCEPTED
 .text.ENCRYPT_DONE
                0x000000000100bf0c       0x62 output/obj/remote_control.o
                0x000000000100bf0c                ENCRYPT_DONE
 .text.PAIR_FAIL
                0x000000000100bf6e       0x16 output/obj/remote_control.o
                0x000000000100bf6e                PAIR_FAIL
 .text.PAIR_DONE
                0x000000000100bf84       0x36 output/obj/remote_control.o
                0x000000000100bf84                PAIR_DONE
 .text.LE_DISCONNECTED
                0x000000000100bfba       0x40 output/obj/remote_control.o
                0x000000000100bfba                LE_DISCONNECTED
 .text.LE_CONNECTED
                0x000000000100bffa       0x32 output/obj/remote_control.o
                0x000000000100bffa                LE_CONNECTED
 .text.Dev_WakeUp
                0x000000000100c02c       0x80 output/obj/remote_control.o
                0x000000000100c02c                Dev_WakeUp
 .text.Dev_PowerOn
                0x000000000100c0ac       0x8e output/obj/remote_control.o
                0x000000000100c0ac                Dev_PowerOn
 .text.app_task_run
                0x000000000100c13a       0x1c output/obj/remote_control.o
                0x000000000100c13a                app_task_run
 .text.app_init
                0x000000000100c156      0x128 output/obj/remote_control.o
                0x000000000100c156                app_init
 .text.Find_AttTable_ByHandle
                0x000000000100c27e       0x2e output/obj/att_list.o
                0x000000000100c27e                Find_AttTable_ByHandle
 .text.Find_AttTable_ByHandleRange_Type
                0x000000000100c2ac       0x72 output/obj/att_list.o
                0x000000000100c2ac                Find_AttTable_ByHandleRange_Type
 .text.Find_AttTable_ByHandleRange_Type_Data
                0x000000000100c31e       0x92 output/obj/att_list.o
                0x000000000100c31e                Find_AttTable_ByHandleRange_Type_Data
 .text.BitsReverse
                0x000000000100c3b0       0x26 ./../../../APP/SECRETKEY\libSecretKey.a(SecretKey.o)
 .text.GetCRC   0x000000000100c3d6       0x8c ./../../../APP/SECRETKEY\libSecretKey.a(SecretKey.o)
 .text.SecretKey_Generate
                0x000000000100c462       0x4c ./../../../APP/SECRETKEY\libSecretKey.a(SecretKey.o)
                0x000000000100c462                SecretKey_Generate
 .text          0x000000000100c4ae      0x5b6 d:/environment/risc-v/riscv32-unknown-elf-gcc-8.3.0_rv32imafc_ilp32f_newlib/bin/../lib/gcc/riscv32-unknown-elf/8.3.0\libgcc.a(muldf3.o)
                0x000000000100c4ae                __muldf3
 .text          0x000000000100ca64       0x9c d:/environment/risc-v/riscv32-unknown-elf-gcc-8.3.0_rv32imafc_ilp32f_newlib/bin/../lib/gcc/riscv32-unknown-elf/8.3.0\libgcc.a(fixunsdfsi.o)
                0x000000000100ca64                __fixunsdfsi
 .text          0x000000000100cb00       0x6c d:/environment/risc-v/riscv32-unknown-elf-gcc-8.3.0_rv32imafc_ilp32f_newlib/bin/../lib/gcc/riscv32-unknown-elf/8.3.0\libgcc.a(floatsidf.o)
                0x000000000100cb00                __floatsidf
 .text          0x000000000100cb6c       0xc6 d:/environment/risc-v/riscv32-unknown-elf-gcc-8.3.0_rv32imafc_ilp32f_newlib/bin/../lib/gcc/riscv32-unknown-elf/8.3.0\libgcc.a(extendsfdf2.o)
                0x000000000100cb6c                __extendsfdf2
 .text          0x000000000100cc32       0x60 d:/environment/risc-v/riscv32-unknown-elf-gcc-8.3.0_rv32imafc_ilp32f_newlib/bin/../lib/gcc/riscv32-unknown-elf/8.3.0\libgcc.a(save-restore.o)
                0x000000000100cc32                __riscv_save_12
                0x000000000100cc3a                __riscv_save_9
                0x000000000100cc3a                __riscv_save_11
                0x000000000100cc3a                __riscv_save_10
                0x000000000100cc3a                __riscv_save_8
                0x000000000100cc48                __riscv_save_4
                0x000000000100cc48                __riscv_save_6
                0x000000000100cc48                __riscv_save_5
                0x000000000100cc48                __riscv_save_7
                0x000000000100cc62                __riscv_save_3
                0x000000000100cc62                __riscv_save_2
                0x000000000100cc62                __riscv_save_1
                0x000000000100cc62                __riscv_save_0
                0x000000000100cc6e                __riscv_restore_12
                0x000000000100cc72                __riscv_restore_11
                0x000000000100cc72                __riscv_restore_9
                0x000000000100cc72                __riscv_restore_10
                0x000000000100cc72                __riscv_restore_8
                0x000000000100cc7c                __riscv_restore_5
                0x000000000100cc7c                __riscv_restore_7
                0x000000000100cc7c                __riscv_restore_6
                0x000000000100cc7c                __riscv_restore_4
                0x000000000100cc86                __riscv_restore_3
                0x000000000100cc86                __riscv_restore_0
                0x000000000100cc86                __riscv_restore_2
                0x000000000100cc86                __riscv_restore_1
 .text          0x000000000100cc92       0x3c d:/environment/risc-v/riscv32-unknown-elf-gcc-8.3.0_rv32imafc_ilp32f_newlib/bin/../lib/gcc/riscv32-unknown-elf/8.3.0\libgcc.a(_clzsi2.o)
                0x000000000100cc92                __clzsi2
 .text          0x000000000100ccce       0x26 d:/environment/risc-v/riscv32-unknown-elf-gcc-8.3.0_rv32imafc_ilp32f_newlib/bin/../lib/gcc/riscv32-unknown-elf/8.3.0/../../../../riscv32-unknown-elf/lib\libc.a(lib_a-memcmp.o)
                0x000000000100ccce                memcmp
 .text          0x000000000100ccf4       0xba d:/environment/risc-v/riscv32-unknown-elf-gcc-8.3.0_rv32imafc_ilp32f_newlib/bin/../lib/gcc/riscv32-unknown-elf/8.3.0/../../../../riscv32-unknown-elf/lib\libc.a(lib_a-memcpy.o)
                0x000000000100ccf4                memcpy
 .text          0x000000000100cdae       0xa8 d:/environment/risc-v/riscv32-unknown-elf-gcc-8.3.0_rv32imafc_ilp32f_newlib/bin/../lib/gcc/riscv32-unknown-elf/8.3.0/../../../../riscv32-unknown-elf/lib\libc.a(lib_a-memset.o)
                0x000000000100cdae                memset
 .text          0x000000000100ce56       0x5e d:/environment/risc-v/riscv32-unknown-elf-gcc-8.3.0_rv32imafc_ilp32f_newlib/bin/../lib/gcc/riscv32-unknown-elf/8.3.0/../../../../riscv32-unknown-elf/lib\libc.a(lib_a-rand.o)
                0x000000000100ce56                srand
                0x000000000100ce68                rand
 *(.rdata*)
 *(.rodata*)
 *fill*         0x000000000100ceb4        0x0 
 .rodata.print_string_log_raw.str1.4
                0x000000000100ceb4       0x32 output/obj/yc_debug.o
 *fill*         0x000000000100cee6        0x2 
 .rodata.Memory_Malloc.str1.4
                0x000000000100cee8       0x1f output/obj/malloc.o
 *fill*         0x000000000100cf07        0x1 
 .rodata.__FUNCTION__.3696
                0x000000000100cf08        0xe output/obj/malloc.o
 *fill*         0x000000000100cf16        0x2 
 .rodata.IPC_TxPacket.str1.4
                0x000000000100cf18       0x28 output/obj/yc11xx_ipc.o
 .rodata.IpcDefaultCallBack.str1.4
                0x000000000100cf40       0x16 output/obj/yc11xx_ipc.o
 *fill*         0x000000000100cf56        0x2 
 .rodata.__FUNCTION__.3762
                0x000000000100cf58        0xd output/obj/yc11xx_ipc.o
 *fill*         0x000000000100cf65        0x3 
 .rodata.__FUNCTION__.3767
                0x000000000100cf68       0x11 output/obj/yc11xx_ipc.o
 *fill*         0x000000000100cf79        0x3 
 .rodata.__FUNCTION__.3772
                0x000000000100cf7c        0xd output/obj/yc11xx_ipc.o
 *fill*         0x000000000100cf89        0x3 
 .rodata.__FUNCTION__.3777
                0x000000000100cf8c       0x13 output/obj/yc11xx_ipc.o
 *fill*         0x000000000100cf9f        0x1 
 .rodata.g_adc_cicfircoeffTtablel
                0x000000000100cfa0      0x1f8 output/obj/yc11xx_audio_adc.o
                0x000000000100cfa0                g_adc_cicfircoeffTtablel
 .rodata.g_adc_halfbandcoeftablel
                0x000000000100d198      0x1b8 output/obj/yc11xx_audio_adc.o
                0x000000000100d198                g_adc_halfbandcoeftablel
 .rodata.GPIO_Init.str1.4
                0x000000000100d350       0x26 output/obj/yc11xx_gpio.o
 *fill*         0x000000000100d376        0x2 
 .rodata.__FUNCTION__.2294
                0x000000000100d378        0xa output/obj/yc11xx_gpio.o
 *fill*         0x000000000100d382        0x2 
 .rodata.__FUNCTION__.2298
                0x000000000100d384       0x11 output/obj/yc11xx_gpio.o
 *fill*         0x000000000100d395        0x3 
 .rodata.IWDG_Init.str1.4
                0x000000000100d398       0x26 output/obj/yc11xx_iwdg.o
 *fill*         0x000000000100d3be        0x2 
 .rodata.__FUNCTION__.2182
                0x000000000100d3c0        0xd output/obj/yc11xx_iwdg.o
 *fill*         0x000000000100d3cd        0x3 
 .rodata.CSWTCH.10
                0x000000000100d3d0        0x4 output/obj/yc11xx_systick.o
 .rodata.TIM_Init.str1.4
                0x000000000100d3d4       0x27 output/obj/yc11xx_timer.o
 *fill*         0x000000000100d3fb        0x1 
 .rodata.__FUNCTION__.3483
                0x000000000100d3fc        0x9 output/obj/yc11xx_timer.o
 *fill*         0x000000000100d405        0x3 
 .rodata.__FUNCTION__.3490
                0x000000000100d408        0x8 output/obj/yc11xx_timer.o
 .rodata.aap_rsp
                0x000000000100d410       0x12 output/obj/yc11xx_dev_bt_aap.o
 *fill*         0x000000000100d422        0x2 
 .rodata.AAP_manufac1
                0x000000000100d424       0x96 output/obj/yc11xx_dev_bt_aap.o
 *fill*         0x000000000100d4ba        0x2 
 .rodata.AAP_manufac2
                0x000000000100d4bc        0x8 output/obj/yc11xx_dev_bt_aap.o
 .rodata.AAP_manufac3
                0x000000000100d4c4       0x2f output/obj/yc11xx_dev_bt_aap.o
 *fill*         0x000000000100d4f3        0x1 
 .rodata.AAP_manufac4
                0x000000000100d4f4       0x16 output/obj/yc11xx_dev_bt_aap.o
 *fill*         0x000000000100d50a        0x2 
 .rodata.AAP_AcpAnc1
                0x000000000100d50c        0xc output/obj/yc11xx_dev_bt_aap.o
 .rodata.AAP_StartAnc2
                0x000000000100d518        0xd output/obj/yc11xx_dev_bt_aap.o
                0x000000000100d518                AAP_StartAnc2
 *fill*         0x000000000100d525        0x3 
 .rodata.AAP_AncRst3
                0x000000000100d528       0xbc output/obj/yc11xx_dev_bt_aap.o
 .rodata.AAP_StopAnc4
                0x000000000100d5e4        0xd output/obj/yc11xx_dev_bt_aap.o
 *fill*         0x000000000100d5f1        0x3 
 .rodata.Bt_HciCheckBufferFull.str1.4
                0x000000000100d5f4       0x15 output/obj/yc11xx_dev_bt_data_trans.o
 *fill*         0x000000000100d609        0x3 
 .rodata.Bt_SndToBtData
                0x000000000100d60c       0x18 output/obj/yc11xx_dev_bt_data_trans.o
 .rodata.Bt_BleSendData.str1.4
                0x000000000100d624       0x18 output/obj/yc11xx_dev_bt_data_trans.o
 .rodata.Bt_DataBufferCallBack
                0x000000000100d63c       0x18 output/obj/yc11xx_dev_bt_data_trans.o
 .rodata.bt_check_save_connect_info.str1.4
                0x000000000100d654       0x5b output/obj/yc_dev_bt.o
 *fill*         0x000000000100d6af        0x1 
 .rodata.bt_state_init.str1.4
                0x000000000100d6b0       0x17 output/obj/yc_dev_bt.o
 *fill*         0x000000000100d6c7        0x1 
 .rodata.bt_start_le_adv.str1.4
                0x000000000100d6c8       0x9b output/obj/yc_dev_bt.o
 *fill*         0x000000000100d763        0x1 
 .rodata.Bt_SaveBleDeviceInfoToFlash
                0x000000000100d764       0x14 output/obj/yc_dev_bt.o
 .rodata.Bt_EvtCallBack.str1.4
                0x000000000100d778       0x80 output/obj/yc_dev_bt.o
 .rodata.Bt_ClearRemoteDevInfo.str1.4
                0x000000000100d7f8       0x18 output/obj/yc_dev_bt.o
 .rodata.Bt_UpdateDeviceNvdataInfo.str1.4
                0x000000000100d810       0x1b output/obj/yc_dev_bt.o
 *fill*         0x000000000100d82b        0x1 
 .rodata.OTA_EVT_HANDLE.str1.4
                0x000000000100d82c       0x39 output/obj/yc_ota.o
 *fill*         0x000000000100d865        0x3 
 .rodata.ATT_UpdateMtu.str1.4
                0x000000000100d868       0x3d output/obj/att.o
 *fill*         0x000000000100d8a5        0x3 
 .rodata.ATT_Parse.str1.4
                0x000000000100d8a8       0x1a output/obj/att.o
 *fill*         0x000000000100d8c2        0x2 
 .rodata.app_queue_insert.str1.4
                0x000000000100d8c4       0x15 output/obj/app_queue.o
 *fill*         0x000000000100d8d9        0x3 
 .rodata.prepare_before_sleep.str1.4
                0x000000000100d8dc       0x18 output/obj/app_sleep.o
 .rodata.enter_deep_sleep.str1.4
                0x000000000100d8f4       0x14 output/obj/app_sleep.o
 .rodata.app_sleep_lock_set
                0x000000000100d908       0x20 output/obj/app_sleep.o
 .rodata.cst4   0x000000000100d928        0x8 output/obj/vbat.o
 .rodata.row_scan
                0x000000000100d930       0x38 output/obj/keyscan.o
 .rodata.cst8   0x000000000100d968       0x10 output/obj/ir_send.o
 .rodata.high_ir_data_ready
                0x000000000100d978       0x18 output/obj/ir_load.o
 .rodata.ir_data_ready
                0x000000000100d990       0x28 output/obj/ir_load.o
 .rodata.ir_type_init
                0x000000000100d9b8       0x58 output/obj/ir_load.o
 .rodata.rpt_TC9012LIAN_9700_BUF
                0x000000000100da10        0xa output/obj/ir_lib.o
 *fill*         0x000000000100da1a        0x2 
 .rodata.rpt_lc7461_9000_4500_BUF
                0x000000000100da1c        0xa output/obj/ir_lib.o
 *fill*         0x000000000100da26        0x2 
 .rodata.rpt_udp6121_9000_BUF
                0x000000000100da28        0xa output/obj/ir_lib.o
 *fill*         0x000000000100da32        0x2 
 .rodata.rpt_udp6121_8550_BUF
                0x000000000100da34        0xa output/obj/ir_lib.o
 *fill*         0x000000000100da3e        0x2 
 .rodata.rpt_GEMINI_8500_BUF
                0x000000000100da40        0xa output/obj/ir_lib.o
 *fill*         0x000000000100da4a        0x2 
 .rodata.rpt_SINGH2150_8170_BUF
                0x000000000100da4c        0xa output/obj/ir_lib.o
 *fill*         0x000000000100da56        0x2 
 .rodata.rpt_DVB_40BIT_BUF
                0x000000000100da58        0xa output/obj/ir_lib.o
 *fill*         0x000000000100da62        0x2 
 .rodata.CUSTOM_00_00_BUF
                0x000000000100da64        0x4 output/obj/ir_lib.o
 .rodata.CUSTOM_00_1F_BUF
                0x000000000100da68        0x4 output/obj/ir_lib.o
 .rodata.CUSTOM_00_02_BUF
                0x000000000100da6c        0x4 output/obj/ir_lib.o
 .rodata.CUSTOM_00_2B_BUF
                0x000000000100da70        0x4 output/obj/ir_lib.o
 .rodata.CUSTOM_00_30_BUF
                0x000000000100da74        0x4 output/obj/ir_lib.o
 .rodata.CUSTOM_00_57_BUF
                0x000000000100da78        0x4 output/obj/ir_lib.o
 .rodata.CUSTOM_00_7F_BUF
                0x000000000100da7c        0x4 output/obj/ir_lib.o
 .rodata.CUSTOM_00_80_BUF
                0x000000000100da80        0x4 output/obj/ir_lib.o
 .rodata.CUSTOM_00_99_BUF
                0x000000000100da84        0x4 output/obj/ir_lib.o
 .rodata.CUSTOM_00_AF_BUF
                0x000000000100da88        0x4 output/obj/ir_lib.o
 .rodata.CUSTOM_00_BA_BUF
                0x000000000100da8c        0x4 output/obj/ir_lib.o
 .rodata.CUSTOM_00_BD_BUF
                0x000000000100da90        0x4 output/obj/ir_lib.o
 .rodata.CUSTOM_00_BE_BUF
                0x000000000100da94        0x4 output/obj/ir_lib.o
 .rodata.CUSTOM_00_BF_BUF
                0x000000000100da98        0x4 output/obj/ir_lib.o
 .rodata.CUSTOM_00_DF_BUF
                0x000000000100da9c        0x4 output/obj/ir_lib.o
 .rodata.CUSTOM_00_D9_BUF
                0x000000000100daa0        0x4 output/obj/ir_lib.o
 .rodata.CUSTOM_00_EF_BUF
                0x000000000100daa4        0x4 output/obj/ir_lib.o
 .rodata.CUSTOM_00_F6_BUF
                0x000000000100daa8        0x4 output/obj/ir_lib.o
 .rodata.CUSTOM_00_F7_BUF
                0x000000000100daac        0x4 output/obj/ir_lib.o
 .rodata.CUSTOM_00_FB_BUF
                0x000000000100dab0        0x4 output/obj/ir_lib.o
 .rodata.CUSTOM_00_FD_BUF
                0x000000000100dab4        0x4 output/obj/ir_lib.o
 .rodata.CUSTOM_00_FF_BUF
                0x000000000100dab8        0x4 output/obj/ir_lib.o
 .rodata.CUSTOM_01_00_BUF
                0x000000000100dabc        0x4 output/obj/ir_lib.o
 .rodata.CUSTOM_01_01_BUF
                0x000000000100dac0        0x4 output/obj/ir_lib.o
 .rodata.CUSTOM_01_FE_BUF
                0x000000000100dac4        0x4 output/obj/ir_lib.o
 .rodata.CUSTOM_02_00_BUF
                0x000000000100dac8        0x4 output/obj/ir_lib.o
 .rodata.CUSTOM_02_BD_BUF
                0x000000000100dacc        0x4 output/obj/ir_lib.o
 .rodata.CUSTOM_02_FD_BUF
                0x000000000100dad0        0x4 output/obj/ir_lib.o
 .rodata.CUSTOM_02_7D_BUF
                0x000000000100dad4        0x4 output/obj/ir_lib.o
 .rodata.CUSTOM_02_7F_BUF
                0x000000000100dad8        0x4 output/obj/ir_lib.o
 .rodata.CUSTOM_02_FF_BUF
                0x000000000100dadc        0x4 output/obj/ir_lib.o
 .rodata.CUSTOM_02_F5_BUF
                0x000000000100dae0        0x4 output/obj/ir_lib.o
 .rodata.CUSTOM_03_00_BUF
                0x000000000100dae4        0x4 output/obj/ir_lib.o
 .rodata.CUSTOM_03_AC_BUF
                0x000000000100dae8        0x4 output/obj/ir_lib.o
 .rodata.CUSTOM_03_FC_BUF
                0x000000000100daec        0x4 output/obj/ir_lib.o
 .rodata.CUSTOM_04_00_BUF
                0x000000000100daf0        0x4 output/obj/ir_lib.o
 .rodata.CUSTOM_04_10_BUF
                0x000000000100daf4        0x4 output/obj/ir_lib.o
 .rodata.CUSTOM_04_B9_BUF
                0x000000000100daf8        0x4 output/obj/ir_lib.o
 .rodata.CUSTOM_04_FB_BUF
                0x000000000100dafc        0x4 output/obj/ir_lib.o
 .rodata.CUSTOM_05_00_BUF
                0x000000000100db00        0x4 output/obj/ir_lib.o
 .rodata.CUSTOM_05_05_BUF
                0x000000000100db04        0x4 output/obj/ir_lib.o
 .rodata.CUSTOM_06_06_BUF
                0x000000000100db08        0x4 output/obj/ir_lib.o
 .rodata.CUSTOM_06_FB_BUF
                0x000000000100db0c        0x4 output/obj/ir_lib.o
 .rodata.CUSTOM_06_FE_BUF
                0x000000000100db10        0x4 output/obj/ir_lib.o
 .rodata.CUSTOM_07_07_BUF
                0x000000000100db14        0x4 output/obj/ir_lib.o
 .rodata.CUSTOM_08_00_BUF
                0x000000000100db18        0x4 output/obj/ir_lib.o
 .rodata.CUSTOM_08_08_BUF
                0x000000000100db1c        0x4 output/obj/ir_lib.o
 .rodata.CUSTOM_08_0B_BUF
                0x000000000100db20        0x4 output/obj/ir_lib.o
 .rodata.CUSTOM_08_13_BUF
                0x000000000100db24        0x4 output/obj/ir_lib.o
 .rodata.CUSTOM_08_F7_BUF
                0x000000000100db28        0x4 output/obj/ir_lib.o
 .rodata.CUSTOM_09_F6_BUF
                0x000000000100db2c        0x4 output/obj/ir_lib.o
 .rodata.CUSTOM_0A_35_BUF
                0x000000000100db30        0x4 output/obj/ir_lib.o
 .rodata.CUSTOM_0A_00_BUF
                0x000000000100db34        0x4 output/obj/ir_lib.o
 .rodata.CUSTOM_0A_0A_BUF
                0x000000000100db38        0x4 output/obj/ir_lib.o
 .rodata.CUSTOM_0B_0B_BUF
                0x000000000100db3c        0x4 output/obj/ir_lib.o
 .rodata.CUSTOM_0D_0D_BUF
                0x000000000100db40        0x4 output/obj/ir_lib.o
 .rodata.CUSTOM_0E_09_BUF
                0x000000000100db44        0x4 output/obj/ir_lib.o
 .rodata.CUSTOM_0E_0E_BUF
                0x000000000100db48        0x4 output/obj/ir_lib.o
 .rodata.CUSTOM_0F_00_BUF
                0x000000000100db4c        0x4 output/obj/ir_lib.o
 .rodata.CUSTOM_10_ED_BUF
                0x000000000100db50        0x4 output/obj/ir_lib.o
 .rodata.CUSTOM_10_EF_BUF
                0x000000000100db54        0x4 output/obj/ir_lib.o
 .rodata.CUSTOM_10_2D_BUF
                0x000000000100db58        0x4 output/obj/ir_lib.o
 .rodata.CUSTOM_12_12_BUF
                0x000000000100db5c        0x4 output/obj/ir_lib.o
 .rodata.CUSTOM_12_ED_BUF
                0x000000000100db60        0x4 output/obj/ir_lib.o
 .rodata.CUSTOM_13_14_BUF
                0x000000000100db64        0x4 output/obj/ir_lib.o
 .rodata.CUSTOM_14_00_BUF
                0x000000000100db68        0x4 output/obj/ir_lib.o
 .rodata.CUSTOM_16_29_BUF
                0x000000000100db6c        0x4 output/obj/ir_lib.o
 .rodata.CUSTOM_16_E9_BUF
                0x000000000100db70        0x4 output/obj/ir_lib.o
 .rodata.CUSTOM_18_18_BUF
                0x000000000100db74        0x4 output/obj/ir_lib.o
 .rodata.CUSTOM_18_E7_BUF
                0x000000000100db78        0x4 output/obj/ir_lib.o
 .rodata.CUSTOM_18_E9_BUF
                0x000000000100db7c        0x4 output/obj/ir_lib.o
 .rodata.CUSTOM_1A_00_BUF
                0x000000000100db80        0x4 output/obj/ir_lib.o
 .rodata.CUSTOM_1B_00_BUF
                0x000000000100db84        0x4 output/obj/ir_lib.o
 .rodata.CUSTOM_1C_E3_BUF
                0x000000000100db88        0x4 output/obj/ir_lib.o
 .rodata.CUSTOM_1E_1E_BUF
                0x000000000100db8c        0x4 output/obj/ir_lib.o
 .rodata.CUSTOM_1E_E1_BUF
                0x000000000100db90        0x4 output/obj/ir_lib.o
 .rodata.CUSTOM_1F_00_BUF
                0x000000000100db94        0x4 output/obj/ir_lib.o
 .rodata.CUSTOM_20_40_BUF
                0x000000000100db98        0x4 output/obj/ir_lib.o
 .rodata.CUSTOM_20_DF_BUF
                0x000000000100db9c        0x4 output/obj/ir_lib.o
 .rodata.CUSTOM_20_FD_BUF
                0x000000000100dba0        0x4 output/obj/ir_lib.o
 .rodata.CUSTOM_21_DE_BUF
                0x000000000100dba4        0x4 output/obj/ir_lib.o
 .rodata.CUSTOM_22_11_BUF
                0x000000000100dba8        0x4 output/obj/ir_lib.o
 .rodata.CUSTOM_24_DB_BUF
                0x000000000100dbac        0x4 output/obj/ir_lib.o
 .rodata.CUSTOM_29_D6_BUF
                0x000000000100dbb0        0x4 output/obj/ir_lib.o
 .rodata.CUSTOM_2B_D4_BUF
                0x000000000100dbb4        0x4 output/obj/ir_lib.o
 .rodata.CUSTOM_33_00_BUF
                0x000000000100dbb8        0x4 output/obj/ir_lib.o
 .rodata.CUSTOM_33_CC_BUF
                0x000000000100dbbc        0x4 output/obj/ir_lib.o
 .rodata.CUSTOM_35_50_BUF
                0x000000000100dbc0        0x4 output/obj/ir_lib.o
 .rodata.CUSTOM_38_C7_BUF
                0x000000000100dbc4        0x4 output/obj/ir_lib.o
 .rodata.CUSTOM_3F_C0_BUF
                0x000000000100dbc8        0x4 output/obj/ir_lib.o
 .rodata.CUSTOM_3F_3F_BUF
                0x000000000100dbcc        0x4 output/obj/ir_lib.o
 .rodata.CUSTOM_40_02_BUF
                0x000000000100dbd0        0x4 output/obj/ir_lib.o
 .rodata.CUSTOM_40_20_BUF
                0x000000000100dbd4        0x4 output/obj/ir_lib.o
 .rodata.CUSTOM_40_40_BUF
                0x000000000100dbd8        0x4 output/obj/ir_lib.o
 .rodata.CUSTOM_40_BF_BUF
                0x000000000100dbdc        0x4 output/obj/ir_lib.o
 .rodata.CUSTOM_42_BD_BUF
                0x000000000100dbe0        0x4 output/obj/ir_lib.o
 .rodata.CUSTOM_42_FD_BUF
                0x000000000100dbe4        0x4 output/obj/ir_lib.o
 .rodata.CUSTOM_43_00_BUF
                0x000000000100dbe8        0x4 output/obj/ir_lib.o
 .rodata.CUSTOM_45_16_BUF
                0x000000000100dbec        0x4 output/obj/ir_lib.o
 .rodata.CUSTOM_23_45_BUF
                0x000000000100dbf0        0x4 output/obj/ir_lib.o
 .rodata.CUSTOM_45_BC_BUF
                0x000000000100dbf4        0x4 output/obj/ir_lib.o
 .rodata.CUSTOM_46_00_BUF
                0x000000000100dbf8        0x4 output/obj/ir_lib.o
 .rodata.CUSTOM_47_00_BUF
                0x000000000100dbfc        0x4 output/obj/ir_lib.o
 .rodata.CUSTOM_4B_B4_BUF
                0x000000000100dc00        0x4 output/obj/ir_lib.o
 .rodata.CUSTOM_4F_50_BUF
                0x000000000100dc04        0x4 output/obj/ir_lib.o
 .rodata.CUSTOM_50_AD_BUF
                0x000000000100dc08        0x4 output/obj/ir_lib.o
 .rodata.CUSTOM_50_AF_BUF
                0x000000000100dc0c        0x4 output/obj/ir_lib.o
 .rodata.CUSTOM_54_00_BUF
                0x000000000100dc10        0x4 output/obj/ir_lib.o
 .rodata.CUSTOM_58_A7_BUF
                0x000000000100dc14        0x4 output/obj/ir_lib.o
 .rodata.CUSTOM_5A_49_BUF
                0x000000000100dc18        0x4 output/obj/ir_lib.o
 .rodata.CUSTOM_60_9F_BUF
                0x000000000100dc1c        0x4 output/obj/ir_lib.o
 .rodata.CUSTOM_60_9D_BUF
                0x000000000100dc20        0x4 output/obj/ir_lib.o
 .rodata.CUSTOM_61_63_BUF
                0x000000000100dc24        0x4 output/obj/ir_lib.o
 .rodata.CUSTOM_6A_00_BUF
                0x000000000100dc28        0x4 output/obj/ir_lib.o
 .rodata.CUSTOM_69_F1_BUF
                0x000000000100dc2c        0x4 output/obj/ir_lib.o
 .rodata.CUSTOM_71_8E_BUF
                0x000000000100dc30        0x4 output/obj/ir_lib.o
 .rodata.CUSTOM_73_00_BUF
                0x000000000100dc34        0x4 output/obj/ir_lib.o
 .rodata.CUSTOM_76_7B_BUF
                0x000000000100dc38        0x4 output/obj/ir_lib.o
 .rodata.CUSTOM_77_00_BUF
                0x000000000100dc3c        0x4 output/obj/ir_lib.o
 .rodata.CUSTOM_77_88_BUF
                0x000000000100dc40        0x4 output/obj/ir_lib.o
 .rodata.CUSTOM_7D_00_BUF
                0x000000000100dc44        0x4 output/obj/ir_lib.o
 .rodata.CUSTOM_7F_00_BUF
                0x000000000100dc48        0x4 output/obj/ir_lib.o
 .rodata.CUSTOM_80_23_BUF
                0x000000000100dc4c        0x4 output/obj/ir_lib.o
 .rodata.CUSTOM_80_80_BUF
                0x000000000100dc50        0x4 output/obj/ir_lib.o
 .rodata.CUSTOM_80_57_BUF
                0x000000000100dc54        0x4 output/obj/ir_lib.o
 .rodata.CUSTOM_80_63_BUF
                0x000000000100dc58        0x4 output/obj/ir_lib.o
 .rodata.CUSTOM_80_64_BUF
                0x000000000100dc5c        0x4 output/obj/ir_lib.o
 .rodata.CUSTOM_80_6F_BUF
                0x000000000100dc60        0x4 output/obj/ir_lib.o
 .rodata.CUSTOM_80_7F_BUF
                0x000000000100dc64        0x4 output/obj/ir_lib.o
 .rodata.CUSTOM_80_8F_BUF
                0x000000000100dc68        0x4 output/obj/ir_lib.o
 .rodata.CUSTOM_82_F3_BUF
                0x000000000100dc6c        0x4 output/obj/ir_lib.o
 .rodata.CUSTOM_83_55_BUF
                0x000000000100dc70        0x4 output/obj/ir_lib.o
 .rodata.CUSTOM_83_F1_BUF
                0x000000000100dc74        0x4 output/obj/ir_lib.o
 .rodata.CUSTOM_83_F7_BUF
                0x000000000100dc78        0x4 output/obj/ir_lib.o
 .rodata.CUSTOM_84_E0_BUF
                0x000000000100dc7c        0x4 output/obj/ir_lib.o
 .rodata.CUSTOM_85_46_BUF
                0x000000000100dc80        0x4 output/obj/ir_lib.o
 .rodata.CUSTOM_86_02_BUF
                0x000000000100dc84        0x4 output/obj/ir_lib.o
 .rodata.CUSTOM_86_05_BUF
                0x000000000100dc88        0x4 output/obj/ir_lib.o
 .rodata.CUSTOM_86_6B_BUF
                0x000000000100dc8c        0x4 output/obj/ir_lib.o
 .rodata.CUSTOM_87_22_BUF
                0x000000000100dc90        0x4 output/obj/ir_lib.o
 .rodata.CUSTOM_87_4E_BUF
                0x000000000100dc94        0x4 output/obj/ir_lib.o
 .rodata.CUSTOM_88_45_BUF
                0x000000000100dc98        0x4 output/obj/ir_lib.o
 .rodata.CUSTOM_95_6A_BUF
                0x000000000100dc9c        0x4 output/obj/ir_lib.o
 .rodata.CUSTOM_96_69_BUF
                0x000000000100dca0        0x4 output/obj/ir_lib.o
 .rodata.CUSTOM_97_00_BUF
                0x000000000100dca4        0x4 output/obj/ir_lib.o
 .rodata.CUSTOM_A0_5F_BUF
                0x000000000100dca8        0x4 output/obj/ir_lib.o
 .rodata.CUSTOM_A0_87_BUF
                0x000000000100dcac        0x4 output/obj/ir_lib.o
 .rodata.CUSTOM_A4_00_BUF
                0x000000000100dcb0        0x4 output/obj/ir_lib.o
 .rodata.CUSTOM_AA_03_BUF
                0x000000000100dcb4        0x4 output/obj/ir_lib.o
 .rodata.CUSTOM_AA_55_BUF
                0x000000000100dcb8        0x4 output/obj/ir_lib.o
 .rodata.CUSTOM_C4_00_BUF
                0x000000000100dcbc        0x4 output/obj/ir_lib.o
 .rodata.CUSTOM_E5_70_BUF
                0x000000000100dcc0        0x4 output/obj/ir_lib.o
 .rodata.CUSTOM_E6_00_BUF
                0x000000000100dcc4        0x4 output/obj/ir_lib.o
 .rodata.CUSTOM_E7_0A_BUF
                0x000000000100dcc8        0x4 output/obj/ir_lib.o
 .rodata.CUSTOM_EA_C7_BUF
                0x000000000100dccc        0x4 output/obj/ir_lib.o
 .rodata.CUSTOM_EA_C8_BUF
                0x000000000100dcd0        0x4 output/obj/ir_lib.o
 .rodata.CUSTOM_EE_00_BUF
                0x000000000100dcd4        0x4 output/obj/ir_lib.o
 .rodata.CUSTOM_DC_00_BUF
                0x000000000100dcd8        0x4 output/obj/ir_lib.o
 .rodata.CUSTOM_DE_D6_BUF
                0x000000000100dcdc        0x4 output/obj/ir_lib.o
 .rodata.CUSTOM_F4_00_BUF
                0x000000000100dce0        0x4 output/obj/ir_lib.o
 .rodata.CUSTOM_FE_01_BUF
                0x000000000100dce4        0x4 output/obj/ir_lib.o
 .rodata.CUSTOM_0000_B000_BUF
                0x000000000100dce8        0x4 output/obj/ir_lib.o
 .rodata.CUSTOM_0000_FFFF_BUF
                0x000000000100dcec        0x4 output/obj/ir_lib.o
 .rodata.CUSTOM_055A_0000_BUF
                0x000000000100dcf0        0x4 output/obj/ir_lib.o
 .rodata.CUSTOM_0057_0000_BUF
                0x000000000100dcf4        0x4 output/obj/ir_lib.o
 .rodata.CUSTOM_007B_1F84_BUF
                0x000000000100dcf8        0x4 output/obj/ir_lib.o
 .rodata.CUSTOM_081F_0000_BUF
                0x000000000100dcfc        0x4 output/obj/ir_lib.o
 .rodata.CUSTOM_0119_1EE6_BUF
                0x000000000100dd00        0x4 output/obj/ir_lib.o
 .rodata.CUSTOM_011A_FEE5_BUF
                0x000000000100dd04        0x4 output/obj/ir_lib.o
 .rodata.CUSTOM_011C_1EE3_BUF
                0x000000000100dd08        0x4 output/obj/ir_lib.o
 .rodata.CUSTOM_013C_1EC3_BUF
                0x000000000100dd0c        0x4 output/obj/ir_lib.o
 .rodata.CUSTOM_0114_FEEB_BUF
                0x000000000100dd10        0x4 output/obj/ir_lib.o
 .rodata.CUSTOM_0200_0000_BUF
                0x000000000100dd14        0x4 output/obj/ir_lib.o
 .rodata.CUSTOM_1463_0084_BUF
                0x000000000100dd18        0x4 output/obj/ir_lib.o
 .rodata.CUSTOM_2002_4880_BUF
                0x000000000100dd1c        0x4 output/obj/ir_lib.o
 .rodata.CUSTOM_29C0_2600_BUF
                0x000000000100dd20        0x4 output/obj/ir_lib.o
 .rodata.CUSTOM_5AAA_162F_BUF
                0x000000000100dd24        0x4 output/obj/ir_lib.o
 .rodata.CUSTOM_8000_FFFF_BUF
                0x000000000100dd28        0x4 output/obj/ir_lib.o
 .rodata.CUSTOM_87E1_F000_BUF
                0x000000000100dd2c        0x4 output/obj/ir_lib.o
 .rodata.CUSTOM_2002_0090_BUF
                0x000000000100dd30        0x4 output/obj/ir_lib.o
 .rodata.CUSTOM_434F_004E_BUF
                0x000000000100dd34        0x4 output/obj/ir_lib.o
 .rodata.CUSTOM_BFFF_FFFF_BUF
                0x000000000100dd38        0x4 output/obj/ir_lib.o
 .rodata.CUSTOM_FFFD_0000_BUF
                0x000000000100dd3c        0x4 output/obj/ir_lib.o
 .rodata.CUSTOM_FFFE_00A4_BUF
                0x000000000100dd40        0x4 output/obj/ir_lib.o
 .rodata.CUSTOM_FFFE_00A5_BUF
                0x000000000100dd44        0x4 output/obj/ir_lib.o
 .rodata.CUSTOM_FFFE_006A_BUF
                0x000000000100dd48        0x4 output/obj/ir_lib.o
 .rodata.CUSTOM_FFFD_0001_BUF
                0x000000000100dd4c        0x4 output/obj/ir_lib.o
 .rodata.CUSTOM_FFFD_FFFF_BUF
                0x000000000100dd50        0x4 output/obj/ir_lib.o
 .rodata.CUSTOM_FFFF_FFFF_BUF
                0x000000000100dd54        0x4 output/obj/ir_lib.o
 .rodata.HIGH_CUSTOM_2002_0080_BUF
                0x000000000100dd58        0x4 output/obj/ir_lib.o
 .rodata.CUSTOM_2002_0280_BUF
                0x000000000100dd5c        0x4 output/obj/ir_lib.o
 .rodata.CUSTOM_2002_0480_BUF
                0x000000000100dd60        0x4 output/obj/ir_lib.o
 .rodata.HIGH_CUSTOM_0000_1800_BUF
                0x000000000100dd64        0x4 output/obj/ir_lib.o
 .rodata.HIGH_CUSTOM_3000_0000_BUF
                0x000000000100dd68        0x4 output/obj/ir_lib.o
 .rodata.HIGH_CUSTOM_4000_0000_BUF
                0x000000000100dd6c        0x4 output/obj/ir_lib.o
 .rodata.HIGH_CUSTOM_8000_0000_BUF
                0x000000000100dd70        0x4 output/obj/ir_lib.o
 .rodata.HIGH_CUSTOM_8000_2800_BUF
                0x000000000100dd74        0x4 output/obj/ir_lib.o
 .rodata.HIGH_CUSTOM_8100_7E00_BUF
                0x000000000100dd78        0x4 output/obj/ir_lib.o
 .rodata.HIGH_CUSTOM_A000_0000_BUF
                0x000000000100dd7c        0x4 output/obj/ir_lib.o
 .rodata.HIGH_CUSTOM_B000_6000_BUF
                0x000000000100dd80        0x4 output/obj/ir_lib.o
 .rodata.HIGH_CUSTOM_B000_A000_BUF
                0x000000000100dd84        0x4 output/obj/ir_lib.o
 .rodata.HIGH_CUSTOM_B000_F000_BUF
                0x000000000100dd88        0x4 output/obj/ir_lib.o
 .rodata.HIGH_CUSTOM_C000_0000_BUF
                0x000000000100dd8c        0x4 output/obj/ir_lib.o
 .rodata.HIGH_CUSTOM_C000_0800_BUF
                0x000000000100dd90        0x4 output/obj/ir_lib.o
 .rodata.HIGH_CUSTOM_C000_6000_BUF
                0x000000000100dd94        0x4 output/obj/ir_lib.o
 .rodata.HIGH_CUSTOM_FFFD_6000_BUF
                0x000000000100dd98        0x4 output/obj/ir_lib.o
 .rodata.HIGH_CUSTOM_FFFD_E000_BUF
                0x000000000100dd9c        0x4 output/obj/ir_lib.o
 .rodata.HIGH_CUSTOM_FFFD_8800_BUF
                0x000000000100dda0        0x4 output/obj/ir_lib.o
 .rodata.CUSTOM_6BIT_02_BUF
                0x000000000100dda4       0x1e output/obj/ir_lib.o
 *fill*         0x000000000100ddc2        0x2 
 .rodata.CUSTOM_C1D6_03_BUF
                0x000000000100ddc4       0x1e output/obj/ir_lib.o
 *fill*         0x000000000100dde2        0x2 
 .rodata.DVB_PAN_7051_SAMSUN_05_BUF
                0x000000000100dde4       0x1e output/obj/ir_lib.o
 *fill*         0x000000000100de02        0x2 
 .rodata.FB739A_06_BUF
                0x000000000100de04       0x1e output/obj/ir_lib.o
 *fill*         0x000000000100de22        0x2 
 .rodata.GEMINI_C16_38_08_BUF
                0x000000000100de24       0x1e output/obj/ir_lib.o
 *fill*         0x000000000100de42        0x2 
 .rodata.GEMINI_C10_32_08_BUF
                0x000000000100de44       0x1e output/obj/ir_lib.o
 *fill*         0x000000000100de62        0x2 
 .rodata.GEMINI_C10_38_09_BUF
                0x000000000100de64       0x1e output/obj/ir_lib.o
 *fill*         0x000000000100de82        0x2 
 .rodata.GEMINI_C10_32_10_BUF
                0x000000000100de84       0x1e output/obj/ir_lib.o
 *fill*         0x000000000100dea2        0x2 
 .rodata.IRT1250C5D6_12_BUF
                0x000000000100dea4       0x1e output/obj/ir_lib.o
 *fill*         0x000000000100dec2        0x2 
 .rodata.IRT1250C5D7_13_BUF
                0x000000000100dec4       0x1e output/obj/ir_lib.o
 *fill*         0x000000000100dee2        0x2 