Archive member included to satisfy reference by file (symbol)

./../../../APP/SECRETKEY\libSecretKey.a(SecretKey.o)
                              output/obj/remote_control.o (SecretKey_Generate)
d:/environment/risc-v/riscv32-unknown-elf-gcc-8.3.0_rv32imafc_ilp32f_newlib/bin/../lib/gcc/riscv32-unknown-elf/8.3.0\libgcc.a(muldf3.o)
                              output/obj/ir_send.o (__muldf3)
d:/environment/risc-v/riscv32-unknown-elf-gcc-8.3.0_rv32imafc_ilp32f_newlib/bin/../lib/gcc/riscv32-unknown-elf/8.3.0\libgcc.a(fixunsdfsi.o)
                              output/obj/ir_send.o (__fixunsdfsi)
d:/environment/risc-v/riscv32-unknown-elf-gcc-8.3.0_rv32imafc_ilp32f_newlib/bin/../lib/gcc/riscv32-unknown-elf/8.3.0\libgcc.a(floatsidf.o)
                              output/obj/ir_send.o (__floatsidf)
d:/environment/risc-v/riscv32-unknown-elf-gcc-8.3.0_rv32imafc_ilp32f_newlib/bin/../lib/gcc/riscv32-unknown-elf/8.3.0\libgcc.a(save-restore.o)
                              output/obj/att.o (__riscv_save_12)
d:/environment/risc-v/riscv32-unknown-elf-gcc-8.3.0_rv32imafc_ilp32f_newlib/bin/../lib/gcc/riscv32-unknown-elf/8.3.0\libgcc.a(_clzsi2.o)
                              d:/environment/risc-v/riscv32-unknown-elf-gcc-8.3.0_rv32imafc_ilp32f_newlib/bin/../lib/gcc/riscv32-unknown-elf/8.3.0\libgcc.a(muldf3.o) (__clzsi2)
d:/environment/risc-v/riscv32-unknown-elf-gcc-8.3.0_rv32imafc_ilp32f_newlib/bin/../lib/gcc/riscv32-unknown-elf/8.3.0\libgcc.a(_clz.o)
                              d:/environment/risc-v/riscv32-unknown-elf-gcc-8.3.0_rv32imafc_ilp32f_newlib/bin/../lib/gcc/riscv32-unknown-elf/8.3.0\libgcc.a(_clzsi2.o) (__clz_tab)
d:/environment/risc-v/riscv32-unknown-elf-gcc-8.3.0_rv32imafc_ilp32f_newlib/bin/../lib/gcc/riscv32-unknown-elf/8.3.0/../../../../riscv32-unknown-elf/lib\libc.a(lib_a-memcmp.o)
                              output/obj/att.o (memcmp)
d:/environment/risc-v/riscv32-unknown-elf-gcc-8.3.0_rv32imafc_ilp32f_newlib/bin/../lib/gcc/riscv32-unknown-elf/8.3.0/../../../../riscv32-unknown-elf/lib\libc.a(lib_a-memcpy.o)
                              output/obj/yc11xx_ipc.o (memcpy)
d:/environment/risc-v/riscv32-unknown-elf-gcc-8.3.0_rv32imafc_ilp32f_newlib/bin/../lib/gcc/riscv32-unknown-elf/8.3.0/../../../../riscv32-unknown-elf/lib\libc.a(lib_a-memset.o)
                              output/obj/yc_debug.o (memset)

Allocating common symbols
Common symbol       size              file

gHaltLogFlag        0x2               output/obj/yc_debug.o
gAudioAdpcmVal      0x8               output/obj/adpcm.o
gFacStoreinfo       0xa               output/obj/yc_dev_bt.o
prepareLen          0x1               output/obj/att.o
voice_status        0x8               output/obj/audio.o
gHaltLogValue       0x2               output/obj/yc_debug.o
gOsEnterCriticalCnt
                    0x2               output/obj/yc11xx.o
prepareHandle       0x1               output/obj/att.o
txptr               0x4               output/obj/yc_debug.o
gHciDataDebug       0x18              output/obj/yc11xx_dev_bt_data_trans.o
gRecinfo            0x3d              output/obj/yc_dev_bt.o

Discarded input sections

 .text          0x0000000000000000        0x0 output/obj/main.o
 .data          0x0000000000000000        0x0 output/obj/main.o
 .bss           0x0000000000000000        0x0 output/obj/main.o
 .text.bt_task_run
                0x0000000000000000       0x18 output/obj/main.o
 .text          0x0000000000000000        0x0 output/obj/yc_debug.o
 .data          0x0000000000000000        0x0 output/obj/yc_debug.o
 .bss           0x0000000000000000        0x0 output/obj/yc_debug.o
 .text.write_long_value
                0x0000000000000000       0x1c output/obj/yc_debug.o
 .text.print_round_buffer
                0x0000000000000000       0x74 output/obj/yc_debug.o
 .text.print_log_buffer_is_empty
                0x0000000000000000       0x44 output/obj/yc_debug.o
 .text.print_log
                0x0000000000000000       0x64 output/obj/yc_debug.o
 .text.print_log_get_lock
                0x0000000000000000       0x32 output/obj/yc_debug.o
 .text.print_log_free_lock
                0x0000000000000000        0xe output/obj/yc_debug.o
 .text.print_protocol_to_uart
                0x0000000000000000       0x7e output/obj/yc_debug.o
 .text.print_hci_h4_to_uart_raw
                0x0000000000000000       0x7a output/obj/yc_debug.o
 .text.print_hci_h4_to_uart
                0x0000000000000000       0x24 output/obj/yc_debug.o
 .text.print_string_empty_fuction
                0x0000000000000000       0x14 output/obj/yc_debug.o
 .text.print_format_string_buffer
                0x0000000000000000       0x18 output/obj/yc_debug.o
 .text.print_format_string
                0x0000000000000000      0x270 output/obj/yc_debug.o
 .rodata.g_pcHex2.3677
                0x0000000000000000        0x4 output/obj/yc_debug.o
 .rodata.g_pcHex1.3676
                0x0000000000000000        0x4 output/obj/yc_debug.o
 .rodata.g_pcHex2.3781
[...]
Memory Configuration

Name             Origin             Length             Attributes
*default*        0x0000000000000000 0xffffffffffffffff

Linker script and memory map

LOAD output/obj/main.o
LOAD output/obj/yc_debug.o
LOAD output/obj/yc_nvic.o
LOAD output/obj/yc11xx.o
LOAD output/obj/malloc.o
LOAD output/obj/software_timer.o
LOAD output/obj/yc11xx_bt_interface.o
LOAD output/obj/yc11xx_ipc.o
LOAD output/obj/yc11xx_audio_adc.o
LOAD output/obj/yc11xx_gpio.o
LOAD output/obj/yc11xx_iwdg.o
LOAD output/obj/yc11xx_qspi.o
LOAD output/obj/yc11xx_qspi0.o
LOAD output/obj/yc11xx_spi.o
LOAD output/obj/yc11xx_systick.o
LOAD output/obj/yc11xx_timer.o
LOAD output/obj/yc11xx_uart.o
LOAD output/obj/yc11xx_lpm.o
LOAD output/obj/yc11xx_pwm.o
LOAD output/obj/yc11xx_dev_bt_aap.o
LOAD output/obj/yc11xx_dev_bt_data_trans.o
LOAD output/obj/yc11xx_dev_qspi.o
LOAD output/obj/yc_dev_bt.o
LOAD output/obj/yc_ota.o
LOAD output/obj/hci_dtm_test.o
LOAD output/obj/att.o
LOAD output/obj/flash.o
LOAD output/obj/app_queue.o
LOAD output/obj/app_sleep.o
LOAD output/obj/vbat.o
LOAD output/obj/keyscan.o
LOAD output/obj/led.o
LOAD output/obj/ir_send.o
LOAD output/obj/ir_load.o
LOAD output/obj/ir_lib.o
LOAD output/obj/audio.o
LOAD output/obj/factory_test_off_line.o
LOAD output/obj/adpcm.o
LOAD output/obj/remote_control.o
LOAD output/obj/att_list.o
LOAD output/obj/startup_rv32.o
LOAD ./../../../APP/SECRETKEY\libSecretKey.a
LOAD d:/environment/risc-v/riscv32-unknown-elf-gcc-8.3.0_rv32imafc_ilp32f_newlib/bin/../lib/gcc/riscv32-unknown-elf/8.3.0\libgcc.a
START GROUP
LOAD d:/environment/risc-v/riscv32-unknown-elf-gcc-8.3.0_rv32imafc_ilp32f_newlib/bin/../lib/gcc/riscv32-unknown-elf/8.3.0/../../../../riscv32-unknown-elf/lib\libc.a
LOAD d:/environment/risc-v/riscv32-unknown-elf-gcc-8.3.0_rv32imafc_ilp32f_newlib/bin/../lib/gcc/riscv32-unknown-elf/8.3.0/../../../../riscv32-unknown-elf/lib\libgloss.a
END GROUP
LOAD d:/environment/risc-v/riscv32-unknown-elf-gcc-8.3.0_rv32imafc_ilp32f_newlib/bin/../lib/gcc/riscv32-unknown-elf/8.3.0\libgcc.a
                0x0000000001000000                . = 0x1000000

.text           0x0000000001000000      0x670
 *startup_rv32.o()
 .text          0x0000000001000000        0x0 output/obj/startup_rv32.o
 .data          0x0000000001000000        0x0 output/obj/startup_rv32.o
 .bss           0x0000000001000000        0x0 output/obj/startup_rv32.o
 .text.startup  0x0000000001000000      0x14c output/obj/startup_rv32.o
                0x0000000001000096                disable_mie
                0x000000000100009e                enable_mie
                0x00000000010000a8                Default_IRQHandler
 *fill*         0x000000000100014c       0x34 
 .text.trap     0x0000000001000180      0x160 output/obj/startup_rv32.o
                0x0000000001000180                trap
                0x00000000010001d8                lpo_delay
                0x00000000010001de                trap_c
                0x0000000001000200                NMI_Handler
                0x0000000001000200                UART_IRQHandler
                0x0000000001000200                SBC_ERR1_IRQHandl
                0x0000000001000200                SBC_ERR0_IRQHandl
                0x0000000001000200                UARTB_IRQHandler
                0x0000000001000200                PWM3_IRQHandler
                0x0000000001000200                IIS_IRQHandler
                0x0000000001000200                BT_IRQHandler
                0x0000000001000200                PWM1_IRQHandler
                0x0000000001000200                SPI_IRQHandler
                0x0000000001000200                PWM5_IRQHandler
                0x0000000001000200                PWM2_IRQHandler
                0x0000000001000200                Default_Handler
                0x0000000001000200                QSPI1_IRQHandler
                0x0000000001000200                ADC_IRQHandler
                0x0000000001000200                PWM4_IRQHandler
                0x0000000001000200                USB_IRQHandler
                0x0000000001000200                IIC_IRQHandler
                0x0000000001000200                IICD1_IRQHandler
                0x0000000001000200                PWM7_IRQHandler
                0x0000000001000200                SDMA_IRQHandler
                0x0000000001000200                WDT_IRQHandler
                0x0000000001000200                DEB_IRQHandler
                0x0000000001000200                QSPI2_IRQHandler
                0x0000000001000200                PWM0_IRQHandler
                0x0000000001000200                HOST_IRQHandler
                0x0000000001000200                DMA_IRQHandler
                0x0000000001000200                SD_IRQHandler
                0x0000000001000200                WDT2_IRQHandler
                0x0000000001000200                QSPI_IRQHandler
                0x0000000001000200                PWM6_IRQHandler
                0x0000000001000200                FFT_IRQHandler
                0x0000000001000200                GPIO_IRQHandler
 .debug_line    0x00000000010002e0      0x2a7 output/obj/startup_rv32.o
 .debug_info    0x0000000001000587       0x22 output/obj/startup_rv32.o
 .debug_abbrev  0x00000000010005a9       0x12 output/obj/startup_rv32.o
 *fill*         0x00000000010005bb        0x5 
 .debug_aranges
                0x00000000010005c0       0x28 output/obj/startup_rv32.o
 .debug_str     0x00000000010005e8       0x68 output/obj/startup_rv32.o
 .debug_ranges  0x0000000001000650       0x20 output/obj/startup_rv32.o
                0x0000000001001000                . = 0x1001000

.text1          0x0000000001001000     0xc83c
 *(.text*)
 .text.bt_init  0x0000000001001000       0x52 output/obj/main.o
 .text.chip_task_run
                0x0000000001001052       0x1a output/obj/main.o
 .text.chip_init
                0x000000000100106c       0x36 output/obj/main.o
 .text.startup.main
                0x00000000010010a2       0x18 output/obj/main.o
                0x00000000010010a2                main
 .text.uart_txBuffer
                0x00000000010010ba       0x1c output/obj/yc_debug.o
                0x00000000010010ba                uart_txBuffer
 .text.uart_txChar
                0x00000000010010d6       0x7c output/obj/yc_debug.o
                0x00000000010010d6                uart_txChar
 .text.init_debugUart
                0x0000000001001152       0xc6 output/obj/yc_debug.o
                0x0000000001001152                init_debugUart
 .text.debugUart_pollTx
                0x0000000001001218        0xa output/obj/yc_debug.o
                0x0000000001001218                debugUart_pollTx
 .text.yichip_debug_uart_protocol
                0x0000000001001222       0x32 output/obj/yc_debug.o
                0x0000000001001222                yichip_debug_uart_protocol
 .text.init_print_log
                0x0000000001001254      0x142 output/obj/yc_debug.o
                0x0000000001001254                init_print_log
 .text.print_log_to_uart
                0x0000000001001396       0xfa output/obj/yc_debug.o
                0x0000000001001396                print_log_to_uart
 .text.print_string_to_uart
                0x0000000001001490       0x48 output/obj/yc_debug.o
                0x0000000001001490                print_string_to_uart
 .text.print_string
                0x00000000010014d8       0x34 output/obj/yc_debug.o
                0x00000000010014d8                print_string
 .text.print_string_log_raw
                0x000000000100150c      0x24c output/obj/yc_debug.o
                0x000000000100150c                print_string_log_raw
 .text.print_string_log
                0x0000000001001758       0x30 output/obj/yc_debug.o
                0x0000000001001758                print_string_log
 .text.RV_EnableIRQ
                0x0000000001001788       0x2c output/obj/yc_nvic.o
                0x0000000001001788                RV_EnableIRQ
 .text.RV_DisableIRQ
                0x00000000010017b4       0x2c output/obj/yc_nvic.o
                0x00000000010017b4                RV_DisableIRQ
 .text.RV_SetPriority
                0x00000000010017e0       0x34 output/obj/yc_nvic.o
                0x00000000010017e0                RV_SetPriority
 .text.NVIC_Configuration
                0x0000000001001814       0x22 output/obj/yc_nvic.o
                0x0000000001001814                NVIC_Configuration
 .text.xmemcpy  0x0000000001001836       0x2c output/obj/yc11xx.o
                0x0000000001001836                xmemcpy
 .text._assert_handler
                0x0000000001001862        0x2 output/obj/yc11xx.o
                0x0000000001001862                _assert_handler
 .text.xramcmp  0x0000000001001864       0x32 output/obj/yc11xx.o
                0x0000000001001864                xramcmp
 .text.CoreReg_ClkControl
                0x0000000001001896       0x82 output/obj/yc11xx.o
                0x0000000001001896                CoreReg_ClkControl
 .text.SetLockLpmWriteReg
                0x0000000001001918       0x30 output/obj/yc11xx.o
                0x0000000001001918                SetLockLpmWriteReg
 .text.SetReleaseLpmWriteReg
                0x0000000001001948        0xa output/obj/yc11xx.o
                0x0000000001001948                SetReleaseLpmWriteReg
 .text.CoreReg_LpmWriteCommon
                0x0000000001001952       0x84 output/obj/yc11xx.o
                0x0000000001001952                CoreReg_LpmWriteCommon
 .text.CoreReg_LpmWrite2
                0x00000000010019d6       0x10 output/obj/yc11xx.o
                0x00000000010019d6                CoreReg_LpmWrite2
 .text.CoreReg_LpmWrite2LdoControl
                0x00000000010019e6        0xc output/obj/yc11xx.o
                0x00000000010019e6                CoreReg_LpmWrite2LdoControl
 .text.Audio_AdcDSMDIV_12MConfig
                0x00000000010019f2       0x44 output/obj/yc11xx.o
                0x00000000010019f2                Audio_AdcDSMDIV_12MConfig
 .text.Audio_AdcDSMDIV_12MEnable
                0x0000000001001a36       0x2e output/obj/yc11xx.o
                0x0000000001001a36                Audio_AdcDSMDIV_12MEnable
 .text.Audio_AdcDSMDIV_11MConfig
                0x0000000001001a64       0x44 output/obj/yc11xx.o
                0x0000000001001a64                Audio_AdcDSMDIV_11MConfig
 .text.Audio_AdcDSMDIV_11MEnable
                0x0000000001001aa8       0x2e output/obj/yc11xx.o
                0x0000000001001aa8                Audio_AdcDSMDIV_11MEnable
 .text.Audio_ClkInit
                0x0000000001001ad6       0x30 output/obj/yc11xx.o
                0x0000000001001ad6                Audio_ClkInit
 .text.wait_lpodelay
                0x0000000001001b06       0x22 output/obj/yc11xx.o
                0x0000000001001b06                wait_lpodelay
 .text.SYS_RESET
                0x0000000001001b28        0xc output/obj/yc11xx.o
                0x0000000001001b28                SYS_RESET
 .text.prvInsertBlockIntoFreeList
                0x0000000001001b34       0x4c output/obj/malloc.o
 .text.Memory_Malloc
                0x0000000001001b80       0xc8 output/obj/malloc.o
                0x0000000001001b80                Memory_Malloc
 .text.Memory_Free
                0x0000000001001c48       0x46 output/obj/malloc.o
                0x0000000001001c48                Memory_Free
 .text.Memory_InitHeap
                0x0000000001001c8e       0x3c output/obj/malloc.o
                0x0000000001001c8e                Memory_InitHeap
 .text.swtimer_task
                0x0000000001001cca       0x98 output/obj/software_timer.o
 .text.swtimer_restart
                0x0000000001001d62       0x46 output/obj/software_timer.o
                0x0000000001001d62                swtimer_restart
 .text.swtimer_stop
                0x0000000001001da8       0x40 output/obj/software_timer.o
                0x0000000001001da8                swtimer_stop
 .text.swtimer_start
                0x0000000001001de8       0x74 output/obj/software_timer.o
                0x0000000001001de8                swtimer_start
 .text.swtimer_add
                0x0000000001001e5c       0x60 output/obj/software_timer.o
                0x0000000001001e5c                swtimer_add
 .text.software_timer_stop
                0x0000000001001ebc       0x14 output/obj/software_timer.o
                0x0000000001001ebc                software_timer_stop
 .text.software_timer_start
                0x0000000001001ed0       0x1c output/obj/software_timer.o
                0x0000000001001ed0                software_timer_start
 .text.Bt_SndCmdPwroff
                0x0000000001001eec        0xe output/obj/yc11xx_bt_interface.o
                0x0000000001001eec                Bt_SndCmdPwroff
 .text.MedianFilter
                0x0000000001001efa       0x5a output/obj/yc11xx_bt_interface.o
                0x0000000001001efa                MedianFilter
 .text.ipcRx    0x0000000001001f54      0x162 output/obj/yc11xx_ipc.o
 .text.ipcTx    0x00000000010020b6      0x162 output/obj/yc11xx_ipc.o
 .text.IPC_IsTxBuffEmpty
                0x0000000001002218      0x160 output/obj/yc11xx_ipc.o
                0x0000000001002218                IPC_IsTxBuffEmpty
 .text.IPC_IsRxBuffEmpty
                0x0000000001002378      0x160 output/obj/yc11xx_ipc.o
                0x0000000001002378                IPC_IsRxBuffEmpty
 .text.IPC_TxBufferIsEnough
                0x00000000010024d8      0x1ee output/obj/yc11xx_ipc.o
                0x00000000010024d8                IPC_TxBufferIsEnough
 .text.IPC_TxCommon
                0x00000000010026c6       0x96 output/obj/yc11xx_ipc.o
                0x00000000010026c6                IPC_TxCommon
 .text.IPC_TxControlCmd
                0x000000000100275c       0x6a output/obj/yc11xx_ipc.o
                0x000000000100275c                IPC_TxControlCmd
 .text.IPC_TxAclCmd
                0x00000000010027c6       0x6a output/obj/yc11xx_ipc.o
                0x00000000010027c6                IPC_TxAclCmd
 .text.IPC_HandleRxPacket
                0x0000000001002830       0x88 output/obj/yc11xx_ipc.o
                0x0000000001002830                IPC_HandleRxPacket
 .text.IpcDefaultCallBack
                0x00000000010028b8       0x12 output/obj/yc11xx_ipc.o
                0x00000000010028b8                IpcDefaultCallBack
 .text.IPC_Init
                0x00000000010028ca        0xa output/obj/yc11xx_ipc.o
                0x00000000010028ca                IPC_Init
 .text.AUDIO_AdcInit
                0x00000000010028d4      0x32a output/obj/yc11xx_audio_adc.o
                0x00000000010028d4                AUDIO_AdcInit
 .text.AUDIO_AdcFilterInit
                0x0000000001002bfe      0x138 output/obj/yc11xx_audio_adc.o
                0x0000000001002bfe                AUDIO_AdcFilterInit
 .text.AUDIO_AdcDmaSet
                0x0000000001002d36       0x1a output/obj/yc11xx_audio_adc.o
                0x0000000001002d36                AUDIO_AdcDmaSet
 .text.AUDIO_AdcStop
                0x0000000001002d50       0x14 output/obj/yc11xx_audio_adc.o
                0x0000000001002d50                AUDIO_AdcStop
 .text.AUDIO_AdcHPFInit
                0x0000000001002d64       0x36 output/obj/yc11xx_audio_adc.o
                0x0000000001002d64                AUDIO_AdcHPFInit
 .text.AUDIO_AdcHPFEnable
                0x0000000001002d9a       0x16 output/obj/yc11xx_audio_adc.o
                0x0000000001002d9a                AUDIO_AdcHPFEnable
 .text.AUDIO_AdcHPFClr
                0x0000000001002db0       0x2a output/obj/yc11xx_audio_adc.o
                0x0000000001002db0                AUDIO_AdcHPFClr
 .text.AUDIO_AdcVolConfig
                0x0000000001002dda       0x50 output/obj/yc11xx_audio_adc.o
                0x0000000001002dda                AUDIO_AdcVolConfig
 .text.AUDIO_AdcAnaDiffConfig
                0x0000000001002e2a      0x236 output/obj/yc11xx_audio_adc.o
                0x0000000001002e2a                AUDIO_AdcAnaDiffConfig
 .text.AUDIO_AdcAnaSENoCapacitor
                0x0000000001003060      0x24e output/obj/yc11xx_audio_adc.o
                0x0000000001003060                AUDIO_AdcAnaSENoCapacitor
 .text.AUDIO_AdcAnaSEWithCapacitor
                0x00000000010032ae      0x234 output/obj/yc11xx_audio_adc.o
                0x00000000010032ae                AUDIO_AdcAnaSEWithCapacitor
 .text.AUDIO_AdcAnaVcomConfig
                0x00000000010034e2      0x1d8 output/obj/yc11xx_audio_adc.o
                0x00000000010034e2                AUDIO_AdcAnaVcomConfig
 .text.AUDIO_AdcAnaStop
                0x00000000010036ba       0x32 output/obj/yc11xx_audio_adc.o
                0x00000000010036ba                AUDIO_AdcAnaStop
 .text.GPIO_Init
                0x00000000010036ec       0x50 output/obj/yc11xx_gpio.o
                0x00000000010036ec                GPIO_Init
 .text.GPIO_ReadDataBit
                0x000000000100373c       0xb8 output/obj/yc11xx_gpio.o
                0x000000000100373c                GPIO_ReadDataBit
 .text.GPIO_WakeUp
                0x00000000010037f4      0x290 output/obj/yc11xx_gpio.o
                0x00000000010037f4                GPIO_WakeUp
 .text.IWDG_SetReload
                0x0000000001003a84       0x28 output/obj/yc11xx_iwdg.o
                0x0000000001003a84                IWDG_SetReload
 .text.IWDG_ReloadCounter
                0x0000000001003aac        0xa output/obj/yc11xx_iwdg.o
                0x0000000001003aac                IWDG_ReloadCounter
 .text.prefetch
                0x0000000001003ab6       0x14 output/obj/yc11xx_qspi0.o
                0x0000000001003ab6                prefetch
 .text.qspi0_dma_start
                0x0000000001003aca       0x54 output/obj/yc11xx_qspi0.o
 .text.qspi0_dma_wait
                0x0000000001003b1e       0x1e output/obj/yc11xx_qspi0.o
 .text.qspi0_write
                0x0000000001003b3c       0x3c output/obj/yc11xx_qspi0.o
 .text.qspi0_read_write
                0x0000000001003b78       0x38 output/obj/yc11xx_qspi0.o
 .text.qspi0_flash_cmd
                0x0000000001003bb0       0x16 output/obj/yc11xx_qspi0.o
 .text.qspi0_flash_readstatus1
                0x0000000001003bc6       0x1c output/obj/yc11xx_qspi0.o
 .text.qspi0_flash_readstatus2
                0x0000000001003be2       0x1e output/obj/yc11xx_qspi0.o
 .text.qspi0_flash_waitfinish
                0x0000000001003c00       0x34 output/obj/yc11xx_qspi0.o
 .text.qspi0_flash_writestatus
                0x0000000001003c34       0x32 output/obj/yc11xx_qspi0.o
 .text.qspi0_flash_writeenable
                0x0000000001003c66        0xc output/obj/yc11xx_qspi0.o
 .text._qspi0_flash_write
                0x0000000001003c72       0xa2 output/obj/yc11xx_qspi0.o
 .text._qspi0_flash_erase
                0x0000000001003d14       0x46 output/obj/yc11xx_qspi0.o
 .text._qspi0_flash_read
                0x0000000001003d5a       0xde output/obj/yc11xx_qspi0.o
 .text.qspi0_flash_sectorerase
                0x0000000001003e38       0x24 output/obj/yc11xx_qspi0.o
                0x0000000001003e38                qspi0_flash_sectorerase
 .text.qspi0_flash_blockerasepage
                0x0000000001003e5c       0x24 output/obj/yc11xx_qspi0.o
                0x0000000001003e5c                qspi0_flash_blockerasepage
 .text.qspi0_flash_write
                0x0000000001003e80       0x2c output/obj/yc11xx_qspi0.o
                0x0000000001003e80                qspi0_flash_write
 .text.qspi0_flash_read
                0x0000000001003eac       0x32 output/obj/yc11xx_qspi0.o
                0x0000000001003eac                qspi0_flash_read
 .text.qspi0_flash_arealock
                0x0000000001003ede       0x5c output/obj/yc11xx_qspi0.o
                0x0000000001003ede                qspi0_flash_arealock
 .text.qspi0_flashwrite_lock
                0x0000000001003f3a       0x26 output/obj/yc11xx_qspi0.o
                0x0000000001003f3a                qspi0_flashwrite_lock
 .text.SysTick_Config
                0x0000000001003f60       0x2c output/obj/yc11xx_systick.o
                0x0000000001003f60                SysTick_Config
 .text.SysTick_TimerGet1usTicks
                0x0000000001003f8c       0x28 output/obj/yc11xx_systick.o
                0x0000000001003f8c                SysTick_TimerGet1usTicks
 .text.SysTick_IrqInit
                0x0000000001003fb4       0x48 output/obj/yc11xx_systick.o
                0x0000000001003fb4                SysTick_IrqInit
 .text.System_LdoCoreVsel
                0x0000000001003ffc       0x58 output/obj/yc11xx_systick.o
                0x0000000001003ffc                System_LdoCoreVsel
 .text.System_ChangeDPLL
                0x0000000001004054       0x40 output/obj/yc11xx_systick.o
                0x0000000001004054                System_ChangeDPLL
 .text.System_ChangeXtal24M
                0x0000000001004094       0x2c output/obj/yc11xx_systick.o
                0x0000000001004094                System_ChangeXtal24M
 .text.System_WorkClockGet
                0x00000000010040c0       0x5e output/obj/yc11xx_systick.o
                0x00000000010040c0                System_WorkClockGet
 .text.SysTick_DelayMs
                0x000000000100411e       0x12 output/obj/yc11xx_systick.o
                0x000000000100411e                SysTick_DelayMs
 .text.SysTick_DelayUs
                0x0000000001004130       0x44 output/obj/yc11xx_systick.o
                0x0000000001004130                SysTick_DelayUs
 .text.RV_TM_IRQHandler
                0x0000000001004174       0x18 output/obj/yc11xx_systick.o
                0x0000000001004174                RV_TM_IRQHandler
 .text.TIM_Init
                0x000000000100418c      0x15a output/obj/yc11xx_timer.o
                0x000000000100418c                TIM_Init
 .text.TIM_Cmd  0x00000000010042e6       0x4c output/obj/yc11xx_timer.o
                0x00000000010042e6                TIM_Cmd
 .text.Lpm_SleepWork
                0x0000000001004332       0x18 output/obj/yc11xx_lpm.o
                0x0000000001004332                Lpm_SleepWork
 .text.Lpm_GetWakeFlag
                0x000000000100434a        0xa output/obj/yc11xx_lpm.o
                0x000000000100434a                Lpm_GetWakeFlag
 .text.Lpm_CheckLpmFlag
                0x0000000001004354       0x24 output/obj/yc11xx_lpm.o
                0x0000000001004354                Lpm_CheckLpmFlag
 .text.Lpm_PollingWork
                0x0000000001004378       0x96 output/obj/yc11xx_lpm.o
                0x0000000001004378                Lpm_PollingWork
 .text.Lpm_unLockLpm
                0x000000000100440e       0x2e output/obj/yc11xx_lpm.o
                0x000000000100440e                Lpm_unLockLpm
 .text.Lpm_LockLpm
                0x000000000100443c       0x2a output/obj/yc11xx_lpm.o
                0x000000000100443c                Lpm_LockLpm
 .text.Lpm_EnableSet
                0x0000000001004466        0xa output/obj/yc11xx_lpm.o
                0x0000000001004466                Lpm_EnableSet
 .text.PWM_Config
                0x0000000001004470       0x4c output/obj/yc11xx_pwm.o
                0x0000000001004470                PWM_Config
 .text.PWM_DisConfig
                0x00000000010044bc       0x18 output/obj/yc11xx_pwm.o
                0x00000000010044bc                PWM_DisConfig
 .text.App_AAPSwichModeRsp
                0x00000000010044d4       0x3e output/obj/yc11xx_dev_bt_aap.o
                0x00000000010044d4                App_AAPSwichModeRsp
 .text.App_EvtAAPCallBack
                0x0000000001004512      0x116 output/obj/yc11xx_dev_bt_aap.o
                0x0000000001004512                App_EvtAAPCallBack
 .text.Bt_HciFifo_Init
                0x0000000001004628       0x42 output/obj/yc11xx_dev_bt_data_trans.o
                0x0000000001004628                Bt_HciFifo_Init
 .text.Bt_HciFifoIn
                0x000000000100466a       0x46 output/obj/yc11xx_dev_bt_data_trans.o
                0x000000000100466a                Bt_HciFifoIn
 .text.Bt_HciFifoOut
                0x00000000010046b0       0x44 output/obj/yc11xx_dev_bt_data_trans.o
                0x00000000010046b0                Bt_HciFifoOut
 .text.Bt_HciGetUsedBufferNum
                0x00000000010046f4        0xe output/obj/yc11xx_dev_bt_data_trans.o
                0x00000000010046f4                Bt_HciGetUsedBufferNum
 .text.Bt_HciCheckBufferFull
                0x0000000001004702       0x34 output/obj/yc11xx_dev_bt_data_trans.o
                0x0000000001004702                Bt_HciCheckBufferFull
 .text.Bt_HciWaitBufferElement
                0x0000000001004736        0xe output/obj/yc11xx_dev_bt_data_trans.o
                0x0000000001004736                Bt_HciWaitBufferElement
 .text.Bt_SndToBtData
                0x0000000001004744      0x126 output/obj/yc11xx_dev_bt_data_trans.o
                0x0000000001004744                Bt_SndToBtData
 .text.Bt_SndDataToRespin
                0x000000000100486a       0x56 output/obj/yc11xx_dev_bt_data_trans.o
                0x000000000100486a                Bt_SndDataToRespin
 .text.Bt_BleSendData
                0x00000000010048c0       0x2c output/obj/yc11xx_dev_bt_data_trans.o
                0x00000000010048c0                Bt_BleSendData
 .text.Bt_ParseRcvBLEPacket
                0x00000000010048ec       0x56 output/obj/yc11xx_dev_bt_data_trans.o
                0x00000000010048ec                Bt_ParseRcvBLEPacket
 .text.Bt_ParseBLEL2capPacket
                0x0000000001004942       0x18 output/obj/yc11xx_dev_bt_data_trans.o
                0x0000000001004942                Bt_ParseBLEL2capPacket
 .text.Bt_ParseRcvSPPPacket
                0x000000000100495a       0x7a output/obj/yc11xx_dev_bt_data_trans.o
                0x000000000100495a                Bt_ParseRcvSPPPacket
 .text.Bt_DataBufferCallBack
                0x00000000010049d4      0x158 output/obj/yc11xx_dev_bt_data_trans.o
                0x00000000010049d4                Bt_DataBufferCallBack
 .text.SetLockQSPI
                0x0000000001004b2c       0x30 output/obj/yc11xx_dev_qspi.o
                0x0000000001004b2c                SetLockQSPI
 .text.SetReleaseQSPI
                0x0000000001004b5c        0xa output/obj/yc11xx_dev_qspi.o
                0x0000000001004b5c                SetReleaseQSPI
 .text.QSPI_ReadFlashData
                0x0000000001004b66       0x54 output/obj/yc11xx_dev_qspi.o
                0x0000000001004b66                QSPI_ReadFlashData
 .text.QSPI_WriteFlashData
                0x0000000001004bba       0x5c output/obj/yc11xx_dev_qspi.o
                0x0000000001004bba                QSPI_WriteFlashData
 .text.QSPI_SectorEraseFlash
                0x0000000001004c16       0x50 output/obj/yc11xx_dev_qspi.o
                0x0000000001004c16                QSPI_SectorEraseFlash
 .text.QSPI_EraseFlashPage
                0x0000000001004c66       0x54 output/obj/yc11xx_dev_qspi.o
                0x0000000001004c66                QSPI_EraseFlashPage
 .text.QSPI_WritePageFlashData
                0x0000000001004cba       0xcc output/obj/yc11xx_dev_qspi.o
                0x0000000001004cba                QSPI_WritePageFlashData
 .text.QSPI_FlashWriteLock
                0x0000000001004d86       0x48 output/obj/yc11xx_dev_qspi.o
                0x0000000001004d86                QSPI_FlashWriteLock
 .text.Dev_WakeUp
                0x0000000001004dce        0xc output/obj/yc_dev_bt.o
                0x0000000001004dce                Dev_WakeUp
 .text.LOG_COMPILE_INFO
                0x0000000001004dda       0x24 output/obj/yc_dev_bt.o
                0x0000000001004dda                LOG_COMPILE_INFO
 .text.bt_check_save_connect_info
                0x0000000001004dfe       0x72 output/obj/yc_dev_bt.o
                0x0000000001004dfe                bt_check_save_connect_info
 .text.bt_state_init
                0x0000000001004e70       0x88 output/obj/yc_dev_bt.o
                0x0000000001004e70                bt_state_init
 .text.bt_set_local_dle
                0x0000000001004ef8       0x3e output/obj/yc_dev_bt.o
                0x0000000001004ef8                bt_set_local_dle
 .text.bt_set_ce_length_num
                0x0000000001004f36        0xa output/obj/yc_dev_bt.o
                0x0000000001004f36                bt_set_ce_length_num
 .text.bt_renew_scan_rsp
                0x0000000001004f40       0x36 output/obj/yc_dev_bt.o
                0x0000000001004f40                bt_renew_scan_rsp
 .text.bt_start_le_adv
                0x0000000001004f76      0x106 output/obj/yc_dev_bt.o
                0x0000000001004f76                bt_start_le_adv
 .text.bt_le_conn_updata_param_req
                0x000000000100507c       0x68 output/obj/yc_dev_bt.o
                0x000000000100507c                bt_le_conn_updata_param_req
 .text.bt_disable_le_tx_md
                0x00000000010050e4       0x10 output/obj/yc_dev_bt.o
                0x00000000010050e4                bt_disable_le_tx_md
 .text.bt_enable_le_tx_md
                0x00000000010050f4       0x10 output/obj/yc_dev_bt.o
                0x00000000010050f4                bt_enable_le_tx_md
 .text.bt_get_le_state
                0x0000000001005104        0xa output/obj/yc_dev_bt.o
                0x0000000001005104                bt_get_le_state
 .text.bt_set_le_state
                0x000000000100510e        0xa output/obj/yc_dev_bt.o
                0x000000000100510e                bt_set_le_state
 .text.bt_check_le_connected
                0x0000000001005118       0x10 output/obj/yc_dev_bt.o
                0x0000000001005118                bt_check_le_connected
 .text.bt_send_le_disconnect
                0x0000000001005128       0x16 output/obj/yc_dev_bt.o
                0x0000000001005128                bt_send_le_disconnect
 .text.bt_enable_le_latecy
                0x000000000100513e       0x10 output/obj/yc_dev_bt.o
                0x000000000100513e                bt_enable_le_latecy
 .text.bt_set_adv_random
                0x000000000100514e       0x1a output/obj/yc_dev_bt.o
                0x000000000100514e                bt_set_adv_random
 .text.bt_set_tx_power
                0x0000000001005168        0xa output/obj/yc_dev_bt.o
                0x0000000001005168                bt_set_tx_power
 .text.bt_set_lpm_overhead_wake_time
                0x0000000001005172        0xe output/obj/yc_dev_bt.o
                0x0000000001005172                bt_set_lpm_overhead_wake_time
 .text.bt_set_connect_lpm_period
                0x0000000001005180       0x22 output/obj/yc_dev_bt.o
                0x0000000001005180                bt_set_connect_lpm_period
 .text.bt_dynamic_switch_power
                0x00000000010051a2       0x7a output/obj/yc_dev_bt.o
                0x00000000010051a2                bt_dynamic_switch_power
 .text.Bt_SaveBleDeviceInfoToFlash
                0x000000000100521c      0x180 output/obj/yc_dev_bt.o
                0x000000000100521c                Bt_SaveBleDeviceInfoToFlash
 .text.Flash_CheckFlashRecordCRC
                0x000000000100539c       0x50 output/obj/yc_dev_bt.o
                0x000000000100539c                Flash_CheckFlashRecordCRC
 .text.Flash_CalFlashRecordCRC
                0x00000000010053ec       0x2a output/obj/yc_dev_bt.o
                0x00000000010053ec                Flash_CalFlashRecordCRC
 .text.Flash_LoadFlashRecord
                0x0000000001005416       0x54 output/obj/yc_dev_bt.o
                0x0000000001005416                Flash_LoadFlashRecord
 .text.Flash_UpdateFlashRecordInfo
                0x000000000100546a       0x5c output/obj/yc_dev_bt.o
                0x000000000100546a                Flash_UpdateFlashRecordInfo
 .text.Bt_ReadAddrFromFlash
                0x00000000010054c6       0xbc output/obj/yc_dev_bt.o
                0x00000000010054c6                Bt_ReadAddrFromFlash
 .text.Bt_EvtCallBack
                0x0000000001005582      0x16e output/obj/yc_dev_bt.o
                0x0000000001005582                Bt_EvtCallBack
 .text.Bt_BleCallBack
                0x00000000010056f0        0x2 output/obj/yc_dev_bt.o
                0x00000000010056f0                Bt_BleCallBack
 .text.Bt_CheckIsPaired
                0x00000000010056f2       0x16 output/obj/yc_dev_bt.o
                0x00000000010056f2                Bt_CheckIsPaired
 .text.Bt_ClearFastPaired
                0x0000000001005708       0x24 output/obj/yc_dev_bt.o
                0x0000000001005708                Bt_ClearFastPaired
 .text.Bt_ClearAddrToFlash
                0x000000000100572c       0x1c output/obj/yc_dev_bt.o
                0x000000000100572c                Bt_ClearAddrToFlash
 .text.Bt_ClearLinkkey
                0x0000000001005748       0x26 output/obj/yc_dev_bt.o
                0x0000000001005748                Bt_ClearLinkkey
 .text.Bt_ClearRemoteDevInfo
                0x000000000100576e       0x3a output/obj/yc_dev_bt.o
                0x000000000100576e                Bt_ClearRemoteDevInfo
 .text.Bt_UpdateDeviceNvdataInfo
                0x00000000010057a8      0x1ce output/obj/yc_dev_bt.o
                0x00000000010057a8                Bt_UpdateDeviceNvdataInfo
 .text.Bt_ClearDeviceNvdataInfo
                0x0000000001005976       0x40 output/obj/yc_dev_bt.o
                0x0000000001005976                Bt_ClearDeviceNvdataInfo
 .text.Bt_ClearNvdataItem
                0x00000000010059b6       0x2c output/obj/yc_dev_bt.o
                0x00000000010059b6                Bt_ClearNvdataItem
 .text.SYS_CodeChange
                0x00000000010059e2       0x4c output/obj/yc_ota.o
 .text.OTA_FlashAddr_Init
                0x0000000001005a2e       0x84 output/obj/yc_ota.o
 .text.OTA_RESET
                0x0000000001005ab2       0x1e output/obj/yc_ota.o
                0x0000000001005ab2                OTA_RESET
 .text.OTA_EVT_HANDLE
                0x0000000001005ad0      0x312 output/obj/yc_ota.o
                0x0000000001005ad0                OTA_EVT_HANDLE
 .text.ATT_SendErrorRsp
                0x0000000001005de2       0x26 output/obj/att.o
 .text.ATT_WriteCmd
                0x0000000001005e08       0x20 output/obj/att.o
 .text.ATT_ExecuteWriteReq
                0x0000000001005e28       0x46 output/obj/att.o
 .text.ATT_PrepareWriteReq
                0x0000000001005e6e       0x9c output/obj/att.o
 .text.ATT_WriteReq
                0x0000000001005f0a       0x48 output/obj/att.o
 .text.ATT_ReadReq_ByGroupType
                0x0000000001005f52      0x180 output/obj/att.o
 .text.ATT_ReadBlobReq
                0x00000000010060d2       0x56 output/obj/att.o
 .text.ATT_ReadReq
                0x0000000001006128       0x38 output/obj/att.o
 .text.ATT_ReadReq_ByType
                0x0000000001006160      0x24e output/obj/att.o
 .text.ATT_Find_ByType_Value
                0x00000000010063ae       0xb4 output/obj/att.o
 .text.ATT_FindInformationReq
                0x0000000001006462       0xf2 output/obj/att.o
 .text.ATT_UpdateMtu
                0x0000000001006554       0x4e output/obj/att.o
 .text.ATT_ExchangeMtuReq
                0x00000000010065a2       0x5e output/obj/att.o
 .text.ATT_Send
                0x0000000001006600       0x20 output/obj/att.o
                0x0000000001006600                ATT_Send
 .text.ATT_sendNotify
                0x0000000001006620       0x52 output/obj/att.o
                0x0000000001006620                ATT_sendNotify
 .text.ATT_Parse
                0x0000000001006672      0x132 output/obj/att.o
                0x0000000001006672                ATT_Parse
 .text.write    0x00000000010067a4       0xa6 output/obj/flash.o
 .text.flash_record_exist
                0x000000000100684a       0x1c output/obj/flash.o
                0x000000000100684a                flash_record_exist
 .text.flash_read
                0x0000000001006866       0x84 output/obj/flash.o
                0x0000000001006866                flash_read
 .text.flash_write
                0x00000000010068ea       0x90 output/obj/flash.o
                0x00000000010068ea                flash_write
 .text.app_queue_insert
                0x000000000100697a       0x88 output/obj/app_queue.o
                0x000000000100697a                app_queue_insert
 .text.app_queue_task
                0x0000000001006a02       0x70 output/obj/app_queue.o
                0x0000000001006a02                app_queue_task
 .text.app_queue_reset
                0x0000000001006a72       0x2a output/obj/app_queue.o
                0x0000000001006a72                app_queue_reset
 .text.Action_After_Prepare_Sleep
                0x0000000001006a9c        0x2 output/obj/app_sleep.o
                0x0000000001006a9c                Action_After_Prepare_Sleep
 .text.Action_After_Enter_Deep_Sleep
                0x0000000001006a9e        0x2 output/obj/app_sleep.o
                0x0000000001006a9e                Action_After_Enter_Deep_Sleep
 .text.app_lock_check
                0x0000000001006aa0       0x4a output/obj/app_sleep.o
 .text.app_sleep_task
                0x0000000001006aea       0xc0 output/obj/app_sleep.o
 .text.prepare_before_sleep
                0x0000000001006baa       0x4a output/obj/app_sleep.o
                0x0000000001006baa                prepare_before_sleep
 .text.enter_deep_sleep
                0x0000000001006bf4       0x42 output/obj/app_sleep.o
                0x0000000001006bf4                enter_deep_sleep
 .text.enter_low_sleep
                0x0000000001006c36       0x10 output/obj/app_sleep.o
                0x0000000001006c36                enter_low_sleep
 .text.app_sleep_check
                0x0000000001006c46        0xe output/obj/app_sleep.o
                0x0000000001006c46                app_sleep_check
 .text.app_sleep_lock_set
                0x0000000001006c54      0x122 output/obj/app_sleep.o
                0x0000000001006c54                app_sleep_lock_set
 .text.app_sleep_timer_set
                0x0000000001006d76       0x72 output/obj/app_sleep.o
                0x0000000001006d76                app_sleep_timer_set
 .text.app_sleep_init
                0x0000000001006de8       0x30 output/obj/app_sleep.o
                0x0000000001006de8                app_sleep_init
 .text.batvalue_calculate
                0x0000000001006e18       0x9c output/obj/vbat.o
 .text.vbat_task
                0x0000000001006eb4       0x96 output/obj/vbat.o
 .text.vbat_reinit
                0x0000000001006f4a       0x22 output/obj/vbat.o
                0x0000000001006f4a                vbat_reinit
 .text.vbat_deinit
                0x0000000001006f6c       0x20 output/obj/vbat.o
                0x0000000001006f6c                vbat_deinit
 .text.vbat_init
                0x0000000001006f8c       0x48 output/obj/vbat.o
                0x0000000001006f8c                vbat_init
 .text.row_scan
                0x0000000001006fd4       0x88 output/obj/keyscan.o
 .text.keyscan_once
                0x000000000100705c       0xf8 output/obj/keyscan.o
 .text.key_task
                0x0000000001007154       0xb2 output/obj/keyscan.o
 .text.keyscan_row_cfg
                0x0000000001007206       0x30 output/obj/keyscan.o
 .text.keyscan_col_cfg
                0x0000000001007236       0x44 output/obj/keyscan.o
 .text.key_wakeup_get
                0x000000000100727a       0x50 output/obj/keyscan.o
                0x000000000100727a                key_wakeup_get
 .text.key_wakeup_set
                0x00000000010072ca       0x74 output/obj/keyscan.o
                0x00000000010072ca                key_wakeup_set
 .text.keyscan_stop
                0x000000000100733e       0x18 output/obj/keyscan.o
                0x000000000100733e                keyscan_stop
 .text.keyscan_start
                0x0000000001007356       0x38 output/obj/keyscan.o
                0x0000000001007356                keyscan_start
 .text.keyscan_init
                0x000000000100738e       0x7c output/obj/keyscan.o
                0x000000000100738e                keyscan_init
 .text.led_task
                0x000000000100740a       0xc2 output/obj/led.o
 .text.led_off  0x00000000010074cc       0x46 output/obj/led.o
                0x00000000010074cc                led_off
 .text.led_on   0x0000000001007512       0xbc output/obj/led.o
                0x0000000001007512                led_on
 .text.led_reinit
                0x00000000010075ce       0x16 output/obj/led.o
                0x00000000010075ce                led_reinit
 .text.led_deinit
                0x00000000010075e4       0x12 output/obj/led.o
                0x00000000010075e4                led_deinit
 .text.led_init
                0x00000000010075f6       0x2e output/obj/led.o
                0x00000000010075f6                led_init
 .text.get_key_press_state
                0x0000000001007624        0xa output/obj/ir_send.o
                0x0000000001007624                get_key_press_state
 .text.set_key_press_state
                0x000000000100762e        0xa output/obj/ir_send.o
                0x000000000100762e                set_key_press_state
 .text.set_pwm_freq_div
                0x0000000001007638       0x20 output/obj/ir_send.o
                0x0000000001007638                set_pwm_freq_div
 .text.ir_set_freq
                0x0000000001007658       0x58 output/obj/ir_send.o
                0x0000000001007658                ir_set_freq
 .text.ir_gpio_send
                0x00000000010076b0       0x22 output/obj/ir_send.o
                0x00000000010076b0                ir_gpio_send
 .text.ir_pwm_send
                0x00000000010076d2       0x4a output/obj/ir_send.o
                0x00000000010076d2                ir_pwm_send
 .text.ir_without_freq
                0x000000000100771c       0xb8 output/obj/ir_load.o
 .text.ir_send  0x00000000010077d4      0x102 output/obj/ir_load.o
                0x00000000010077d4                ir_send
 .text.upt_pwm_time_pulse
                0x00000000010078d6       0x3c output/obj/ir_load.o
 .text.philips_upt_pwm_time_pulse
                0x0000000001007912       0x64 output/obj/ir_load.o
 .text.FB739A_upt_pwm_time_pulse
                0x0000000001007976       0xd4 output/obj/ir_load.o
 .text.rpt_bit_pwm
                0x0000000001007a4a       0x2a output/obj/ir_load.o
 .text.IRTI1250C5D7_bit_time
                0x0000000001007a74       0xb4 output/obj/ir_load.o
 .text.repeat_bit_time
                0x0000000001007b28       0x96 output/obj/ir_load.o
 .text.philips_bit_time
                0x0000000001007bbe       0x7e output/obj/ir_load.o
 .text.high_bit_time
                0x0000000001007c3c       0x7c output/obj/ir_load.o
 .text.bit_time
                0x0000000001007cb8       0x66 output/obj/ir_load.o
 .text.Zenith_D5_ready
                0x0000000001007d1e       0xd0 output/obj/ir_load.o
 .text.IRTI1250C5D7_ready
                0x0000000001007dee       0xf6 output/obj/ir_load.o
 .text.ir_fb739a_ready
                0x0000000001007ee4       0x86 output/obj/ir_load.o
 .text.repeat_bit_data_ready
                0x0000000001007f6a      0x126 output/obj/ir_load.o
 .text.philips_rcmm_bit_data_ready
                0x0000000001008090       0xa0 output/obj/ir_load.o
 .text.ir_gemini_ready
                0x0000000001008130      0x142 output/obj/ir_load.o
 .text.high_ir_data_ready
                0x0000000001008272      0x224 output/obj/ir_load.o
 .text.ir_data_ready
                0x0000000001008496      0x2fa output/obj/ir_load.o
 .text.ir_comm_send
                0x0000000001008790       0x58 output/obj/ir_load.o
                0x0000000001008790                ir_comm_send
 .text.ir_type_init
                0x00000000010087e8      0x1b2 output/obj/ir_load.o
                0x00000000010087e8                ir_type_init
 .text.ir_init  0x000000000100899a       0x26 output/obj/ir_load.o
                0x000000000100899a                ir_init
 .text.get_ir_rpt
                0x00000000010089c0       0x20 output/obj/ir_lib.o
                0x00000000010089c0                get_ir_rpt
 .text.get_ir_customer
                0x00000000010089e0       0x22 output/obj/ir_lib.o
                0x00000000010089e0                get_ir_customer
 .text.get_ir_brand
                0x0000000001008a02       0x22 output/obj/ir_lib.o
                0x0000000001008a02                get_ir_brand
 .text.Get_MicReocrd_Len
                0x0000000001008a24       0x2e output/obj/audio.o
 .text.Audio_AdcConfig
                0x0000000001008a52       0x4e output/obj/audio.o
 .text.Voice_Send
                0x0000000001008aa0      0x100 output/obj/audio.o
 .text.Voice_Encode
                0x0000000001008ba0       0xe6 output/obj/audio.o
 .text.audio_task
                0x0000000001008c86       0x30 output/obj/audio.o
 .text.timeout_timer_cb
                0x0000000001008cb6       0x3a output/obj/audio.o
 .text.start_ntf_timer_cb
                0x0000000001008cf0       0x2a output/obj/audio.o
 .text.voice_timer_init
                0x0000000001008d1a       0x62 output/obj/audio.o
 .text.voice_status_change
                0x0000000001008d7c       0x9a output/obj/audio.o
                0x0000000001008d7c                voice_status_change
 .text.mic_close
                0x0000000001008e16       0x64 output/obj/audio.o
                0x0000000001008e16                mic_close
 .text.mic_open
                0x0000000001008e7a       0xd4 output/obj/audio.o
                0x0000000001008e7a                mic_open
 .text.voice_report_reinit
                0x0000000001008f4e       0x1a output/obj/audio.o
                0x0000000001008f4e                voice_report_reinit
 .text.voice_report_init
                0x0000000001008f68        0xc output/obj/audio.o
                0x0000000001008f68                voice_report_init
 .text.get_VoiceHandle
                0x0000000001008f74       0x18 output/obj/factory_test_off_line.o
                0x0000000001008f74                get_VoiceHandle
 .text.factory_WriteDataParse
                0x0000000001008f8c       0x72 output/obj/factory_test_off_line.o
                0x0000000001008f8c                factory_WriteDataParse
 .text.factory_KeyProcess
                0x0000000001008ffe       0x4a output/obj/factory_test_off_line.o
                0x0000000001008ffe                factory_KeyProcess
 .text.ADPCM_Encode_Google_TV_Audio
                0x0000000001009048       0xc0 output/obj/adpcm.o
                0x0000000001009048                ADPCM_Encode_Google_TV_Audio
 .text.Adpcm_FrameEncode_Google_TV_Audio
                0x0000000001009108       0x70 output/obj/adpcm.o
                0x0000000001009108                Adpcm_FrameEncode_Google_TV_Audio
 .text.Adpcm_FrameEncode_Restart
                0x0000000001009178       0x20 output/obj/adpcm.o
                0x0000000001009178                Adpcm_FrameEncode_Restart
 .text.SecretKey_Check
                0x0000000001009198       0xc6 output/obj/remote_control.o
 .text.key_press_time_handle
                0x000000000100925e      0x104 output/obj/remote_control.o
 .text.low_power_handle
                0x0000000001009362       0x76 output/obj/remote_control.o
 .text.voice_send_handle
                0x00000000010093d8       0x3a output/obj/remote_control.o
 .text.key_pressed_handle
                0x0000000001009412      0x12a output/obj/remote_control.o
 .text.keyvalue_handle
                0x000000000100953c      0x466 output/obj/remote_control.o
 .text.action_after_mic_close
                0x00000000010099a2       0x22 output/obj/remote_control.o
                0x00000000010099a2                action_after_mic_close
 .text.action_after_led_blk
                0x00000000010099c4       0x12 output/obj/remote_control.o
                0x00000000010099c4                action_after_led_blk
 .text.power_handle
                0x00000000010099d6       0x6c output/obj/remote_control.o
 .text.remote_control_reinit
                0x0000000001009a42       0x20 output/obj/remote_control.o
 .text.update_conn_param
                0x0000000001009a62       0x46 output/obj/remote_control.o
                0x0000000001009a62                update_conn_param
 .text.CONN_PARAM_ACCEPTED
                0x0000000001009aa8       0x6e output/obj/remote_control.o
                0x0000000001009aa8                CONN_PARAM_ACCEPTED
 .text.stop_adv
                0x0000000001009b16       0x32 output/obj/remote_control.o
                0x0000000001009b16                stop_adv
 .text.start_adv
                0x0000000001009b48       0x76 output/obj/remote_control.o
                0x0000000001009b48                start_adv
 .text.Read_Blob_Parse
                0x0000000001009bbe       0x80 output/obj/remote_control.o
                0x0000000001009bbe                Read_Blob_Parse
 .text.Read_Parse
                0x0000000001009c3e       0x76 output/obj/remote_control.o
                0x0000000001009c3e                Read_Parse
 .text.Write_DataParse
                0x0000000001009cb4      0x156 output/obj/remote_control.o
                0x0000000001009cb4                Write_DataParse
 .text.LE_LTK_LOST
                0x0000000001009e0a       0x3e output/obj/remote_control.o
                0x0000000001009e0a                LE_LTK_LOST
 .text.ENCRYPT_DONE
                0x0000000001009e48       0x46 output/obj/remote_control.o
                0x0000000001009e48                ENCRYPT_DONE
 .text.PAIR_FAIL
                0x0000000001009e8e       0x16 output/obj/remote_control.o
                0x0000000001009e8e                PAIR_FAIL
 .text.PAIR_DONE
                0x0000000001009ea4       0x96 output/obj/remote_control.o
                0x0000000001009ea4                PAIR_DONE
 .text.LE_DISCONNECTED
                0x0000000001009f3a       0xda output/obj/remote_control.o
                0x0000000001009f3a                LE_DISCONNECTED
 .text.LE_CONNECTED
                0x000000000100a014       0x40 output/obj/remote_control.o
                0x000000000100a014                LE_CONNECTED
 .text.Dev_PowerOn
                0x000000000100a054       0x4c output/obj/remote_control.o
                0x000000000100a054                Dev_PowerOn
 .text.tx_power_switch_set
                0x000000000100a0a0        0xa output/obj/remote_control.o
                0x000000000100a0a0                tx_power_switch_set
 .text.app_task_run
                0x000000000100a0aa       0x1c output/obj/remote_control.o
                0x000000000100a0aa                app_task_run
 .text.app_init
                0x000000000100a0c6       0xfe output/obj/remote_control.o
                0x000000000100a0c6                app_init
 .text.update_conn_param.part.3
                0x000000000100a1c4       0x14 output/obj/remote_control.o
 .text.Find_AttTable_ByHandle
                0x000000000100a1d8       0x2e output/obj/att_list.o
                0x000000000100a1d8                Find_AttTable_ByHandle
 .text.Find_AttTable_ByHandleRange_Type
                0x000000000100a206       0x72 output/obj/att_list.o
                0x000000000100a206                Find_AttTable_ByHandleRange_Type
 .text.Find_AttTable_ByHandleRange_Type_Data
                0x000000000100a278       0x92 output/obj/att_list.o
                0x000000000100a278                Find_AttTable_ByHandleRange_Type_Data
 .text.BitsReverse
                0x000000000100a30a       0x26 ./../../../APP/SECRETKEY\libSecretKey.a(SecretKey.o)
 .text.GetCRC   0x000000000100a330       0x8a ./../../../APP/SECRETKEY\libSecretKey.a(SecretKey.o)
 .text.SecretKey_Generate
                0x000000000100a3ba       0x4a ./../../../APP/SECRETKEY\libSecretKey.a(SecretKey.o)
                0x000000000100a3ba                SecretKey_Generate
 .text          0x000000000100a404      0x5b6 d:/environment/risc-v/riscv32-unknown-elf-gcc-8.3.0_rv32imafc_ilp32f_newlib/bin/../lib/gcc/riscv32-unknown-elf/8.3.0\libgcc.a(muldf3.o)
                0x000000000100a404                __muldf3
 .text          0x000000000100a9ba       0x9c d:/environment/risc-v/riscv32-unknown-elf-gcc-8.3.0_rv32imafc_ilp32f_newlib/bin/../lib/gcc/riscv32-unknown-elf/8.3.0\libgcc.a(fixunsdfsi.o)
                0x000000000100a9ba                __fixunsdfsi
 .text          0x000000000100aa56       0x6c d:/environment/risc-v/riscv32-unknown-elf-gcc-8.3.0_rv32imafc_ilp32f_newlib/bin/../lib/gcc/riscv32-unknown-elf/8.3.0\libgcc.a(floatsidf.o)
                0x000000000100aa56                __floatsidf
 .text          0x000000000100aac2       0x60 d:/environment/risc-v/riscv32-unknown-elf-gcc-8.3.0_rv32imafc_ilp32f_newlib/bin/../lib/gcc/riscv32-unknown-elf/8.3.0\libgcc.a(save-restore.o)
                0x000000000100aac2                __riscv_save_12
                0x000000000100aaca                __riscv_save_9
                0x000000000100aaca                __riscv_save_11
                0x000000000100aaca                __riscv_save_10
                0x000000000100aaca                __riscv_save_8
                0x000000000100aad8                __riscv_save_4
                0x000000000100aad8                __riscv_save_6
                0x000000000100aad8                __riscv_save_5
                0x000000000100aad8                __riscv_save_7
                0x000000000100aaf2                __riscv_save_3
                0x000000000100aaf2                __riscv_save_2
                0x000000000100aaf2                __riscv_save_1
                0x000000000100aaf2                __riscv_save_0
                0x000000000100aafe                __riscv_restore_12
                0x000000000100ab02                __riscv_restore_11
                0x000000000100ab02                __riscv_restore_9
                0x000000000100ab02                __riscv_restore_10
                0x000000000100ab02                __riscv_restore_8
                0x000000000100ab0c                __riscv_restore_5
                0x000000000100ab0c                __riscv_restore_7
                0x000000000100ab0c                __riscv_restore_6
                0x000000000100ab0c                __riscv_restore_4
                0x000000000100ab16                __riscv_restore_3
                0x000000000100ab16                __riscv_restore_0
                0x000000000100ab16                __riscv_restore_2
                0x000000000100ab16                __riscv_restore_1
 .text          0x000000000100ab22       0x3c d:/environment/risc-v/riscv32-unknown-elf-gcc-8.3.0_rv32imafc_ilp32f_newlib/bin/../lib/gcc/riscv32-unknown-elf/8.3.0\libgcc.a(_clzsi2.o)
                0x000000000100ab22                __clzsi2
 .text          0x000000000100ab5e       0x26 d:/environment/risc-v/riscv32-unknown-elf-gcc-8.3.0_rv32imafc_ilp32f_newlib/bin/../lib/gcc/riscv32-unknown-elf/8.3.0/../../../../riscv32-unknown-elf/lib\libc.a(lib_a-memcmp.o)
                0x000000000100ab5e                memcmp
 .text          0x000000000100ab84       0xba d:/environment/risc-v/riscv32-unknown-elf-gcc-8.3.0_rv32imafc_ilp32f_newlib/bin/../lib/gcc/riscv32-unknown-elf/8.3.0/../../../../riscv32-unknown-elf/lib\libc.a(lib_a-memcpy.o)
                0x000000000100ab84                memcpy
 .text          0x000000000100ac3e       0xa8 d:/environment/risc-v/riscv32-unknown-elf-gcc-8.3.0_rv32imafc_ilp32f_newlib/bin/../lib/gcc/riscv32-unknown-elf/8.3.0/../../../../riscv32-unknown-elf/lib\libc.a(lib_a-memset.o)
                0x000000000100ac3e                memset
 *(.rdata*)
 *(.rodata*)
 *fill*         0x000000000100ace6        0x2 
 .rodata.print_string_log_raw.str1.4
                0x000000000100ace8       0x32 output/obj/yc_debug.o
 *fill*         0x000000000100ad1a        0x2 
 .rodata.Memory_Malloc.str1.4
                0x000000000100ad1c       0x1f output/obj/malloc.o
 *fill*         0x000000000100ad3b        0x1 
 .rodata.__FUNCTION__.3609
                0x000000000100ad3c        0xe output/obj/malloc.o
 *fill*         0x000000000100ad4a        0x2 
 .rodata.IPC_TxPacket.str1.4
                0x000000000100ad4c       0x28 output/obj/yc11xx_ipc.o
 .rodata.IpcDefaultCallBack.str1.4
                0x000000000100ad74       0x16 output/obj/yc11xx_ipc.o
 *fill*         0x000000000100ad8a        0x2 
 .rodata.__FUNCTION__.3675
                0x000000000100ad8c        0xd output/obj/yc11xx_ipc.o
 *fill*         0x000000000100ad99        0x3 
 .rodata.__FUNCTION__.3680
                0x000000000100ad9c       0x11 output/obj/yc11xx_ipc.o
 *fill*         0x000000000100adad        0x3 
 .rodata.__FUNCTION__.3685
                0x000000000100adb0        0xd output/obj/yc11xx_ipc.o
 *fill*         0x000000000100adbd        0x3 
 .rodata.__FUNCTION__.3690
                0x000000000100adc0       0x13 output/obj/yc11xx_ipc.o
 *fill*         0x000000000100add3        0x5 
 .rodata.g_adc_cicfircoeffTtablel
                0x000000000100add8      0x1f8 output/obj/yc11xx_audio_adc.o
                0x000000000100add8                g_adc_cicfircoeffTtablel
 .rodata.g_adc_halfbandcoeftablel
                0x000000000100afd0      0x1b8 output/obj/yc11xx_audio_adc.o
                0x000000000100afd0                g_adc_halfbandcoeftablel
 .rodata.GPIO_Init.str1.4
                0x000000000100b188       0x26 output/obj/yc11xx_gpio.o
 *fill*         0x000000000100b1ae        0x2 
 .rodata.__FUNCTION__.2294
                0x000000000100b1b0        0xa output/obj/yc11xx_gpio.o
 *fill*         0x000000000100b1ba        0x2 
 .rodata.__FUNCTION__.2298
                0x000000000100b1bc       0x11 output/obj/yc11xx_gpio.o
 *fill*         0x000000000100b1cd        0x3 
 .rodata.CSWTCH.10
                0x000000000100b1d0        0x4 output/obj/yc11xx_systick.o
 .rodata.TIM_Init.str1.4
                0x000000000100b1d4       0x27 output/obj/yc11xx_timer.o
 *fill*         0x000000000100b1fb        0x1 
 .rodata.__FUNCTION__.3483
                0x000000000100b1fc        0x9 output/obj/yc11xx_timer.o
 *fill*         0x000000000100b205        0x3 
 .rodata.__FUNCTION__.3490
                0x000000000100b208        0x8 output/obj/yc11xx_timer.o
 .rodata.aap_rsp
                0x000000000100b210       0x12 output/obj/yc11xx_dev_bt_aap.o
 *fill*         0x000000000100b222        0x2 
 .rodata.AAP_manufac1
                0x000000000100b224       0x96 output/obj/yc11xx_dev_bt_aap.o
 *fill*         0x000000000100b2ba        0x2 
 .rodata.AAP_manufac2
                0x000000000100b2bc        0x8 output/obj/yc11xx_dev_bt_aap.o
 .rodata.AAP_manufac3
                0x000000000100b2c4       0x2f output/obj/yc11xx_dev_bt_aap.o
 *fill*         0x000000000100b2f3        0x1 
 .rodata.AAP_manufac4
                0x000000000100b2f4       0x16 output/obj/yc11xx_dev_bt_aap.o
 *fill*         0x000000000100b30a        0x2 
 .rodata.AAP_AcpAnc1
                0x000000000100b30c        0xc output/obj/yc11xx_dev_bt_aap.o
 .rodata.AAP_StartAnc2
                0x000000000100b318        0xd output/obj/yc11xx_dev_bt_aap.o
                0x000000000100b318                AAP_StartAnc2
 *fill*         0x000000000100b325        0x3 
 .rodata.AAP_AncRst3
                0x000000000100b328       0xbc output/obj/yc11xx_dev_bt_aap.o
 .rodata.AAP_StopAnc4
                0x000000000100b3e4        0xd output/obj/yc11xx_dev_bt_aap.o
 *fill*         0x000000000100b3f1        0x3 
 .rodata.Bt_HciCheckBufferFull.str1.4
                0x000000000100b3f4       0x15 output/obj/yc11xx_dev_bt_data_trans.o
 *fill*         0x000000000100b409        0x3 
 .rodata.Bt_SndToBtData
                0x000000000100b40c       0x18 output/obj/yc11xx_dev_bt_data_trans.o
 .rodata.Bt_BleSendData.str1.4
                0x000000000100b424       0x18 output/obj/yc11xx_dev_bt_data_trans.o
 .rodata.Bt_DataBufferCallBack
                0x000000000100b43c       0x18 output/obj/yc11xx_dev_bt_data_trans.o
 .rodata.LOG_COMPILE_INFO.str1.4
                0x000000000100b454       0x30 output/obj/yc_dev_bt.o
 .rodata.bt_check_save_connect_info.str1.4
                0x000000000100b484       0x5b output/obj/yc_dev_bt.o
 *fill*         0x000000000100b4df        0x1 
 .rodata.bt_state_init.str1.4
                0x000000000100b4e0       0x17 output/obj/yc_dev_bt.o
 *fill*         0x000000000100b4f7        0x1 
 .rodata.bt_start_le_adv.str1.4
                0x000000000100b4f8       0x9b output/obj/yc_dev_bt.o
 *fill*         0x000000000100b593        0x1 
 .rodata.Bt_SaveBleDeviceInfoToFlash
                0x000000000100b594       0x14 output/obj/yc_dev_bt.o
 .rodata.Bt_EvtCallBack.str1.4
                0x000000000100b5a8       0x80 output/obj/yc_dev_bt.o
 .rodata.Bt_ClearRemoteDevInfo.str1.4
                0x000000000100b628       0x18 output/obj/yc_dev_bt.o
 .rodata.Bt_UpdateDeviceNvdataInfo.str1.4
                0x000000000100b640       0x1b output/obj/yc_dev_bt.o
 *fill*         0x000000000100b65b        0x1 
 .rodata.OTA_EVT_HANDLE.str1.4
                0x000000000100b65c       0x39 output/obj/yc_ota.o
 *fill*         0x000000000100b695        0x3 
 .rodata.ATT_UpdateMtu.str1.4
                0x000000000100b698       0x3d output/obj/att.o
 *fill*         0x000000000100b6d5        0x3 
 .rodata.ATT_Parse.str1.4
                0x000000000100b6d8       0x1a output/obj/att.o
 *fill*         0x000000000100b6f2        0x2 
 .rodata.app_queue_insert.str1.4
                0x000000000100b6f4       0x15 output/obj/app_queue.o
 *fill*         0x000000000100b709        0x3 
 .rodata.prepare_before_sleep.str1.4
                0x000000000100b70c       0x18 output/obj/app_sleep.o
 .rodata.enter_deep_sleep.str1.4
                0x000000000100b724       0x14 output/obj/app_sleep.o
 .rodata.app_sleep_lock_set
                0x000000000100b738       0x20 output/obj/app_sleep.o
 .rodata.cst4   0x000000000100b758        0x8 output/obj/vbat.o
 .rodata.cst8   0x000000000100b760       0x10 output/obj/ir_send.o
 .rodata.high_ir_data_ready
                0x000000000100b770       0x18 output/obj/ir_load.o
 .rodata.ir_data_ready
                0x000000000100b788       0x28 output/obj/ir_load.o
 .rodata.ir_type_init
                0x000000000100b7b0       0x58 output/obj/ir_load.o
 .rodata.rpt_TC9012LIAN_9700_BUF
                0x000000000100b808        0xa output/obj/ir_lib.o
 *fill*         0x000000000100b812        0x2 
 .rodata.rpt_lc7461_9000_4500_BUF
                0x000000000100b814        0xa output/obj/ir_lib.o
 *fill*         0x000000000100b81e        0x2 
 .rodata.rpt_udp6121_9000_BUF
                0x000000000100b820        0xa output/obj/ir_lib.o
 *fill*         0x000000000100b82a        0x2 
 .rodata.rpt_udp6121_8550_BUF
                0x000000000100b82c        0xa output/obj/ir_lib.o
 *fill*         0x000000000100b836        0x2 
 .rodata.rpt_GEMINI_8500_BUF
                0x000000000100b838        0xa output/obj/ir_lib.o
 *fill*         0x000000000100b842        0x2 
 .rodata.rpt_SINGH2150_8170_BUF
                0x000000000100b844        0xa output/obj/ir_lib.o
 *fill*         0x000000000100b84e        0x2 
 .rodata.rpt_DVB_40BIT_BUF
                0x000000000100b850        0xa output/obj/ir_lib.o
 *fill*         0x000000000100b85a        0x2 
 .rodata.CUSTOM_00_00_BUF
                0x000000000100b85c        0x4 output/obj/ir_lib.o
 .rodata.CUSTOM_00_1F_BUF
                0x000000000100b860        0x4 output/obj/ir_lib.o
 .rodata.CUSTOM_00_02_BUF
                0x000000000100b864        0x4 output/obj/ir_lib.o
 .rodata.CUSTOM_00_2B_BUF
                0x000000000100b868        0x4 output/obj/ir_lib.o
 .rodata.CUSTOM_00_30_BUF
                0x000000000100b86c        0x4 output/obj/ir_lib.o
 .rodata.CUSTOM_00_57_BUF
                0x000000000100b870        0x4 output/obj/ir_lib.o
 .rodata.CUSTOM_00_7F_BUF
                0x000000000100b874        0x4 output/obj/ir_lib.o
 .rodata.CUSTOM_00_80_BUF
                0x000000000100b878        0x4 output/obj/ir_lib.o
 .rodata.CUSTOM_00_99_BUF
                0x000000000100b87c        0x4 output/obj/ir_lib.o
 .rodata.CUSTOM_00_AF_BUF
                0x000000000100b880        0x4 output/obj/ir_lib.o
 .rodata.CUSTOM_00_BA_BUF
                0x000000000100b884        0x4 output/obj/ir_lib.o
 .rodata.CUSTOM_00_BD_BUF
                0x000000000100b888        0x4 output/obj/ir_lib.o
 .rodata.CUSTOM_00_BE_BUF
                0x000000000100b88c        0x4 output/obj/ir_lib.o
 .rodata.CUSTOM_00_BF_BUF
                0x000000000100b890        0x4 output/obj/ir_lib.o
 .rodata.CUSTOM_00_DF_BUF
                0x000000000100b894        0x4 output/obj/ir_lib.o
 .rodata.CUSTOM_00_D9_BUF
                0x000000000100b898        0x4 output/obj/ir_lib.o
 .rodata.CUSTOM_00_EF_BUF
                0x000000000100b89c        0x4 output/obj/ir_lib.o
 .rodata.CUSTOM_00_F6_BUF
                0x000000000100b8a0        0x4 output/obj/ir_lib.o
 .rodata.CUSTOM_00_F7_BUF
                0x000000000100b8a4        0x4 output/obj/ir_lib.o
 .rodata.CUSTOM_00_FB_BUF
                0x000000000100b8a8        0x4 output/obj/ir_lib.o
 .rodata.CUSTOM_00_FD_BUF
                0x000000000100b8ac        0x4 output/obj/ir_lib.o
 .rodata.CUSTOM_00_FF_BUF
                0x000000000100b8b0        0x4 output/obj/ir_lib.o
 .rodata.CUSTOM_01_00_BUF
                0x000000000100b8b4        0x4 output/obj/ir_lib.o
 .rodata.CUSTOM_01_01_BUF
                0x000000000100b8b8        0x4 output/obj/ir_lib.o
 .rodata.CUSTOM_01_FE_BUF
                0x000000000100b8bc        0x4 output/obj/ir_lib.o
 .rodata.CUSTOM_02_00_BUF
                0x000000000100b8c0        0x4 output/obj/ir_lib.o
 .rodata.CUSTOM_02_1D_BUF
                0x000000000100b8c4        0x4 output/obj/ir_lib.o
 .rodata.CUSTOM_02_BD_BUF
                0x000000000100b8c8        0x4 output/obj/ir_lib.o
 .rodata.CUSTOM_02_FD_BUF
                0x000000000100b8cc        0x4 output/obj/ir_lib.o
 .rodata.CUSTOM_02_7D_BUF
                0x000000000100b8d0        0x4 output/obj/ir_lib.o
 .rodata.CUSTOM_02_7F_BUF
                0x000000000100b8d4        0x4 output/obj/ir_lib.o
 .rodata.CUSTOM_02_FF_BUF
                0x000000000100b8d8        0x4 output/obj/ir_lib.o
 .rodata.CUSTOM_02_F5_BUF
                0x000000000100b8dc        0x4 output/obj/ir_lib.o
 .rodata.CUSTOM_03_00_BUF
                0x000000000100b8e0        0x4 output/obj/ir_lib.o
 .rodata.CUSTOM_03_AC_BUF
                0x000000000100b8e4        0x4 output/obj/ir_lib.o
 .rodata.CUSTOM_03_FC_BUF
                0x000000000100b8e8        0x4 output/obj/ir_lib.o
 .rodata.CUSTOM_04_00_BUF
                0x000000000100b8ec        0x4 output/obj/ir_lib.o
 .rodata.CUSTOM_04_10_BUF
                0x000000000100b8f0        0x4 output/obj/ir_lib.o
 .rodata.CUSTOM_04_B9_BUF
                0x000000000100b8f4        0x4 output/obj/ir_lib.o
 .rodata.CUSTOM_04_FB_BUF
                0x000000000100b8f8        0x4 output/obj/ir_lib.o
 .rodata.CUSTOM_05_00_BUF
                0x000000000100b8fc        0x4 output/obj/ir_lib.o
 .rodata.CUSTOM_05_05_BUF
                0x000000000100b900        0x4 output/obj/ir_lib.o
 .rodata.CUSTOM_06_06_BUF
                0x000000000100b904        0x4 output/obj/ir_lib.o
 .rodata.CUSTOM_06_FB_BUF
                0x000000000100b908        0x4 output/obj/ir_lib.o
 .rodata.CUSTOM_06_FE_BUF
                0x000000000100b90c        0x4 output/obj/ir_lib.o
 .rodata.CUSTOM_07_07_BUF
                0x000000000100b910        0x4 output/obj/ir_lib.o
 .rodata.CUSTOM_08_00_BUF
                0x000000000100b914        0x4 output/obj/ir_lib.o
 .rodata.CUSTOM_08_08_BUF
                0x000000000100b918        0x4 output/obj/ir_lib.o
 .rodata.CUSTOM_08_0B_BUF
                0x000000000100b91c        0x4 output/obj/ir_lib.o
 .rodata.CUSTOM_08_13_BUF
                0x000000000100b920        0x4 output/obj/ir_lib.o
 .rodata.CUSTOM_08_F7_BUF
                0x000000000100b924        0x4 output/obj/ir_lib.o
 .rodata.CUSTOM_09_F6_BUF
                0x000000000100b928        0x4 output/obj/ir_lib.o
 .rodata.CUSTOM_0A_35_BUF
                0x000000000100b92c        0x4 output/obj/ir_lib.o
 .rodata.CUSTOM_0A_00_BUF
                0x000000000100b930        0x4 output/obj/ir_lib.o
 .rodata.CUSTOM_0A_0A_BUF
                0x000000000100b934        0x4 output/obj/ir_lib.o
 .rodata.CUSTOM_0B_0B_BUF
                0x000000000100b938        0x4 output/obj/ir_lib.o
 .rodata.CUSTOM_0D_0D_BUF
                0x000000000100b93c        0x4 output/obj/ir_lib.o
 .rodata.CUSTOM_0E_09_BUF
                0x000000000100b940        0x4 output/obj/ir_lib.o
 .rodata.CUSTOM_0E_0E_BUF
                0x000000000100b944        0x4 output/obj/ir_lib.o
 .rodata.CUSTOM_0F_00_BUF
                0x000000000100b948        0x4 output/obj/ir_lib.o
 .rodata.CUSTOM_10_ED_BUF
                0x000000000100b94c        0x4 output/obj/ir_lib.o
 .rodata.CUSTOM_10_EF_BUF
                0x000000000100b950        0x4 output/obj/ir_lib.o
 .rodata.CUSTOM_10_2D_BUF
                0x000000000100b954        0x4 output/obj/ir_lib.o
 .rodata.CUSTOM_12_12_BUF
                0x000000000100b958        0x4 output/obj/ir_lib.o
 .rodata.CUSTOM_12_ED_BUF
                0x000000000100b95c        0x4 output/obj/ir_lib.o
 .rodata.CUSTOM_13_14_BUF
                0x000000000100b960        0x4 output/obj/ir_lib.o
 .rodata.CUSTOM_14_00_BUF
                0x000000000100b964        0x4 output/obj/ir_lib.o
 .rodata.CUSTOM_16_29_BUF
                0x000000000100b968        0x4 output/obj/ir_lib.o
 .rodata.CUSTOM_16_E9_BUF
                0x000000000100b96c        0x4 output/obj/ir_lib.o
 .rodata.CUSTOM_18_18_BUF
                0x000000000100b970        0x4 output/obj/ir_lib.o
 .rodata.CUSTOM_18_E7_BUF
                0x000000000100b974        0x4 output/obj/ir_lib.o
 .rodata.CUSTOM_18_E9_BUF
                0x000000000100b978        0x4 output/obj/ir_lib.o
 .rodata.CUSTOM_1A_00_BUF
                0x000000000100b97c        0x4 output/obj/ir_lib.o
 .rodata.CUSTOM_1B_00_BUF
                0x000000000100b980        0x4 output/obj/ir_lib.o
 .rodata.CUSTOM_1C_E3_BUF
                0x000000000100b984        0x4 output/obj/ir_lib.o
 .rodata.CUSTOM_1E_1E_BUF
                0x000000000100b988        0x4 output/obj/ir_lib.o
 .rodata.CUSTOM_1E_E1_BUF
                0x000000000100b98c        0x4 output/obj/ir_lib.o
 .rodata.CUSTOM_1F_00_BUF
                0x000000000100b990        0x4 output/obj/ir_lib.o
 .rodata.CUSTOM_20_40_BUF
                0x000000000100b994        0x4 output/obj/ir_lib.o
 .rodata.CUSTOM_20_DF_BUF
                0x000000000100b998        0x4 output/obj/ir_lib.o
 .rodata.CUSTOM_20_FD_BUF
                0x000000000100b99c        0x4 output/obj/ir_lib.o
 .rodata.CUSTOM_21_DE_BUF
                0x000000000100b9a0        0x4 output/obj/ir_lib.o
 .rodata.CUSTOM_22_11_BUF
                0x000000000100b9a4        0x4 output/obj/ir_lib.o
 .rodata.CUSTOM_24_DB_BUF
                0x000000000100b9a8        0x4 output/obj/ir_lib.o
 .rodata.CUSTOM_29_D6_BUF
                0x000000000100b9ac        0x4 output/obj/ir_lib.o
 .rodata.CUSTOM_2B_D4_BUF
                0x000000000100b9b0        0x4 output/obj/ir_lib.o
 .rodata.CUSTOM_33_00_BUF
                0x000000000100b9b4        0x4 output/obj/ir_lib.o
 .rodata.CUSTOM_33_CC_BUF
                0x000000000100b9b8        0x4 output/obj/ir_lib.o
 .rodata.CUSTOM_35_50_BUF
                0x000000000100b9bc        0x4 output/obj/ir_lib.o
 .rodata.CUSTOM_38_C7_BUF
                0x000000000100b9c0        0x4 output/obj/ir_lib.o
 .rodata.CUSTOM_3F_C0_BUF
                0x000000000100b9c4        0x4 output/obj/ir_lib.o
 .rodata.CUSTOM_3F_3F_BUF
                0x000000000100b9c8        0x4 output/obj/ir_lib.o
 .rodata.CUSTOM_40_02_BUF
                0x000000000100b9cc        0x4 output/obj/ir_lib.o
 .rodata.CUSTOM_40_20_BUF
                0x000000000100b9d0        0x4 output/obj/ir_lib.o
 .rodata.CUSTOM_40_40_BUF
                0x000000000100b9d4        0x4 output/obj/ir_lib.o
 .rodata.CUSTOM_40_BF_BUF
                0x000000000100b9d8        0x4 output/obj/ir_lib.o
 .rodata.CUSTOM_42_BD_BUF
                0x000000000100b9dc        0x4 output/obj/ir_lib.o
 .rodata.CUSTOM_42_FD_BUF
                0x000000000100b9e0        0x4 output/obj/ir_lib.o
 .rodata.CUSTOM_43_00_BUF
                0x000000000100b9e4        0x4 output/obj/ir_lib.o
 .rodata.CUSTOM_45_16_BUF
                0x000000000100b9e8        0x4 output/obj/ir_lib.o
 .rodata.CUSTOM_23_45_BUF
                0x000000000100b9ec        0x4 output/obj/ir_lib.o
 .rodata.CUSTOM_45_BC_BUF
                0x000000000100b9f0        0x4 output/obj/ir_lib.o
 .rodata.CUSTOM_46_00_BUF
                0x000000000100b9f4        0x4 output/obj/ir_lib.o
 .rodata.CUSTOM_47_00_BUF
                0x000000000100b9f8        0x4 output/obj/ir_lib.o
 .rodata.CUSTOM_4B_B4_BUF
                0x000000000100b9fc        0x4 output/obj/ir_lib.o
 .rodata.CUSTOM_4F_50_BUF
                0x000000000100ba00        0x4 output/obj/ir_lib.o
 .rodata.CUSTOM_50_AD_BUF
                0x000000000100ba04        0x4 output/obj/ir_lib.o
 .rodata.CUSTOM_50_AF_BUF
                0x000000000100ba08        0x4 output/obj/ir_lib.o
 .rodata.CUSTOM_54_00_BUF
                0x000000000100ba0c        0x4 output/obj/ir_lib.o
 .rodata.CUSTOM_58_A7_BUF
                0x000000000100ba10        0x4 output/obj/ir_lib.o
 .rodata.CUSTOM_5A_49_BUF
                0x000000000100ba14        0x4 output/obj/ir_lib.o
 .rodata.CUSTOM_60_9F_BUF
                0x000000000100ba18        0x4 output/obj/ir_lib.o
 .rodata.CUSTOM_60_9D_BUF
                0x000000000100ba1c        0x4 output/obj/ir_lib.o
 .rodata.CUSTOM_61_63_BUF
                0x000000000100ba20        0x4 output/obj/ir_lib.o
 .rodata.CUSTOM_6A_00_BUF
                0x000000000100ba24        0x4 output/obj/ir_lib.o
 .rodata.CUSTOM_69_F1_BUF
                0x000000000100ba28        0x4 output/obj/ir_lib.o
 .rodata.CUSTOM_71_8E_BUF
                0x000000000100ba2c        0x4 output/obj/ir_lib.o
 .rodata.CUSTOM_73_00_BUF
                0x000000000100ba30        0x4 output/obj/ir_lib.o
 .rodata.CUSTOM_76_7B_BUF
                0x000000000100ba34        0x4 output/obj/ir_lib.o
 .rodata.CUSTOM_77_00_BUF
                0x000000000100ba38        0x4 output/obj/ir_lib.o
 .rodata.CUSTOM_77_88_BUF
                0x000000000100ba3c        0x4 output/obj/ir_lib.o
 .rodata.CUSTOM_7D_00_BUF
                0x000000000100ba40        0x4 output/obj/ir_lib.o
 .rodata.CUSTOM_7F_00_BUF
                0x000000000100ba44        0x4 output/obj/ir_lib.o
 .rodata.CUSTOM_80_23_BUF
                0x000000000100ba48        0x4 output/obj/ir_lib.o
 .rodata.CUSTOM_80_80_BUF
                0x000000000100ba4c        0x4 output/obj/ir_lib.o
 .rodata.CUSTOM_80_57_BUF
                0x000000000100ba50        0x4 output/obj/ir_lib.o
 .rodata.CUSTOM_80_63_BUF
                0x000000000100ba54        0x4 output/obj/ir_lib.o
 .rodata.CUSTOM_80_64_BUF
                0x000000000100ba58        0x4 output/obj/ir_lib.o
 .rodata.CUSTOM_80_6F_BUF
                0x000000000100ba5c        0x4 output/obj/ir_lib.o
 .rodata.CUSTOM_80_7F_BUF
                0x000000000100ba60        0x4 output/obj/ir_lib.o
 .rodata.CUSTOM_80_8F_BUF
                0x000000000100ba64        0x4 output/obj/ir_lib.o
 .rodata.CUSTOM_82_F3_BUF
                0x000000000100ba68        0x4 output/obj/ir_lib.o
 .rodata.CUSTOM_83_55_BUF
                0x000000000100ba6c        0x4 output/obj/ir_lib.o
 .rodata.CUSTOM_83_F1_BUF
                0x000000000100ba70        0x4 output/obj/ir_lib.o
 .rodata.CUSTOM_83_F7_BUF
                0x000000000100ba74        0x4 output/obj/ir_lib.o
 .rodata.CUSTOM_84_E0_BUF
                0x000000000100ba78        0x4 output/obj/ir_lib.o
 .rodata.CUSTOM_85_46_BUF
                0x000000000100ba7c        0x4 output/obj/ir_lib.o
 .rodata.CUSTOM_86_02_BUF
                0x000000000100ba80        0x4 output/obj/ir_lib.o
 .rodata.CUSTOM_86_05_BUF
                0x000000000100ba84        0x4 output/obj/ir_lib.o
 .rodata.CUSTOM_86_6B_BUF
                0x000000000100ba88        0x4 output/obj/ir_lib.o
 .rodata.CUSTOM_87_22_BUF
                0x000000000100ba8c        0x4 output/obj/ir_lib.o
 .rodata.CUSTOM_87_4E_BUF
                0x000000000100ba90        0x4 output/obj/ir_lib.o
 .rodata.CUSTOM_88_45_BUF
                0x000000000100ba94        0x4 output/obj/ir_lib.o
 .rodata.CUSTOM_95_6A_BUF
                0x000000000100ba98        0x4 output/obj/ir_lib.o
 .rodata.CUSTOM_96_69_BUF
                0x000000000100ba9c        0x4 output/obj/ir_lib.o
 .rodata.CUSTOM_97_00_BUF
                0x000000000100baa0        0x4 output/obj/ir_lib.o
 .rodata.CUSTOM_A0_5F_BUF
                0x000000000100baa4        0x4 output/obj/ir_lib.o
 .rodata.CUSTOM_A0_87_BUF
                0x000000000100baa8        0x4 output/obj/ir_lib.o
 .rodata.CUSTOM_A4_00_BUF
                0x000000000100baac        0x4 output/obj/ir_lib.o
 .rodata.CUSTOM_AA_03_BUF
                0x000000000100bab0        0x4 output/obj/ir_lib.o
 .rodata.CUSTOM_AA_55_BUF
                0x000000000100bab4        0x4 output/obj/ir_lib.o
 .rodata.CUSTOM_C4_00_BUF
                0x000000000100bab8        0x4 output/obj/ir_lib.o
 .rodata.CUSTOM_E5_70_BUF
                0x000000000100babc        0x4 output/obj/ir_lib.o
 .rodata.CUSTOM_E6_00_BUF
                0x000000000100bac0        0x4 output/obj/ir_lib.o
 .rodata.CUSTOM_E7_0A_BUF
                0x000000000100bac4        0x4 output/obj/ir_lib.o
 .rodata.CUSTOM_EA_C7_BUF
                0x000000000100bac8        0x4 output/obj/ir_lib.o
 .rodata.CUSTOM_EA_C8_BUF
                0x000000000100bacc        0x4 output/obj/ir_lib.o
 .rodata.CUSTOM_EE_00_BUF
                0x000000000100bad0        0x4 output/obj/ir_lib.o
 .rodata.CUSTOM_DC_00_BUF
                0x000000000100bad4        0x4 output/obj/ir_lib.o
 .rodata.CUSTOM_DE_D6_BUF
                0x000000000100bad8        0x4 output/obj/ir_lib.o
 .rodata.CUSTOM_F4_00_BUF
                0x000000000100badc        0x4 output/obj/ir_lib.o
 .rodata.CUSTOM_FE_01_BUF
                0x000000000100bae0        0x4 output/obj/ir_lib.o
 .rodata.CUSTOM_0000_B000_BUF
                0x000000000100bae4        0x4 output/obj/ir_lib.o
 .rodata.CUSTOM_0000_FFFF_BUF
                0x000000000100bae8        0x4 output/obj/ir_lib.o
 .rodata.CUSTOM_055A_0000_BUF
                0x000000000100baec        0x4 output/obj/ir_lib.o
 .rodata.CUSTOM_0057_0000_BUF
                0x000000000100baf0        0x4 output/obj/ir_lib.o
 .rodata.CUSTOM_007B_1F84_BUF
                0x000000000100baf4        0x4 output/obj/ir_lib.o
 .rodata.CUSTOM_081F_0000_BUF
                0x000000000100baf8        0x4 output/obj/ir_lib.o
 .rodata.CUSTOM_0119_1EE6_BUF
                0x000000000100bafc        0x4 output/obj/ir_lib.o
 .rodata.CUSTOM_011A_FEE5_BUF
                0x000000000100bb00        0x4 output/obj/ir_lib.o
 .rodata.CUSTOM_011C_1EE3_BUF
                0x000000000100bb04        0x4 output/obj/ir_lib.o
 .rodata.CUSTOM_013C_1EC3_BUF
                0x000000000100bb08        0x4 output/obj/ir_lib.o
 .rodata.CUSTOM_0114_FEEB_BUF
                0x000000000100bb0c        0x4 output/obj/ir_lib.o
 .rodata.CUSTOM_0200_0000_BUF
                0x000000000100bb10        0x4 output/obj/ir_lib.o
 .rodata.CUSTOM_1463_0084_BUF
                0x000000000100bb14        0x4 output/obj/ir_lib.o
 .rodata.CUSTOM_2002_4880_BUF
                0x000000000100bb18        0x4 output/obj/ir_lib.o
 .rodata.CUSTOM_29C0_2600_BUF
                0x000000000100bb1c        0x4 output/obj/ir_lib.o
 .rodata.CUSTOM_5AAA_162F_BUF
                0x000000000100bb20        0x4 output/obj/ir_lib.o
 .rodata.CUSTOM_8000_FFFF_BUF
                0x000000000100bb24        0x4 output/obj/ir_lib.o
 .rodata.CUSTOM_87E1_F000_BUF
                0x000000000100bb28        0x4 output/obj/ir_lib.o
 .rodata.CUSTOM_2002_0090_BUF
                0x000000000100bb2c        0x4 output/obj/ir_lib.o
 .rodata.CUSTOM_434F_004E_BUF
                0x000000000100bb30        0x4 output/obj/ir_lib.o
 .rodata.CUSTOM_BFFF_FFFF_BUF
                0x000000000100bb34        0x4 output/obj/ir_lib.o
 .rodata.CUSTOM_FFFD_0000_BUF
                0x000000000100bb38        0x4 output/obj/ir_lib.o
 .rodata.CUSTOM_FFFE_00A4_BUF
                0x000000000100bb3c        0x4 output/obj/ir_lib.o
 .rodata.CUSTOM_FFFE_00A5_BUF
                0x000000000100bb40        0x4 output/obj/ir_lib.o
 .rodata.CUSTOM_FFFE_006A_BUF
                0x000000000100bb44        0x4 output/obj/ir_lib.o
 .rodata.CUSTOM_FFFD_0001_BUF
                0x000000000100bb48        0x4 output/obj/ir_lib.o
 .rodata.CUSTOM_FFFD_FFFF_BUF
                0x000000000100bb4c        0x4 output/obj/ir_lib.o
 .rodata.CUSTOM_FFFF_FFFF_BUF
                0x000000000100bb50        0x4 output/obj/ir_lib.o
 .rodata.HIGH_CUSTOM_2002_0080_BUF
                0x000000000100bb54        0x4 output/obj/ir_lib.o
 .rodata.CUSTOM_2002_0280_BUF
                0x000000000100bb58        0x4 output/obj/ir_lib.o
 .rodata.CUSTOM_2002_0480_BUF
                0x000000000100bb5c        0x4 output/obj/ir_lib.o
 .rodata.HIGH_CUSTOM_0000_1800_BUF
                0x000000000100bb60        0x4 output/obj/ir_lib.o
 .rodata.HIGH_CUSTOM_3000_0000_BUF
                0x000000000100bb64        0x4 output/obj/ir_lib.o
 .rodata.HIGH_CUSTOM_4000_0000_BUF
                0x000000000100bb68        0x4 output/obj/ir_lib.o
 .rodata.HIGH_CUSTOM_8000_0000_BUF
                0x000000000100bb6c        0x4 output/obj/ir_lib.o
 .rodata.HIGH_CUSTOM_8000_2800_BUF
                0x000000000100bb70        0x4 output/obj/ir_lib.o
 .rodata.HIGH_CUSTOM_8100_7E00_BUF
                0x000000000100bb74        0x4 output/obj/ir_lib.o
 .rodata.HIGH_CUSTOM_A000_0000_BUF
                0x000000000100bb78        0x4 output/obj/ir_lib.o
 .rodata.HIGH_CUSTOM_B000_6000_BUF
                0x000000000100bb7c        0x4 output/obj/ir_lib.o
 .rodata.HIGH_CUSTOM_B000_A000_BUF
                0x000000000100bb80        0x4 output/obj/ir_lib.o
 .rodata.HIGH_CUSTOM_B000_F000_BUF
                0x000000000100bb84        0x4 output/obj/ir_lib.o
 .rodata.HIGH_CUSTOM_C000_0000_BUF
                0x000000000100bb88        0x4 output/obj/ir_lib.o
 .rodata.HIGH_CUSTOM_C000_0800_BUF
                0x000000000100bb8c        0x4 output/obj/ir_lib.o
 .rodata.HIGH_CUSTOM_C000_6000_BUF
                0x000000000100bb90        0x4 output/obj/ir_lib.o
 .rodata.HIGH_CUSTOM_FFFD_6000_BUF
                0x000000000100bb94        0x4 output/obj/ir_lib.o
 .rodata.HIGH_CUSTOM_FFFD_E000_BUF
                0x000000000100bb98        0x4 output/obj/ir_lib.o
 .rodata.HIGH_CUSTOM_FFFD_8800_BUF
                0x000000000100bb9c        0x4 output/obj/ir_lib.o
 .rodata.CUSTOM_6BIT_02_BUF
                0x000000000100bba0       0x1e output/obj/ir_lib.o
 *fill*         0x000000000100bbbe        0x2 
 .rodata.CUSTOM_C1D6_03_BUF
                0x000000000100bbc0       0x1e output/obj/ir_lib.o
 *fill*         0x000000000100bbde        0x2 
 .rodata.DVB_PAN_7051_SAMSUN_05_BUF
                0x000000000100bbe0       0x1e output/obj/ir_lib.o
 *fill*         0x000000000100bbfe        0x2 
 .rodata.FB739A_06_BUF
                0x000000000100bc00       0x1e output/obj/ir_lib.o
 *fill*         0x000000000100bc1e        0x2 
 .rodata.GEMINI_C16_38_08_BUF
                0x000000000100bc20       0x1e output/obj/ir_lib.o
 *fill*         0x000000000100bc3e        0x2 
 .rodata.GEMINI_C10_32_08_BUF
                0x000000000100bc40       0x1e output/obj/ir_lib.o
 *fill*         0x000000000100bc5e        0x2 
 .rodata.GEMINI_C10_38_09_BUF
                0x000000000100bc60       0x1e output/obj/ir_lib.o
 *fill*         0x000000000100bc7e        0x2 
 .rodata.GEMINI_C10_32_10_BUF
                0x000000000100bc80       0x1e output/obj/ir_lib.o
 *fill*         0x000000000100bc9e        0x2 
 .rodata.IRT1250C5D6_12_BUF
                0x000000000100bca0       0x1e output/obj/ir_lib.o
 *fill*         0x000000000100bcbe        0x2 
 .rodata.IRT1250C5D7_13_BUF
                0x000000000100bcc0       0x1e output/obj/ir_lib.o
 *fill*         0x000000000100bcde        0x2 
 .rodata.KK_Y261_14_BUF
                0x000000000100bce0       0x1e output/obj/ir_lib.o
 *fill*         0x000000000100bcfe        0x2 
 .rodata.LBNSAMSUNG_15_BUF
                0x000000000100bd00       0x1e output/obj/ir_lib.o
 *fill*         0x000000000100bd1e        0x2 
 .rodata.LC7461M_C13S_16_BUF
                0x000000000100bd20       0x1e output/obj/ir_lib.o
 *fill*         0x000000000100bd3e        0x2 
 .rodata.LC7461M_C13S_17_BUF
                0x000000000100bd40       0x1e output/obj/ir_lib.o
 *fill*         0x000000000100bd5e        0x2 
 .rodata.LC7464M_PANASONIC_18_BUF
                0x000000000100bd60       0x1e output/obj/ir_lib.o
 *fill*         0x000000000100bd7e        0x2 
 .rodata.LG3004_33K_19_TOGGLE_ONE_BUF
                0x000000000100bd80       0x1e output/obj/ir_lib.o
 *fill*         0x000000000100bd9e        0x2 
 .rodata.LG3004_33K_19_TOGGLE_TWO_BUF
                0x000000000100bda0       0x1e output/obj/ir_lib.o
 *fill*         0x000000000100bdbe        0x2 
 .rodata.LG3004_33K_19_TOGGLE_TWO_Freq_0_BUF
                0x000000000100bdc0       0x1e output/obj/ir_lib.o
 *fill*         0x000000000100bdde        0x2 
 .rodata.LG3004_33K_19_TOGGLE_ZERO_BUF
                0x000000000100bde0       0x1e output/obj/ir_lib.o
 *fill*         0x000000000100bdfe        0x2 
 .rodata.M3004_38K_20_BUF
                0x000000000100be00       0x1e output/obj/ir_lib.o
 *fill*         0x000000000100be1e        0x2 
 .rodata.M3004_38K_20_toggle_zero_BUF
                0x000000000100be20       0x1e output/obj/ir_lib.o
 *fill*         0x000000000100be3e        0x2 
 .rodata.M3004_38K_21_400_BUF
                0x000000000100be40       0x1e output/obj/ir_lib.o
 *fill*         0x000000000100be5e        0x2 
 .rodata.M50119P_23_BUF
                0x000000000100be60       0x1e output/obj/ir_lib.o
 *fill*         0x000000000100be7e        0x2 
 .rodata.M50462_24_BUF
                0x000000000100be80       0x1e output/obj/ir_lib.o
 *fill*         0x000000000100be9e        0x2 
 .rodata.M50560_25_BUF
                0x000000000100bea0       0x1e output/obj/ir_lib.o
 *fill*         0x000000000100bebe        0x2 
 .rodata.MITC8D8_28_BUF
                0x000000000100bec0       0x1e output/obj/ir_lib.o
 *fill*         0x000000000100bede        0x2 
 .rodata.MN6014C6D6_29_BUF
                0x000000000100bee0       0x1e output/obj/ir_lib.o
 *fill*         0x000000000100befe        0x2 
 .rodata.MN6014C5D638_30_BUF
                0x000000000100bf00       0x1e output/obj/ir_lib.o
 *fill*         0x000000000100bf1e        0x2 
 .rodata.MN6014C5D656_31_BUF
                0x000000000100bf20       0x1e output/obj/ir_lib.o
 *fill*         0x000000000100bf3e        0x2 
 .rodata.N3201_32_BUF
                0x000000000100bf40       0x1e output/obj/ir_lib.o
 *fill*         0x000000000100bf5e        0x2 
 .rodata.PANPROJECTOR_37_BUF
                0x000000000100bf60       0x1e output/obj/ir_lib.o
 *fill*         0x000000000100bf7e        0x2 
 .rodata.PHILIPS_20_38_BUF
                0x000000000100bf80       0x1e output/obj/ir_lib.o
 *fill*         0x000000000100bf9e        0x2 
 .rodata.PHILIPS_RC_MM_39_BUF
                0x000000000100bfa0       0x1e output/obj/ir_lib.o
 *fill*         0x000000000100bfbe        0x2 
 .rodata.PILOT370_40_BUF
                0x000000000100bfc0       0x1e output/obj/ir_lib.o
 *fill*         0x000000000100bfde        0x2 
 .rodata.PIONEER_41_BUF
                0x000000000100bfe0       0x1e output/obj/ir_lib.o
 *fill*         0x000000000100bffe        0x2 
 .rodata.RCA_56_42_BUF
                0x000000000100c000       0x1e output/obj/ir_lib.o
 *fill*         0x000000000100c01e        0x2 
 .rodata.RCA_38_43_BUF
                0x000000000100c020       0x1e output/obj/ir_lib.o
 *fill*         0x000000000100c03e        0x2 
 .rodata.RCA_56_44_BUF
                0x000000000100c040       0x1e output/obj/ir_lib.o
 *fill*         0x000000000100c05e        0x2 
 .rodata.SAA3010_38_45_BUF
                0x000000000100c060       0x1e output/obj/ir_lib.o
 *fill*         0x000000000100c07e        0x2 
 .rodata.SAA3010_36_46_BUF
                0x000000000100c080       0x1e output/obj/ir_lib.o
 *fill*         0x000000000100c09e        0x2 
 .rodata.SAMSUNG_38_49_BUF
                0x000000000100c0a0       0x1e output/obj/ir_lib.o
 *fill*         0x000000000100c0be        0x2 
 .rodata.LX0773CE_50_BUF
                0x000000000100c0c0       0x1e output/obj/ir_lib.o
 *fill*         0x000000000100c0de        0x2 
 .rodata.SINGH2150_51_BUF
                0x000000000100c0e0       0x1e output/obj/ir_lib.o
 *fill*         0x000000000100c0fe        0x2 
 .rodata.TC901_54_BUF
                0x000000000100c100       0x1e output/obj/ir_lib.o
 *fill*         0x000000000100c11e        0x2 
 .rodata.TC901_55_BUF
                0x000000000100c120       0x1e output/obj/ir_lib.o
 *fill*         0x000000000100c13e        0x2 
 .rodata.RCT311_56_BUF
                0x000000000100c140       0x1e output/obj/ir_lib.o
 *fill*         0x000000000100c15e        0x2 
 .rodata.UPD6121G2_64_BUF
                0x000000000100c160       0x1e output/obj/ir_lib.o
 *fill*         0x000000000100c17e        0x2 
 .rodata.UPD6121G2_40K_65_BUF
                0x000000000100c180       0x1e output/obj/ir_lib.o
 *fill*         0x000000000100c19e        0x2 
 .rodata.UPD6121G_LIAN_66_BUF
                0x000000000100c1a0       0x1e output/obj/ir_lib.o
 *fill*         0x000000000100c1be        0x2 
 .rodata.UPD6121G_001_67_BUF
                0x000000000100c1c0       0x1e output/obj/ir_lib.o
 *fill*         0x000000000100c1de        0x2 
 .rodata.UPD6121G2_D8_68_BUF
                0x000000000100c1e0       0x1e output/obj/ir_lib.o
 *fill*         0x000000000100c1fe        0x2 
 .rodata.UPD6124_D7C5_69_BUF
                0x000000000100c200       0x1e output/obj/ir_lib.o
 *fill*         0x000000000100c21e        0x2 
 .rodata.UPD6124_D7C8_70_BUF
                0x000000000100c220       0x1e output/obj/ir_lib.o
 *fill*         0x000000000100c23e        0x2 
 .rodata.UPD6124_D7C13_71_BUF
                0x000000000100c240       0x1e output/obj/ir_lib.o
 *fill*         0x000000000100c25e        0x2 
 .rodata.VICTOR_C8D8_72_BUF
                0x000000000100c260       0x1e output/obj/ir_lib.o
 *fill*         0x000000000100c27e        0x2 
 .rodata.XY_2106_75_BUF
                0x000000000100c280       0x1e output/obj/ir_lib.o
 *fill*         0x000000000100c29e        0x2 
 .rodata.ZENITH_S10_77_BUF
                0x000000000100c2a0       0x1e output/obj/ir_lib.o
 *fill*         0x000000000100c2be        0x2 
 .rodata.ZENITH_S10_77_Zero_BUF
                0x000000000100c2c0       0x1e output/obj/ir_lib.o
 *fill*         0x000000000100c2de        0x2 
 .rodata.ZENITH_D5_78_BUF
                0x000000000100c2e0       0x1e output/obj/ir_lib.o
 *fill*         0x000000000100c2fe        0x2 
 .rodata.ZENITH_D7_79_BUF
                0x000000000100c300       0x1e output/obj/ir_lib.o
 *fill*         0x000000000100c31e        0x2 
 .rodata.ZENITHSIM_C2D8_82_BUF
                0x000000000100c320       0x1e output/obj/ir_lib.o
 *fill*         0x000000000100c33e        0x2 
 .rodata.Unknow_C8D5_83_BUF
                0x000000000100c340       0x1e output/obj/ir_lib.o
 *fill*         0x000000000100c35e        0x2 
 .rodata.UPD6121G_001_APPLE_90_BUF
                0x000000000100c360       0x1e output/obj/ir_lib.o
 *fill*         0x000000000100c37e        0x2 
 .rodata.Pioneer_91_BUF
                0x000000000100c380       0x1e output/obj/ir_lib.o
 *fill*         0x000000000100c39e        0x2 
 .rodata.STM708LB1_92_BUF
                0x000000000100c3a0       0x1e output/obj/ir_lib.o
 *fill*         0x000000000100c3be        0x2 
 .rodata.JX_9070_93_BUF
                0x000000000100c3c0       0x1e output/obj/ir_lib.o
 *fill*         0x000000000100c3de        0x2 
 .rodata.GD_2000_94_BUF
                0x000000000100c3e0       0x1e output/obj/ir_lib.o
 *fill*         0x000000000100c3fe        0x2 
 .rodata.XY_JAECS_95_BUF
                0x000000000100c400       0x1e output/obj/ir_lib.o
 *fill*         0x000000000100c41e        0x2 
 .rodata.DVB_40BIT_100_BUF
                0x000000000100c420       0x1e output/obj/ir_lib.o
 *fill*         0x000000000100c43e        0x2 
 .rodata.CSWTCH.0
                0x000000000100c440       0x1c output/obj/ir_lib.o
 .rodata.CSWTCH.1
                0x000000000100c45c      0x344 output/obj/ir_lib.o
 .rodata.CSWTCH.2
                0x000000000100c7a0      0x114 output/obj/ir_lib.o
 .rodata.audio_end
                0x000000000100c8b4        0x1 output/obj/audio.o
 *fill*         0x000000000100c8b5        0x3 
 .rodata.search_buf
                0x000000000100c8b8       0x14 output/obj/audio.o
 .rodata.audio_start
                0x000000000100c8cc       0x14 output/obj/audio.o
 .rodata.get_caps_respone_buf
                0x000000000100c8e0       0x14 output/obj/audio.o
 .rodata.timeout_timer_cb.str1.4
                0x000000000100c8f4        0xb output/obj/audio.o
 *fill*         0x000000000100c8ff        0x1 
 .rodata.voice_timer_init.str1.4
                0x000000000100c900       0x44 output/obj/audio.o
 .rodata.mic_close.str1.4
                0x000000000100c944       0x21 output/obj/audio.o
 *fill*         0x000000000100c965        0x3 
 .rodata.mic_open.str1.4
                0x000000000100c968        0xc output/obj/audio.o
 .rodata.cmd_test
                0x000000000100c974       0x13 output/obj/factory_test_off_line.o
                0x000000000100c974                cmd_test
 *fill*         0x000000000100c987        0x1 
 .rodata.cmd_mic_close
                0x000000000100c988        0xa output/obj/factory_test_off_line.o
                0x000000000100c988                cmd_mic_close
 *fill*         0x000000000100c992        0x2 
 .rodata.factory_WriteDataParse.str1.4
                0x000000000100c994        0x9 output/obj/factory_test_off_line.o
 *fill*         0x000000000100c99d        0x3 
 .rodata.factory_KeyProcess.str1.4
                0x000000000100c9a0       0x1b output/obj/factory_test_off_line.o
 *fill*         0x000000000100c9bb        0x1 
 .rodata.StepSizeTable
                0x000000000100c9bc       0xb2 output/obj/adpcm.o
 *fill*         0x000000000100ca6e        0x2 
 .rodata.IndexTable
                0x000000000100ca70       0x10 output/obj/adpcm.o
 .rodata.ir_data
                0x000000000100ca80       0x17 output/obj/remote_control.o
 *fill*         0x000000000100ca97        0x1 
 .rodata.KeyBuf
                0x000000000100ca98       0x8a output/obj/remote_control.o
 *fill*         0x000000000100cb22        0x2 
 .rodata.product_key_s
                0x000000000100cb24        0x3 output/obj/remote_control.o